ARM Linker, 5.03 [Build 76] [MDK-ARM Professional]

==============================================================================

Section Cross References

    main.o(i.Dhcp_Task) refers to dhcp.o(i.do_dhcp) for do_dhcp
    main.o(i.GPIO_Configuration) refers to stm32f10x_gpio.o(i.GPIO_Init) for GPIO_Init
    main.o(i.GPIO_Configuration) refers to stm32f10x_gpio.o(i.GPIO_SetBits) for GPIO_SetBits
    main.o(i.Get_ChipInfo) refers to printfa.o(i.__0printf) for __2printf
    main.o(i.NVIC_Configuration) refers to misc.o(i.NVIC_PriorityGroupConfig) for NVIC_PriorityGroupConfig
    main.o(i.NVIC_Configuration) refers to misc.o(i.NVIC_Init) for NVIC_Init
    main.o(i.NVIC_Configuration) refers to misc.o(i.NVIC_SetVectorTable) for NVIC_SetVectorTable
    main.o(i.RCC_Configuration) refers to stm32f10x_rcc.o(i.RCC_DeInit) for RCC_DeInit
    main.o(i.RCC_Configuration) refers to stm32f10x_rcc.o(i.RCC_HSEConfig) for RCC_HSEConfig
    main.o(i.RCC_Configuration) refers to stm32f10x_rcc.o(i.RCC_WaitForHSEStartUp) for RCC_WaitForHSEStartUp
    main.o(i.RCC_Configuration) refers to stm32f10x_flash.o(i.FLASH_PrefetchBufferCmd) for FLASH_PrefetchBufferCmd
    main.o(i.RCC_Configuration) refers to stm32f10x_flash.o(i.FLASH_SetLatency) for FLASH_SetLatency
    main.o(i.RCC_Configuration) refers to stm32f10x_rcc.o(i.RCC_HCLKConfig) for RCC_HCLKConfig
    main.o(i.RCC_Configuration) refers to stm32f10x_rcc.o(i.RCC_PCLK2Config) for RCC_PCLK2Config
    main.o(i.RCC_Configuration) refers to stm32f10x_rcc.o(i.RCC_PCLK1Config) for RCC_PCLK1Config
    main.o(i.RCC_Configuration) refers to stm32f10x_rcc.o(i.RCC_PLLConfig) for RCC_PLLConfig
    main.o(i.RCC_Configuration) refers to stm32f10x_rcc.o(i.RCC_PLLCmd) for RCC_PLLCmd
    main.o(i.RCC_Configuration) refers to stm32f10x_rcc.o(i.RCC_GetFlagStatus) for RCC_GetFlagStatus
    main.o(i.RCC_Configuration) refers to stm32f10x_rcc.o(i.RCC_SYSCLKConfig) for RCC_SYSCLKConfig
    main.o(i.RCC_Configuration) refers to stm32f10x_rcc.o(i.RCC_GetSYSCLKSource) for RCC_GetSYSCLKSource
    main.o(i.RCC_Configuration) refers to stm32f10x_rcc.o(i.RCC_APB1PeriphClockCmd) for RCC_APB1PeriphClockCmd
    main.o(i.RCC_Configuration) refers to stm32f10x_rcc.o(i.RCC_APB2PeriphClockCmd) for RCC_APB2PeriphClockCmd
    main.o(i.Timer2_ISR) refers to dhcp.o(i.Dhcp_Tick) for Dhcp_Tick
    main.o(i.Timer2_ISR) refers to main.o(.data) for my_time
    main.o(i.Timer_Configuration) refers to stm32f10x_tim.o(i.TIM_TimeBaseInit) for TIM_TimeBaseInit
    main.o(i.Timer_Configuration) refers to stm32f10x_tim.o(i.TIM_PrescalerConfig) for TIM_PrescalerConfig
    main.o(i.Timer_Configuration) refers to stm32f10x_tim.o(i.TIM_Cmd) for TIM_Cmd
    main.o(i.Timer_Configuration) refers to stm32f10x_tim.o(i.TIM_ITConfig) for TIM_ITConfig
    main.o(i.WIZ_Config) refers to util.o(i.Set_network) for Set_network
    main.o(i.main) refers to systick.o(i.delay_init) for delay_init
    main.o(i.main) refers to main.o(i.RCC_Configuration) for RCC_Configuration
    main.o(i.main) refers to main.o(i.NVIC_Configuration) for NVIC_Configuration
    main.o(i.main) refers to main.o(i.GPIO_Configuration) for GPIO_Configuration
    main.o(i.main) refers to util.o(i.USART3_Init) for USART3_Init
    main.o(i.main) refers to main.o(i.Timer_Configuration) for Timer_Configuration
    main.o(i.main) refers to led.o(i.LED_GPIO_Configuration) for LED_GPIO_Configuration
    main.o(i.main) refers to stm32f10x_gpio.o(i.GPIO_ResetBits) for GPIO_ResetBits
    main.o(i.main) refers to util.o(i.Reset_W5500) for Reset_W5500
    main.o(i.main) refers to spi2.o(i.WIZ_SPI_Init) for WIZ_SPI_Init
    main.o(i.main) refers to zc_adapter.o(i.ZC_Init) for ZC_Init
    main.o(i.main) refers to zc_adapter.o(i.HF_ReadDataFormFlash) for HF_ReadDataFormFlash
    main.o(i.main) refers to main.o(i.WIZ_Config) for WIZ_Config
    main.o(i.main) refers to main.o(i.Get_ChipInfo) for Get_ChipInfo
    main.o(i.main) refers to printfa.o(i.__0printf) for __2printf
    main.o(i.main) refers to main.o(i.Dhcp_Task) for Dhcp_Task
    main.o(i.main) refers to zc_adapter.o(i.HF_WakeUp) for HF_WakeUp
    main.o(i.main) refers to zc_adapter.o(i.HF_Cloudfunc) for HF_Cloudfunc
    main.o(i.main) refers to main.o(.data) for my_time
    stm32f10x_it.o(i.TIM2_IRQHandler) refers to stm32f10x_tim.o(i.TIM_GetITStatus) for TIM_GetITStatus
    stm32f10x_it.o(i.TIM2_IRQHandler) refers to stm32f10x_tim.o(i.TIM_ClearITPendingBit) for TIM_ClearITPendingBit
    stm32f10x_it.o(i.TIM2_IRQHandler) refers to main.o(i.Timer2_ISR) for Timer2_ISR
    led.o(i.LED_GPIO_Configuration) refers to stm32f10x_rcc.o(i.RCC_APB2PeriphClockCmd) for RCC_APB2PeriphClockCmd
    led.o(i.LED_GPIO_Configuration) refers to stm32f10x_gpio.o(i.GPIO_Init) for GPIO_Init
    led.o(i.LED_Test) refers to stm32f10x_gpio.o(i.GPIO_ResetBits) for GPIO_ResetBits
    led.o(i.LED_Test) refers to led.o(i.Delay) for Delay
[...]
    DMA1_Channel1_IRQHandler                 0x0800015f   Thumb Code     0  startup_stm32f10x_hd.o(.text)
    DMA1_Channel2_IRQHandler                 0x0800015f   Thumb Code     0  startup_stm32f10x_hd.o(.text)
    DMA1_Channel3_IRQHandler                 0x0800015f   Thumb Code     0  startup_stm32f10x_hd.o(.text)
    DMA1_Channel4_IRQHandler                 0x0800015f   Thumb Code     0  startup_stm32f10x_hd.o(.text)
    DMA1_Channel5_IRQHandler                 0x0800015f   Thumb Code     0  startup_stm32f10x_hd.o(.text)
    DMA1_Channel6_IRQHandler                 0x0800015f   Thumb Code     0  startup_stm32f10x_hd.o(.text)
    DMA1_Channel7_IRQHandler                 0x0800015f   Thumb Code     0  startup_stm32f10x_hd.o(.text)
    DMA2_Channel1_IRQHandler                 0x0800015f   Thumb Code     0  startup_stm32f10x_hd.o(.text)
    DMA2_Channel2_IRQHandler                 0x0800015f   Thumb Code     0  startup_stm32f10x_hd.o(.text)
    DMA2_Channel3_IRQHandler                 0x0800015f   Thumb Code     0  startup_stm32f10x_hd.o(.text)
    DMA2_Channel4_5_IRQHandler               0x0800015f   Thumb Code     0  startup_stm32f10x_hd.o(.text)
    EXTI0_IRQHandler                         0x0800015f   Thumb Code     0  startup_stm32f10x_hd.o(.text)
    EXTI15_10_IRQHandler                     0x0800015f   Thumb Code     0  startup_stm32f10x_hd.o(.text)
    EXTI1_IRQHandler                         0x0800015f   Thumb Code     0  startup_stm32f10x_hd.o(.text)
    EXTI2_IRQHandler                         0x0800015f   Thumb Code     0  startup_stm32f10x_hd.o(.text)
    EXTI3_IRQHandler                         0x0800015f   Thumb Code     0  startup_stm32f10x_hd.o(.text)
    EXTI4_IRQHandler                         0x0800015f   Thumb Code     0  startup_stm32f10x_hd.o(.text)
    EXTI9_5_IRQHandler                       0x0800015f   Thumb Code     0  startup_stm32f10x_hd.o(.text)
    FLASH_IRQHandler                         0x0800015f   Thumb Code     0  startup_stm32f10x_hd.o(.text)
    FSMC_IRQHandler                          0x0800015f   Thumb Code     0  startup_stm32f10x_hd.o(.text)
    I2C1_ER_IRQHandler                       0x0800015f   Thumb Code     0  startup_stm32f10x_hd.o(.text)
    I2C1_EV_IRQHandler                       0x0800015f   Thumb Code     0  startup_stm32f10x_hd.o(.text)
    I2C2_ER_IRQHandler                       0x0800015f   Thumb Code     0  startup_stm32f10x_hd.o(.text)
    I2C2_EV_IRQHandler                       0x0800015f   Thumb Code     0  startup_stm32f10x_hd.o(.text)
    PVD_IRQHandler                           0x0800015f   Thumb Code     0  startup_stm32f10x_hd.o(.text)
    RCC_IRQHandler                           0x0800015f   Thumb Code     0  startup_stm32f10x_hd.o(.text)
    RTCAlarm_IRQHandler                      0x0800015f   Thumb Code     0  startup_stm32f10x_hd.o(.text)
    RTC_IRQHandler                           0x0800015f   Thumb Code     0  startup_stm32f10x_hd.o(.text)
    SDIO_IRQHandler                          0x0800015f   Thumb Code     0  startup_stm32f10x_hd.o(.text)
    SPI1_IRQHandler                          0x0800015f   Thumb Code     0  startup_stm32f10x_hd.o(.text)
    SPI2_IRQHandler                          0x0800015f   Thumb Code     0  startup_stm32f10x_hd.o(.text)
    SPI3_IRQHandler                          0x0800015f   Thumb Code     0  startup_stm32f10x_hd.o(.text)
    TAMPER_IRQHandler                        0x0800015f   Thumb Code     0  startup_stm32f10x_hd.o(.text)
    TIM1_BRK_IRQHandler                      0x0800015f   Thumb Code     0  startup_stm32f10x_hd.o(.text)
    TIM1_CC_IRQHandler                       0x0800015f   Thumb Code     0  startup_stm32f10x_hd.o(.text)
    TIM1_TRG_COM_IRQHandler                  0x0800015f   Thumb Code     0  startup_stm32f10x_hd.o(.text)
    TIM1_UP_IRQHandler                       0x0800015f   Thumb Code     0  startup_stm32f10x_hd.o(.text)
    TIM4_IRQHandler                          0x0800015f   Thumb Code     0  startup_stm32f10x_hd.o(.text)
    TIM5_IRQHandler                          0x0800015f   Thumb Code     0  startup_stm32f10x_hd.o(.text)
    TIM6_IRQHandler                          0x0800015f   Thumb Code     0  startup_stm32f10x_hd.o(.text)
    TIM7_IRQHandler                          0x0800015f   Thumb Code     0  startup_stm32f10x_hd.o(.text)
    TIM8_BRK_IRQHandler                      0x0800015f   Thumb Code     0  startup_stm32f10x_hd.o(.text)
    TIM8_CC_IRQHandler                       0x0800015f   Thumb Code     0  startup_stm32f10x_hd.o(.text)
    TIM8_TRG_COM_IRQHandler                  0x0800015f   Thumb Code     0  startup_stm32f10x_hd.o(.text)
    TIM8_UP_IRQHandler                       0x0800015f   Thumb Code     0  startup_stm32f10x_hd.o(.text)
    UART4_IRQHandler                         0x0800015f   Thumb Code     0  startup_stm32f10x_hd.o(.text)
    UART5_IRQHandler                         0x0800015f   Thumb Code     0  startup_stm32f10x_hd.o(.text)
    USBWakeUp_IRQHandler                     0x0800015f   Thumb Code     0  startup_stm32f10x_hd.o(.text)
    USB_HP_CAN1_TX_IRQHandler                0x0800015f   Thumb Code     0  startup_stm32f10x_hd.o(.text)
    USB_LP_CAN1_RX0_IRQHandler               0x0800015f   Thumb Code     0  startup_stm32f10x_hd.o(.text)
    WWDG_IRQHandler                          0x0800015f   Thumb Code     0  startup_stm32f10x_hd.o(.text)
    rand                                     0x08000169   Thumb Code    20  rand.o(.text)
    srand                                    0x0800017d   Thumb Code     6  rand.o(.text)
    __aeabi_memcpy                           0x0800018d   Thumb Code    36  memcpya.o(.text)
    __aeabi_memcpy4                          0x0800018d   Thumb Code     0  memcpya.o(.text)
    __aeabi_memcpy8                          0x0800018d   Thumb Code     0  memcpya.o(.text)
    __aeabi_memset                           0x080001b1   Thumb Code    14  memseta.o(.text)
    __aeabi_memset4                          0x080001b1   Thumb Code     0  memseta.o(.text)
    __aeabi_memset8                          0x080001b1   Thumb Code     0  memseta.o(.text)
    __aeabi_memclr                           0x080001bf   Thumb Code     4  memseta.o(.text)
    __aeabi_memclr4                          0x080001bf   Thumb Code     0  memseta.o(.text)
    __aeabi_memclr8                          0x080001bf   Thumb Code     0  memseta.o(.text)
    _memset$wrapper                          0x080001c3   Thumb Code    18  memseta.o(.text)
    strlen                                   0x080001d5   Thumb Code    14  strlen.o(.text)
    memcmp                                   0x080001e3   Thumb Code    26  memcmp.o(.text)
    strcpy                                   0x080001fd   Thumb Code    18  strcpy.o(.text)
    __aeabi_uidiv                            0x0800020f   Thumb Code     0  uidiv.o(.text)
    __aeabi_uidivmod                         0x0800020f   Thumb Code    44  uidiv.o(.text)
    __aeabi_uldivmod                         0x0800023b   Thumb Code    98  uldiv.o(.text)
    __I$use$fp                               0x0800029d   Thumb Code     0  iusefp.o(.text)
    __aeabi_dadd                             0x0800029d   Thumb Code   322  dadd.o(.text)
    __aeabi_dsub                             0x080003df   Thumb Code     6  dadd.o(.text)
    __aeabi_drsub                            0x080003e5   Thumb Code     6  dadd.o(.text)
    __aeabi_dmul                             0x080003eb   Thumb Code   228  dmul.o(.text)
    __aeabi_ddiv                             0x080004cf   Thumb Code   222  ddiv.o(.text)
    __aeabi_d2ulz                            0x080005ad   Thumb Code    48  dfixul.o(.text)
    __aeabi_cdrcmple                         0x080005dd   Thumb Code    38  cdrcmple.o(.text)
    __scatterload                            0x08000605   Thumb Code    28  init.o(.text)
    __scatterload_rt2                        0x08000605   Thumb Code     0  init.o(.text)
    __aeabi_llsl                             0x08000629   Thumb Code    30  llshl.o(.text)
    _ll_shift_l                              0x08000629   Thumb Code     0  llshl.o(.text)
    __aeabi_llsr                             0x08000647   Thumb Code    32  llushr.o(.text)
    _ll_ushift_r                             0x08000647   Thumb Code     0  llushr.o(.text)
    __aeabi_lasr                             0x08000667   Thumb Code    36  llsshr.o(.text)
    _ll_sshift_r                             0x08000667   Thumb Code     0  llsshr.o(.text)
    _double_round                            0x0800068b   Thumb Code    26  depilogue.o(.text)
    _double_epilogue                         0x080006a5   Thumb Code   164  depilogue.o(.text)
    __decompress                             0x08000749   Thumb Code     0  __dczerorl2.o(.text)
    __decompress1                            0x08000749   Thumb Code    92  __dczerorl2.o(.text)
    AC_BlinkLed                              0x080007a5   Thumb Code     2  ac_hal.o(i.AC_BlinkLed)
    AC_BuildMessage                          0x080007a7   Thumb Code   132  ac_api.o(i.AC_BuildMessage)
    AC_BuildOption                           0x0800082b   Thumb Code   124  ac_api.o(i.AC_BuildOption)
    AC_ConfigWifi                            0x080008a9   Thumb Code    96  ac_hal.o(i.AC_ConfigWifi)
    AC_DealEvent                             0x08000949   Thumb Code    30  ac_hal.o(i.AC_DealEvent)
    AC_DealLed                               0x08000969   Thumb Code    76  ac_hal.o(i.AC_DealLed)
    AC_DealNotifyMessage                     0x080009c1   Thumb Code    80  ac_hal.o(i.AC_DealNotifyMessage)
    AC_ParseOption                           0x08000a1d   Thumb Code    98  ac_api.o(i.AC_ParseOption)
    AC_RecvMessage                           0x08000a7f   Thumb Code    92  ac_api.o(i.AC_RecvMessage)
    AC_SendDeviceRegsiterWithMac             0x08000add   Thumb Code    76  ac_api.o(i.AC_SendDeviceRegsiterWithMac)
    AC_SendMessage                           0x08000b2d   Thumb Code    16  ac_api.o(i.AC_SendMessage)
    AC_StoreStatus                           0x08000b3d   Thumb Code    24  ac_hal.o(i.AC_StoreStatus)
    AES_CBC_Decrypt                          0x08000b5d   Thumb Code    68  aes_cbc.o(i.AES_CBC_Decrypt)
    AES_CBC_Encrypt                          0x08000ba1   Thumb Code    68  aes_cbc.o(i.AES_CBC_Encrypt)
    AES_cbc_core                             0x08000be5   Thumb Code   478  aes_cbc.o(i.AES_cbc_core)
    AES_decrypt                              0x08000dc5   Thumb Code  1164  aes_core.o(i.AES_decrypt)
    AES_encrypt                              0x08001265   Thumb Code  1164  aes_core.o(i.AES_encrypt)
    AES_set_decrypt_key                      0x08001705   Thumb Code   460  aes_core.o(i.AES_set_decrypt_key)
    AES_set_encrypt_key                      0x080018e5   Thumb Code   708  aes_core.o(i.AES_set_encrypt_key)
    BusFault_Handler                         0x08001bb1   Thumb Code     4  stm32f10x_it.o(i.BusFault_Handler)
    DebugMon_Handler                         0x08001bb5   Thumb Code     2  stm32f10x_it.o(i.DebugMon_Handler)
    Delay_ms                                 0x08001bb7   Thumb Code    12  util.o(i.Delay_ms)
    Delay_us                                 0x08001bc3   Thumb Code    12  util.o(i.Delay_us)
    Dhcp_Task                                0x08001bcf   Thumb Code     8  main.o(i.Dhcp_Task)
    Dhcp_Tick                                0x08001bd9   Thumb Code    12  dhcp.o(i.Dhcp_Tick)
    Dns_Task                                 0x08001be9   Thumb Code     6  main.o(i.Dns_Task)
    EVENT_BuildBcMsg                         0x08001bf1   Thumb Code   114  zc_cloud_event.o(i.EVENT_BuildBcMsg)
    EVENT_BuildEmptyMsg                      0x08001c69   Thumb Code    64  zc_cloud_event.o(i.EVENT_BuildEmptyMsg)
    EVENT_BuildHeartMsg                      0x08001ca9   Thumb Code    60  zc_cloud_event.o(i.EVENT_BuildHeartMsg)
    EVENT_BuildMsg                           0x08001ce5   Thumb Code    90  zc_cloud_event.o(i.EVENT_BuildMsg)
    EVENT_BuildOption                        0x08001d3f   Thumb Code   124  zc_cloud_event.o(i.EVENT_BuildOption)
    EVENT_ParseOption                        0x08001dbb   Thumb Code    98  zc_cloud_event.o(i.EVENT_ParseOption)
    FLASH_GetBank1Status                     0x08001e1d   Thumb Code    48  stm32f10x_flash.o(i.FLASH_GetBank1Status)
    FLASH_PrefetchBufferCmd                  0x08001e51   Thumb Code    22  stm32f10x_flash.o(i.FLASH_PrefetchBufferCmd)
    FLASH_ProgramWord                        0x08001e6d   Thumb Code   102  stm32f10x_flash.o(i.FLASH_ProgramWord)
    FLASH_SetLatency                         0x08001ed9   Thumb Code    18  stm32f10x_flash.o(i.FLASH_SetLatency)
    FLASH_WaitForLastOperation               0x08001ef1   Thumb Code    38  stm32f10x_flash.o(i.FLASH_WaitForLastOperation)
    GPIO_Configuration                       0x08001f19   Thumb Code   220  main.o(i.GPIO_Configuration)
    GPIO_Init                                0x08002001   Thumb Code   274  stm32f10x_gpio.o(i.GPIO_Init)
    GPIO_ResetBits                           0x08002113   Thumb Code     4  stm32f10x_gpio.o(i.GPIO_ResetBits)
    GPIO_SetBits                             0x08002117   Thumb Code     4  stm32f10x_gpio.o(i.GPIO_SetBits)
    Get_ChipInfo                             0x0800211d   Thumb Code    68  main.o(i.Get_ChipInfo)
    HF_BcInit                                0x08002215   Thumb Code    76  zc_adapter.o(i.HF_BcInit)
    HF_Cloudfunc                             0x08002271   Thumb Code    32  zc_adapter.o(i.HF_Cloudfunc)
    HF_ConnectToCloud                        0x08002295   Thumb Code   228  zc_adapter.o(i.HF_ConnectToCloud)
    HF_FirmwareUpdate                        0x08002389   Thumb Code     6  zc_adapter.o(i.HF_FirmwareUpdate)
    HF_FirmwareUpdateFinish                  0x0800238f   Thumb Code     6  zc_adapter.o(i.HF_FirmwareUpdateFinish)
    HF_GetMac                                0x08002395   Thumb Code    16  zc_adapter.o(i.HF_GetMac)
    HF_ListenClient                          0x080023a9   Thumb Code     6  zc_adapter.o(i.HF_ListenClient)
    HF_ReadDataFormFlash                     0x080023b1   Thumb Code    38  zc_adapter.o(i.HF_ReadDataFormFlash)
    HF_Reboot                                0x08002409   Thumb Code     2  zc_adapter.o(i.HF_Reboot)
    HF_Rest                                  0x0800240d   Thumb Code    20  zc_adapter.o(i.HF_Rest)
    HF_SendDataToMoudle                      0x08002425   Thumb Code    16  zc_adapter.o(i.HF_SendDataToMoudle)
    HF_SendTcpData                           0x08002435   Thumb Code    28  zc_adapter.o(i.HF_SendTcpData)
    HF_SendUdpData                           0x08002451   Thumb Code    40  zc_adapter.o(i.HF_SendUdpData)
    HF_SetTimer                              0x08002479   Thumb Code    60  zc_adapter.o(i.HF_SetTimer)
    HF_StopTimer                             0x080024b9   Thumb Code     2  zc_adapter.o(i.HF_StopTimer)
    HF_WakeUp                                0x080024bb   Thumb Code     8  zc_adapter.o(i.HF_WakeUp)
    HF_WriteDataToFlash                      0x080024c5   Thumb Code    36  zc_adapter.o(i.HF_WriteDataToFlash)
    HardFault_Handler                        0x080024ed   Thumb Code     4  stm32f10x_it.o(i.HardFault_Handler)
    IINCHIP_CSoff                            0x080024f1   Thumb Code    10  w5500.o(i.IINCHIP_CSoff)
    IINCHIP_CSon                             0x080024fb   Thumb Code    10  w5500.o(i.IINCHIP_CSon)
    IINCHIP_READ                             0x08002505   Thumb Code    54  w5500.o(i.IINCHIP_READ)
    IINCHIP_SpiSendData                      0x0800253b   Thumb Code    12  w5500.o(i.IINCHIP_SpiSendData)
    IINCHIP_WRITE                            0x08002547   Thumb Code    54  w5500.o(i.IINCHIP_WRITE)
    LED_GPIO_Configuration                   0x0800257d   Thumb Code    38  led.o(i.LED_GPIO_Configuration)
    MSG_Init                                 0x080025a9   Thumb Code    74  zc_message_queue.o(i.MSG_Init)
    MSG_InitQueue                            0x08002609   Thumb Code    54  zc_message_queue.o(i.MSG_InitQueue)
    MSG_PopMsg                               0x0800263f   Thumb Code    34  zc_message_queue.o(i.MSG_PopMsg)
    MSG_PushMsg                              0x08002661   Thumb Code    30  zc_message_queue.o(i.MSG_PushMsg)
    MSG_RecvData                             0x0800267f   Thumb Code   378  zc_message_queue.o(i.MSG_RecvData)
    MSG_RecvDataFromCloud                    0x080027f9   Thumb Code    78  zc_message_queue.o(i.MSG_RecvDataFromCloud)
    MSG_SendDataToCloud                      0x08002855   Thumb Code    76  zc_message_queue.o(i.MSG_SendDataToCloud)
    MemManage_Handler                        0x080028c1   Thumb Code     4  stm32f10x_it.o(i.MemManage_Handler)
    NMI_Handler                              0x080028c5   Thumb Code     2  stm32f10x_it.o(i.NMI_Handler)
    NVIC_Configuration                       0x080028c7   Thumb Code   106  main.o(i.NVIC_Configuration)
    NVIC_Init                                0x08002931   Thumb Code   102  misc.o(i.NVIC_Init)
    NVIC_PriorityGroupConfig                 0x080029a5   Thumb Code    10  misc.o(i.NVIC_PriorityGroupConfig)
    NVIC_SetVectorTable                      0x080029b9   Thumb Code    12  misc.o(i.NVIC_SetVectorTable)
    PCT_CheckCrc                             0x080029cd   Thumb Code    60  zc_protocol_controller.o(i.PCT_CheckCrc)
    PCT_ConnectCloud                         0x08002a35   Thumb Code    42  zc_protocol_controller.o(i.PCT_ConnectCloud)
    PCT_DisConnectCloud                      0x08002a5f   Thumb Code    24  zc_protocol_controller.o(i.PCT_DisConnectCloud)
    PCT_HandleEvent                          0x08002a79   Thumb Code   308  zc_protocol_controller.o(i.PCT_HandleEvent)
    PCT_HandleMoudleEvent                    0x08002bd9   Thumb Code    86  zc_protocol_controller.o(i.PCT_HandleMoudleEvent)
    PCT_HandleMoudleMsg                      0x08002c35   Thumb Code    96  zc_protocol_controller.o(i.PCT_HandleMoudleMsg)
    PCT_HandleOtaBeginMsg                    0x08002c99   Thumb Code    34  zc_protocol_controller.o(i.PCT_HandleOtaBeginMsg)
    PCT_HandleOtaEndMsg                      0x08002cd1   Thumb Code    70  zc_protocol_controller.o(i.PCT_HandleOtaEndMsg)
    PCT_HandleOtaFileBeginMsg                0x08002d2d   Thumb Code    88  zc_protocol_controller.o(i.PCT_HandleOtaFileBeginMsg)
    PCT_HandleOtaFileChunkMsg                0x08002d9d   Thumb Code   210  zc_protocol_controller.o(i.PCT_HandleOtaFileChunkMsg)
    PCT_HandleOtaFileEndMsg                  0x08002ed5   Thumb Code    28  zc_protocol_controller.o(i.PCT_HandleOtaFileEndMsg)
    PCT_HandleUnbindMsg                      0x08002f09   Thumb Code    90  zc_protocol_controller.o(i.PCT_HandleUnbindMsg)
    PCT_Init                                 0x08002f89   Thumb Code    96  zc_protocol_controller.o(i.PCT_Init)
    PCT_ModuleOtaFileBeginMsg                0x08002fed   Thumb Code    78  zc_protocol_controller.o(i.PCT_ModuleOtaFileBeginMsg)
    PCT_ModuleOtaFileChunkMsg                0x08003055   Thumb Code   250  zc_protocol_controller.o(i.PCT_ModuleOtaFileChunkMsg)
    PCT_ModuleOtaFileEndMsg                  0x080031b5   Thumb Code    46  zc_protocol_controller.o(i.PCT_ModuleOtaFileEndMsg)
    PCT_ReconnectCloud                       0x080031fd   Thumb Code   108  zc_protocol_controller.o(i.PCT_ReconnectCloud)
    PCT_RecvAccessMsg2                       0x0800328d   Thumb Code   280  zc_protocol_controller.o(i.PCT_RecvAccessMsg2)
    PCT_RecvAccessMsg4                       0x08003411   Thumb Code   160  zc_protocol_controller.o(i.PCT_RecvAccessMsg4)
    PCT_ResetNetWork                         0x080034e9   Thumb Code    36  zc_protocol_controller.o(i.PCT_ResetNetWork)
    PCT_Run                                  0x0800350d   Thumb Code    78  zc_protocol_controller.o(i.PCT_Run)
    PCT_SendAckToCloud                       0x08003561   Thumb Code    58  zc_protocol_controller.o(i.PCT_SendAckToCloud)
    PCT_SendCloudAccessMsg1                  0x080035a1   Thumb Code   188  zc_protocol_controller.o(i.PCT_SendCloudAccessMsg1)
    PCT_SendCloudAccessMsg3                  0x080036b9   Thumb Code   140  zc_protocol_controller.o(i.PCT_SendCloudAccessMsg3)
    PCT_SendEmptyMsg                         0x0800374d   Thumb Code    54  zc_protocol_controller.o(i.PCT_SendEmptyMsg)
    PCT_SendErrorMsg                         0x08003785   Thumb Code    60  zc_protocol_controller.o(i.PCT_SendErrorMsg)
    PCT_SendHeartMsg                         0x080037c5   Thumb Code    68  zc_protocol_controller.o(i.PCT_SendHeartMsg)
    PCT_SendMoudleTimeout                    0x0800380d   Thumb Code   100  zc_protocol_controller.o(i.PCT_SendMoudleTimeout)
    PCT_SendMsgToCloud                       0x0800389d   Thumb Code   260  zc_protocol_controller.o(i.PCT_SendMsgToCloud)
    PCT_SendNotifyMsg                        0x080039a9   Thumb Code    38  zc_protocol_controller.o(i.PCT_SendNotifyMsg)
    PCT_SendUnbindMsg                        0x080039d9   Thumb Code   116  zc_protocol_controller.o(i.PCT_SendUnbindMsg)
    PCT_SetTokenKey                          0x08003a69   Thumb Code    40  zc_protocol_controller.o(i.PCT_SetTokenKey)
    PCT_WakeUp                               0x08003a91   Thumb Code    48  zc_protocol_controller.o(i.PCT_WakeUp)
    PendSV_Handler                           0x08003ac5   Thumb Code     2  stm32f10x_it.o(i.PendSV_Handler)
    RCC_APB1PeriphClockCmd                   0x08003ac9   Thumb Code    26  stm32f10x_rcc.o(i.RCC_APB1PeriphClockCmd)
    RCC_APB2PeriphClockCmd                   0x08003ae9   Thumb Code    26  stm32f10x_rcc.o(i.RCC_APB2PeriphClockCmd)
    RCC_Configuration                        0x08003b09   Thumb Code   118  main.o(i.RCC_Configuration)
    RCC_DeInit                               0x08003b85   Thumb Code    64  stm32f10x_rcc.o(i.RCC_DeInit)
    RCC_GetClocksFreq                        0x08003bd1   Thumb Code   192  stm32f10x_rcc.o(i.RCC_GetClocksFreq)
    RCC_GetFlagStatus                        0x08003ca5   Thumb Code    56  stm32f10x_rcc.o(i.RCC_GetFlagStatus)
    RCC_GetSYSCLKSource                      0x08003ce1   Thumb Code    10  stm32f10x_rcc.o(i.RCC_GetSYSCLKSource)
    RCC_HCLKConfig                           0x08003cf1   Thumb Code    18  stm32f10x_rcc.o(i.RCC_HCLKConfig)
    RCC_HSEConfig                            0x08003d09   Thumb Code    70  stm32f10x_rcc.o(i.RCC_HSEConfig)
    RCC_PCLK1Config                          0x08003d55   Thumb Code    18  stm32f10x_rcc.o(i.RCC_PCLK1Config)
    RCC_PCLK2Config                          0x08003d6d   Thumb Code    20  stm32f10x_rcc.o(i.RCC_PCLK2Config)
    RCC_PLLCmd                               0x08003d85   Thumb Code     6  stm32f10x_rcc.o(i.RCC_PLLCmd)
    RCC_PLLConfig                            0x08003d91   Thumb Code    24  stm32f10x_rcc.o(i.RCC_PLLConfig)
    RCC_SYSCLKConfig                         0x08003dad   Thumb Code    18  stm32f10x_rcc.o(i.RCC_SYSCLKConfig)
    RCC_WaitForHSEStartUp                    0x08003dc5   Thumb Code    56  stm32f10x_rcc.o(i.RCC_WaitForHSEStartUp)
    Reset_W5500                              0x08003dfd   Thumb Code    34  util.o(i.Reset_W5500)
    SEC_AesDecrypt                           0x08003e25   Thumb Code    72  zc_sec_engine.o(i.SEC_AesDecrypt)
    SEC_AesEncrypt                           0x08003e71   Thumb Code    70  zc_sec_engine.o(i.SEC_AesEncrypt)
    SEC_Decrypt                              0x08003ebd   Thumb Code   166  zc_sec_engine.o(i.SEC_Decrypt)
    SEC_DecryptTextByRsa                     0x08003f69   Thumb Code   218  zc_sec_engine.o(i.SEC_DecryptTextByRsa)
    SEC_Encrypt                              0x08004075   Thumb Code   140  zc_sec_engine.o(i.SEC_Encrypt)
    SEC_EncryptTextByRsa                     0x08004105   Thumb Code   212  zc_sec_engine.o(i.SEC_EncryptTextByRsa)
    SEC_InitRsaContextWithPrivateKey         0x080041dd   Thumb Code   138  zc_sec_engine.o(i.SEC_InitRsaContextWithPrivateKey)
    SEC_InitRsaContextWithPublicKey          0x08004279   Thumb Code    54  zc_sec_engine.o(i.SEC_InitRsaContextWithPublicKey)
    SEC_PaddingCheck                         0x080042b1   Thumb Code   128  zc_sec_engine.o(i.SEC_PaddingCheck)
    SPI2_SendByte                            0x08004335   Thumb Code    50  spi2.o(i.SPI2_SendByte)
    SPI_Cmd                                  0x0800436d   Thumb Code    24  stm32f10x_spi.o(i.SPI_Cmd)
    SPI_I2S_GetFlagStatus                    0x08004385   Thumb Code    18  stm32f10x_spi.o(i.SPI_I2S_GetFlagStatus)
    SPI_I2S_ReceiveData                      0x08004397   Thumb Code     6  stm32f10x_spi.o(i.SPI_I2S_ReceiveData)
    SPI_I2S_SendData                         0x0800439d   Thumb Code     4  stm32f10x_spi.o(i.SPI_I2S_SendData)
    SPI_Init                                 0x080043a1   Thumb Code    60  stm32f10x_spi.o(i.SPI_Init)
    SVC_Handler                              0x080043dd   Thumb Code     2  stm32f10x_it.o(i.SVC_Handler)
    Set_network                              0x080044c5   Thumb Code   176  util.o(i.Set_network)
    SysTick_CLKSourceConfig                  0x0800466d   Thumb Code    40  misc.o(i.SysTick_CLKSourceConfig)
    SysTick_CounterCmd                       0x08004695   Thumb Code    54  stm32f10x_systick.o(i.SysTick_CounterCmd)
    SysTick_GetFlagStatus                    0x080046cb   Thumb Code    46  stm32f10x_systick.o(i.SysTick_GetFlagStatus)
    SysTick_Handler                          0x080046f9   Thumb Code     2  stm32f10x_it.o(i.SysTick_Handler)
    SysTick_ITConfig                         0x080046fb   Thumb Code    38  stm32f10x_systick.o(i.SysTick_ITConfig)
    SysTick_SetReload                        0x08004721   Thumb Code     8  stm32f10x_systick.o(i.SysTick_SetReload)
    SystemInit                               0x08004729   Thumb Code    78  system_stm32f10x.o(i.SystemInit)
    TIM2_IRQHandler                          0x08004789   Thumb Code    28  stm32f10x_it.o(i.TIM2_IRQHandler)
    TIM3_IRQHandler                          0x080047a5   Thumb Code     2  stm32f10x_it.o(i.TIM3_IRQHandler)
    TIMER_AllocateTimer                      0x080047a9   Thumb Code    28  zc_timer.o(i.TIMER_AllocateTimer)
    TIMER_FindIdleTimer                      0x080047c9   Thumb Code    32  zc_timer.o(i.TIMER_FindIdleTimer)
    TIMER_GetTimerStatus                     0x080047ed   Thumb Code    10  zc_timer.o(i.TIMER_GetTimerStatus)
    TIMER_Init                               0x080047fd   Thumb Code    20  zc_timer.o(i.TIMER_Init)
    TIMER_StopTimer                          0x08004815   Thumb Code    24  zc_timer.o(i.TIMER_StopTimer)
    TIMER_TimeoutAction                      0x08004835   Thumb Code   116  zc_timer.o(i.TIMER_TimeoutAction)
    TIM_ClearITPendingBit                    0x080048ed   Thumb Code     6  stm32f10x_tim.o(i.TIM_ClearITPendingBit)
    TIM_Cmd                                  0x080048f3   Thumb Code    24  stm32f10x_tim.o(i.TIM_Cmd)
    TIM_GetITStatus                          0x0800490b   Thumb Code    34  stm32f10x_tim.o(i.TIM_GetITStatus)
    TIM_ITConfig                             0x0800492d   Thumb Code    18  stm32f10x_tim.o(i.TIM_ITConfig)
    TIM_PrescalerConfig                      0x0800493f   Thumb Code     6  stm32f10x_tim.o(i.TIM_PrescalerConfig)
    TIM_TimeBaseInit                         0x08004945   Thumb Code   122  stm32f10x_tim.o(i.TIM_TimeBaseInit)
    Timer2_ISR                               0x080049e9   Thumb Code    40  main.o(i.Timer2_ISR)
    Timer_Configuration                      0x08004a19   Thumb Code    64  main.o(i.Timer_Configuration)
    USART1_IRQHandler                        0x08004a59   Thumb Code     2  stm32f10x_it.o(i.USART1_IRQHandler)
    USART2_IRQHandler                        0x08004a5b   Thumb Code     2  stm32f10x_it.o(i.USART2_IRQHandler)
    USART3_IRQHandler                        0x08004a5d   Thumb Code    74  util.o(i.USART3_IRQHandler)
    USART3_Init                              0x08004ab1   Thumb Code    70  util.o(i.USART3_Init)
    USART_ClearFlag                          0x08004afd   Thumb Code    18  stm32f10x_usart.o(i.USART_ClearFlag)
    USART_Cmd                                0x08004b0f   Thumb Code    24  stm32f10x_usart.o(i.USART_Cmd)
    USART_GetFlagStatus                      0x08004b27   Thumb Code    26  stm32f10x_usart.o(i.USART_GetFlagStatus)
    USART_GetITStatus                        0x08004b41   Thumb Code    84  stm32f10x_usart.o(i.USART_GetITStatus)
    USART_ITConfig                           0x08004b95   Thumb Code    74  stm32f10x_usart.o(i.USART_ITConfig)
    USART_Init                               0x08004be1   Thumb Code   210  stm32f10x_usart.o(i.USART_Init)
    USART_ReceiveData                        0x08004cb9   Thumb Code    10  stm32f10x_usart.o(i.USART_ReceiveData)
    USART_SendData                           0x08004cc3   Thumb Code     8  stm32f10x_usart.o(i.USART_SendData)
    UsageFault_Handler                       0x08004ccb   Thumb Code     4  stm32f10x_it.o(i.UsageFault_Handler)
    WIZ_CS                                   0x08004cd1   Thumb Code    32  spi2.o(i.WIZ_CS)
    WIZ_Config                               0x08004cf5   Thumb Code     8  main.o(i.WIZ_Config)
    WIZ_SPI_Init                             0x08004cfd   Thumb Code    78  spi2.o(i.WIZ_SPI_Init)
    ZC_ClientInit                            0x08004d51   Thumb Code    28  zc_client_manager.o(i.ZC_ClientInit)
    ZC_ClientWakeUp                          0x08004d71   Thumb Code     8  zc_client_manager.o(i.ZC_ClientWakeUp)
    ZC_ConfigInitPara                        0x08004d7d   Thumb Code    92  zc_configuration.o(i.ZC_ConfigInitPara)
    ZC_ConfigPara                            0x08004dfd   Thumb Code   268  zc_configuration.o(i.ZC_ConfigPara)
    ZC_ConfigUnBind                          0x08004f11   Thumb Code    26  zc_configuration.o(i.ZC_ConfigUnBind)
    ZC_DealExtCode                           0x08004f35   Thumb Code   110  zc_moudle_manager.o(i.ZC_DealExtCode)
    ZC_DealSessionOpt                        0x08004fa5   Thumb Code   340  zc_moudle_manager.o(i.ZC_DealSessionOpt)
    ZC_GetStoreInfor                         0x08005109   Thumb Code    54  zc_configuration.o(i.ZC_GetStoreInfor)
    ZC_HexToString                           0x08005149   Thumb Code    84  zc_common.o(i.ZC_HexToString)
    ZC_Init                                  0x0800519d   Thumb Code   102  zc_adapter.o(i.ZC_Init)
    ZC_Rand                                  0x08005265   Thumb Code   106  zc_common.o(i.ZC_Rand)
    ZC_RecvDataFromMoudle                    0x080052d1   Thumb Code   386  zc_moudle_manager.o(i.ZC_RecvDataFromMoudle)
    ZC_SendBc                                0x0800545d   Thumb Code   116  zc_bc.o(i.ZC_SendBc)
    ZC_StoreAccessInfo                       0x080054e9   Thumb Code    48  zc_configuration.o(i.ZC_StoreAccessInfo)
    ZC_StoreRegisterInfo                     0x08005525   Thumb Code    90  zc_configuration.o(i.ZC_StoreRegisterInfo)
    ZC_StoreTokenKey                         0x08005589   Thumb Code    32  zc_configuration.o(i.ZC_StoreTokenKey)
    ZC_TimerExpired                          0x080055b1   Thumb Code    56  zc_adapter.o(i.ZC_TimerExpired)
    ZC_TraceData                             0x080055ed   Thumb Code   116  zc_common.o(i.ZC_TraceData)
    __0printf                                0x0800571d   Thumb Code    22  printfa.o(i.__0printf)
    __1printf                                0x0800571d   Thumb Code     0  printfa.o(i.__0printf)
    __2printf                                0x0800571d   Thumb Code     0  printfa.o(i.__0printf)
    __c89printf                              0x0800571d   Thumb Code     0  printfa.o(i.__0printf)
    printf                                   0x0800571d   Thumb Code     0  printfa.o(i.__0printf)
    __0sprintf                               0x0800573d   Thumb Code    34  printfa.o(i.__0sprintf)
    __1sprintf                               0x0800573d   Thumb Code     0  printfa.o(i.__0sprintf)
    __2sprintf                               0x0800573d   Thumb Code     0  printfa.o(i.__0sprintf)
    __c89sprintf                             0x0800573d   Thumb Code     0  printfa.o(i.__0sprintf)
    sprintf                                  0x0800573d   Thumb Code     0  printfa.o(i.__0sprintf)
    __scatterload_copy                       0x08005765   Thumb Code    14  handlers.o(i.__scatterload_copy)
    __scatterload_null                       0x08005773   Thumb Code     2  handlers.o(i.__scatterload_null)
    __scatterload_zeroinit                   0x08005775   Thumb Code    14  handlers.o(i.__scatterload_zeroinit)
    check_DHCP_Timeout                       0x08006031   Thumb Code   134  dhcp.o(i.check_DHCP_Timeout)
    check_DHCP_state                         0x08006179   Thumb Code   452  dhcp.o(i.check_DHCP_state)
    check_leasedIP                           0x080064a1   Thumb Code    82  dhcp.o(i.check_leasedIP)
    close                                    0x08006555   Thumb Code    52  socket.o(i.close)
    connect                                  0x08006589   Thumb Code   248  socket.o(i.connect)
    crc16_ccitt                              0x08006681   Thumb Code    18  crc.o(i.crc16_ccitt)
    crc_cal_by_bit                           0x08006695   Thumb Code    64  crc.o(i.crc_cal_by_bit)
    delay_init                               0x080066d9   Thumb Code    54  systick.o(i.delay_init)
    delay_ms                                 0x0800671d   Thumb Code    74  systick.o(i.delay_ms)
    delay_us                                 0x08006771   Thumb Code    62  systick.o(i.delay_us)
    disconnect                               0x080067b9   Thumb Code    38  socket.o(i.disconnect)
    do_dhcp                                  0x080067e1   Thumb Code   130  dhcp.o(i.do_dhcp)
    fputc                                    0x080068c1   Thumb Code    32  util.o(i.fputc)
    free                                     0x080068e5   Thumb Code    76  malloc.o(i.free)
    getGAR                                   0x08006935   Thumb Code    16  w5500.o(i.getGAR)
    getIINCHIP_TxMAX                         0x08006945   Thumb Code    10  w5500.o(i.getIINCHIP_TxMAX)
    getSHAR                                  0x08006955   Thumb Code    18  w5500.o(i.getSHAR)
    getSIPR                                  0x08006967   Thumb Code    18  w5500.o(i.getSIPR)
    getSUBR                                  0x08006979   Thumb Code    18  w5500.o(i.getSUBR)
    getSn_IR                                 0x0800698b   Thumb Code    18  w5500.o(i.getSn_IR)
    getSn_RX_RSR                             0x0800699d   Thumb Code    84  w5500.o(i.getSn_RX_RSR)
    getSn_SR                                 0x080069f1   Thumb Code    18  w5500.o(i.getSn_SR)
    getSn_TX_FSR                             0x08006a03   Thumb Code    84  w5500.o(i.getSn_TX_FSR)
    htonl                                    0x08006a57   Thumb Code    12  util.o(i.htonl)
    htons                                    0x08006a63   Thumb Code    12  util.o(i.htons)
    iinchip_init                             0x08006a6f   Thumb Code    10  w5500.o(i.iinchip_init)
    init_dhcp_client                         0x08006a79   Thumb Code   112  dhcp.o(i.init_dhcp_client)
    loopback_tcpc                            0x08006b41   Thumb Code   254  zc_adapter.o(i.loopback_tcpc)
    main                                     0x08006c99   Thumb Code   112  main.o(i.main)
    malloc                                   0x08006d91   Thumb Code    92  malloc.o(i.malloc)
    mpi_add_abs                              0x08006dfd   Thumb Code   228  bignum.o(i.mpi_add_abs)
    mpi_add_mpi                              0x08006ee1   Thumb Code   108  bignum.o(i.mpi_add_mpi)
    mpi_cmp_abs                              0x08006f4d   Thumb Code   150  bignum.o(i.mpi_cmp_abs)
    mpi_cmp_int                              0x08006fe3   Thumb Code    50  bignum.o(i.mpi_cmp_int)
    mpi_cmp_mpi                              0x08007015   Thumb Code   184  bignum.o(i.mpi_cmp_mpi)
    mpi_copy                                 0x080070cd   Thumb Code    96  bignum.o(i.mpi_copy)
    mpi_div_mpi                              0x0800712d   Thumb Code  1116  bignum.o(i.mpi_div_mpi)
    mpi_exp_mod                              0x0800759d   Thumb Code   898  bignum.o(i.mpi_exp_mod)
    mpi_free                                 0x0800792d   Thumb Code    30  bignum.o(i.mpi_free)
    mpi_grow                                 0x0800794b   Thumb Code    46  bignum.o(i.mpi_grow)
    mpi_init                                 0x08007979   Thumb Code    30  bignum.o(i.mpi_init)
    mpi_lset                                 0x08007997   Thumb Code    64  bignum.o(i.mpi_lset)
    mpi_mod_mpi                              0x080079d7   Thumb Code    96  bignum.o(i.mpi_mod_mpi)
    mpi_msb                                  0x08007b5d   Thumb Code    66  bignum.o(i.mpi_msb)
    mpi_mul_int                              0x080088bd   Thumb Code    32  bignum.o(i.mpi_mul_int)
    mpi_mul_mpi                              0x080088dd   Thumb Code   222  bignum.o(i.mpi_mul_mpi)
    mpi_read_binary                          0x080089bb   Thumb Code   162  bignum.o(i.mpi_read_binary)
    mpi_shift_l                              0x08008a5d   Thumb Code   206  bignum.o(i.mpi_shift_l)
    mpi_shift_r                              0x08008b2b   Thumb Code   150  bignum.o(i.mpi_shift_r)
    mpi_size                                 0x08008bc1   Thumb Code    16  bignum.o(i.mpi_size)
    mpi_sub_abs                              0x08008bd1   Thumb Code   138  bignum.o(i.mpi_sub_abs)
    mpi_sub_mpi                              0x08008cbf   Thumb Code   108  bignum.o(i.mpi_sub_mpi)
    mpi_write_binary                         0x08008d2b   Thumb Code   100  bignum.o(i.mpi_write_binary)
    ntohl                                    0x08008d8f   Thumb Code    12  util.o(i.ntohl)
    parseDHCPMSG                             0x08008d9d   Thumb Code   864  dhcp.o(i.parseDHCPMSG)
    recv                                     0x08009405   Thumb Code    66  socket.o(i.recv)
    recv_data_processing                     0x08009449   Thumb Code   116  w5500.o(i.recv_data_processing)
    recvfrom                                 0x080094dd   Thumb Code   486  socket.o(i.recvfrom)
    reset_DHCP_time                          0x080096dd   Thumb Code    24  dhcp.o(i.reset_DHCP_time)
    rsa_free                                 0x08009701   Thumb Code    94  rsa.o(i.rsa_free)
    rsa_init                                 0x0800975f   Thumb Code    46  rsa.o(i.rsa_init)
    rsa_pkcs1_decrypt                        0x0800978d   Thumb Code   176  rsa.o(i.rsa_pkcs1_decrypt)
    rsa_pkcs1_encrypt                        0x08009845   Thumb Code   148  rsa.o(i.rsa_pkcs1_encrypt)
    rsa_private                              0x080098dd   Thumb Code   266  rsa.o(i.rsa_private)
    rsa_public                               0x080099f9   Thumb Code   128  rsa.o(i.rsa_public)
    send                                     0x08009a81   Thumb Code   218  socket.o(i.send)
    send_DHCP_DISCOVER                       0x08009b71   Thumb Code   686  dhcp.o(i.send_DHCP_DISCOVER)
    send_DHCP_RELEASE_DECLINE                0x08009e65   Thumb Code   662  dhcp.o(i.send_DHCP_RELEASE_DECLINE)
    send_DHCP_REQUEST                        0x0800a139   Thumb Code   962  dhcp.o(i.send_DHCP_REQUEST)
    send_data_processing                     0x0800a545   Thumb Code   116  w5500.o(i.send_data_processing)
    sendto                                   0x0800a5d9   Thumb Code   268  socket.o(i.sendto)
    setGAR                                   0x0800a6e5   Thumb Code    16  w5500.o(i.setGAR)
    setMR                                    0x0800a6f5   Thumb Code    14  w5500.o(i.setMR)
    setRCR                                   0x0800a703   Thumb Code    16  w5500.o(i.setRCR)
    setRTR                                   0x0800a713   Thumb Code    26  w5500.o(i.setRTR)
    setSHAR                                  0x0800a72d   Thumb Code    18  w5500.o(i.setSHAR)
    setSIPR                                  0x0800a73f   Thumb Code    18  w5500.o(i.setSIPR)
    setSUBR                                  0x0800a751   Thumb Code    18  w5500.o(i.setSUBR)
    set_w5500_ip                             0x0800a765   Thumb Code   272  util.o(i.set_w5500_ip)
    socket                                   0x0800a905   Thumb Code   192  socket.o(i.socket)
    swapl                                    0x0800a9c9   Thumb Code    28  util.o(i.swapl)
    swaps                                    0x0800a9e5   Thumb Code    14  util.o(i.swaps)
    sysinit                                  0x0800a9f5   Thumb Code   302  w5500.o(i.sysinit)
    time_return                              0x0800ab2d   Thumb Code     6  util.o(i.time_return)
    timer_expired                            0x0800ab39   Thumb Code    26  zc_adapter.o(i.timer_expired)
    timer_set                                0x0800ab53   Thumb Code    16  zc_adapter.o(i.timer_set)
    wiz_read_buf                             0x0800ab65   Thumb Code    82  w5500.o(i.wiz_read_buf)
    wiz_write_buf                            0x0800abd1   Thumb Code    84  w5500.o(i.wiz_write_buf)
    Region$$Table$$Base                      0x0800d4c0   Number         0  anon$$obj.o(Region$$Table)
    Region$$Table$$Limit                     0x0800d4e0   Number         0  anon$$obj.o(Region$$Table)
    Enable_DHCP                              0x20000000   Data           1  main.o(.data)
    MAC                                      0x20000001   Data           6  main.o(.data)
    IP                                       0x20000007   Data           4  main.o(.data)
    GateWay                                  0x2000000b   Data           4  main.o(.data)
    SubNet                                   0x2000000f   Data           4  main.o(.data)
    txsize                                   0x20000013   Data           8  main.o(.data)
    rxsize                                   0x2000001b   Data           8  main.o(.data)
    Dest_IP                                  0x20000023   Data           4  main.o(.data)
    Dest_PORT                                0x20000028   Data           2  main.o(.data)
    ch_status                                0x2000002a   Data           8  main.o(.data)
    Chconfig_Type_Def                        0x20000034   Data           6  main.o(.data)
    Timer2_Counter                           0x2000003c   Data           4  main.o(.data)
    my_time                                  0x20000040   Data           4  main.o(.data)
    presentTime                              0x20000044   Data           4  main.o(.data)
    dhcp_ok                                  0x20000064   Data           1  util.o(.data)
    dhcp_time                                0x20000068   Data           4  util.o(.data)
    ip_from                                  0x2000006c   Data           1  util.o(.data)
    g_Bcfd                                   0x20000070   Data           4  zc_bc.o(.data)
    g_pu8RemoteAddr                          0x20000074   Data           4  zc_bc.o(.data)
    g_u32GloablIp                            0x2000007c   Data           4  zc_bc.o(.data)
    g_u8DefaultCloudKey                      0x20000080   Data          36  zc_configuration.o(.data)
    g_u8DefaultTokenKey                      0x200000a4   Data          16  zc_configuration.o(.data)
    any_port                                 0x200000b4   Data           2  zc_adapter.o(.data)
    g_u8ClientSendLen                        0x200000b6   Data           1  zc_adapter.o(.data)
    g_u32BcSleepCount                        0x200000b8   Data           4  zc_adapter.o(.data)
    g_u16TcpMss                              0x200000bc   Data           2  zc_adapter.o(.data)
    g_u16LocalPort                           0x200000be   Data           2  zc_adapter.o(.data)
    g_u8RemoteAddr                           0x200000c0   Data           4  zc_adapter.o(.data)
    g_u32CloudStatus                         0x200000c8   Data           4  ac_hal.o(.data)
    g_u32WifiPowerStatus                     0x200000cc   Data           4  ac_hal.o(.data)
    g_u8EqVersion                            0x200000d0   Data           4  ac_hal.o(.data)
    g_u8ModuleKey                            0x200000d4   Data         112  ac_hal.o(.data)
    g_u64Domain                              0x20000148   Data           8  ac_hal.o(.data)
    g_u8DeviceId                             0x20000150   Data          16  ac_hal.o(.data)
    SRC_MAC_ADDR                             0x20000160   Data           4  dhcp.o(.data)
    GET_SN_MASK                              0x20000164   Data           4  dhcp.o(.data)
    GET_GW_IP                                0x20000168   Data           4  dhcp.o(.data)
    GET_DNS_IP                               0x2000016c   Data           4  dhcp.o(.data)
    DHCP_HOST_NAME                           0x20000170   Data           4  dhcp.o(.data)
    GET_SIP                                  0x20000174   Data           4  dhcp.o(.data)
    DHCP_SIP                                 0x20000178   Data           4  dhcp.o(.data)
    DHCP_REAL_SIP                            0x2000017c   Data           4  dhcp.o(.data)
    dhcp_state                               0x20000180   Data           1  dhcp.o(.data)
    dhcp_retry_count                         0x20000181   Data           1  dhcp.o(.data)
    DHCP_timeout                             0x20000182   Data           1  dhcp.o(.data)
    next_dhcp_time                           0x20000184   Data           4  dhcp.o(.data)
    dhcp_tick_cnt                            0x20000188   Data           4  dhcp.o(.data)
    Conflict_flag                            0x2000018c   Data           1  dhcp.o(.data)
    DHCP_XID                                 0x20000190   Data           4  dhcp.o(.data)
    pRIPMSG                                  0x20000194   Data           4  dhcp.o(.data)
    OLD_SIP                                  0x20000198   Data           4  dhcp.o(.data)
    dhcp_lease_time                          0x2000019c   Data           4  dhcp.o(.data)
    DHCP_timer                               0x200001a0   Data           1  dhcp.o(.data)
    __stdout                                 0x200001a8   Data           4  stdout.o(.data)
    __microlib_freelist                      0x200001ac   Data           4  mvars.o(.data)
    __microlib_freelist_initialised          0x200001b0   Data           4  mvars.o(.data)
    Config_Msg                               0x200001b4   Data          23  main.o(.bss)
    TX_BUF                                   0x200001cb   Data        2048  main.o(.bss)
    RX_BUF                                   0x200009cb   Data        2048  main.o(.bss)
    g_struClientInfo                         0x200011ec   Data          40  zc_client_manager.o(.bss)
    g_struZcConfigDb                         0x20001214   Data         300  zc_configuration.o(.bss)
    g_struRegisterInfo                       0x20001340   Data         140  zc_configuration.o(.bss)
    g_struProtocolController                 0x200013cc   Data         140  zc_protocol_controller.o(.bss)
    g_struTimer                              0x20001458   Data          80  zc_timer.o(.bss)
    X                                        0x200014a8   Data          88  bignum.o(.bss)
    Y                                        0x20001500   Data          88  bignum.o(.bss)
    Z                                        0x20001558   Data          88  bignum.o(.bss)
    O_T1                                     0x200015b0   Data          88  bignum.o(.bss)
    O_T2                                     0x20001608   Data          88  bignum.o(.bss)
    O_RR                                     0x20001660   Data          88  bignum.o(.bss)
    O_T                                      0x200016b8   Data          88  bignum.o(.bss)
    O_W                                      0x20001710   Data        5632  bignum.o(.bss)
    T                                        0x20002d10   Data          88  rsa.o(.bss)
    T1                                       0x20002d68   Data          88  rsa.o(.bss)
    T2                                       0x20002dc0   Data          88  rsa.o(.bss)
    buf                                      0x20002e18   Data          64  rsa.o(.bss)
    g_struZcTimer                            0x20002e58   Data          80  zc_adapter.o(.bss)
    g_struHfAdapter                          0x20002ea8   Data          64  zc_adapter.o(.bss)
    g_struRecvBuffer                         0x20002ee8   Data         608  zc_adapter.o(.bss)
    g_struRetxBuffer                         0x20003148   Data         608  zc_adapter.o(.bss)
    g_struClientBuffer                       0x200033a8   Data         608  zc_adapter.o(.bss)
    g_struRecvQueue                          0x20003608   Data          32  zc_adapter.o(.bss)
    g_struSendBuffer                         0x20003628   Data        1216  zc_adapter.o(.bss)
    g_struSendQueue                          0x20003ae8   Data          32  zc_adapter.o(.bss)
    g_u8MsgBuildBuffer                       0x20003b08   Data         600  zc_adapter.o(.bss)
    g_u8recvbuffer                           0x20003d60   Data        1000  zc_adapter.o(.bss)
    g_struUartBuffer                         0x20004148   Data        1008  zc_adapter.o(.bss)
    g_u8BcSendBuffer                         0x20004538   Data         100  zc_adapter.o(.bss)
    g_u8DevMsgBuildBuffer                    0x2000459c   Data         300  ac_api.o(.bss)
    DHCP_GET                                 0x200046c8   Data          22  dhcp.o(.bss)
    EXTERN_DHCPBUF                           0x200046de   Data        1024  dhcp.o(.bss)
    dhcp_gdata                               0x20004ade   Data          22  dhcp.o(.bss)
    __heap_base                              0x20004af8   Data           0  startup_stm32f10x_hd.o(HEAP)
    __heap_limit                             0x20004ef8   Data           0  startup_stm32f10x_hd.o(HEAP)
    __initial_sp                             0x200052f8   Data           0  startup_stm32f10x_hd.o(STACK)



==============================================================================

Memory Map of the image

  Image Entry point : 0x08000131

  Load Region LR_IROM1 (Base: 0x08000000, Size: 0x0000d694, Max: 0x00080000, ABSOLUTE, COMPRESSED[0x0000d5d8])

    Execution Region ER_IROM1 (Base: 0x08000000, Size: 0x0000d4e0, Max: 0x00080000, ABSOLUTE)

    Base Addr    Size         Type   Attr      Idx    E Section Name        Object

    0x08000000   0x00000130   Data   RO         3416    RESET               startup_stm32f10x_hd.o
    0x08000130   0x00000000   Code   RO         5376  * .ARM.Collect$$$$00000000  mc_w.l(entry.o)
    0x08000130   0x00000004   Code   RO         5683    .ARM.Collect$$$$00000001  mc_w.l(entry2.o)
    0x08000134   0x00000004   Code   RO         5686    .ARM.Collect$$$$00000004  mc_w.l(entry5.o)
    0x08000138   0x00000000   Code   RO         5688    .ARM.Collect$$$$00000008  mc_w.l(entry7b.o)
    0x08000138   0x00000000   Code   RO         5690    .ARM.Collect$$$$0000000A  mc_w.l(entry8b.o)
    0x08000138   0x00000008   Code   RO         5691    .ARM.Collect$$$$0000000B  mc_w.l(entry9a.o)
    0x08000140   0x00000000   Code   RO         5693    .ARM.Collect$$$$0000000D  mc_w.l(entry10a.o)
    0x08000140   0x00000000   Code   RO         5695    .ARM.Collect$$$$0000000F  mc_w.l(entry11a.o)
    0x08000140   0x00000004   Code   RO         5684    .ARM.Collect$$$$00002712  mc_w.l(entry2.o)
    0x08000144   0x00000024   Code   RO         3417    .text               startup_stm32f10x_hd.o
    0x08000168   0x00000024   Code   RO         5379    .text               mc_w.l(rand.o)
    0x0800018c   0x00000024   Code   RO         5382    .text               mc_w.l(memcpya.o)
    0x080001b0   0x00000024   Code   RO         5384    .text               mc_w.l(memseta.o)
    0x080001d4   0x0000000e   Code   RO         5386    .text               mc_w.l(strlen.o)
    0x080001e2   0x0000001a   Code   RO         5388    .text               mc_w.l(memcmp.o)
    0x080001fc   0x00000012   Code   RO         5390    .text               mc_w.l(strcpy.o)
    0x0800020e   0x0000002c   Code   RO         5698    .text               mc_w.l(uidiv.o)
    0x0800023a   0x00000062   Code   RO         5700    .text               mc_w.l(uldiv.o)
    0x0800029c   0x00000000   Code   RO         5704    .text               mc_w.l(iusefp.o)
    0x0800029c   0x0000014e   Code   RO         5705    .text               mf_w.l(dadd.o)
    0x080003ea   0x000000e4   Code   RO         5707    .text               mf_w.l(dmul.o)
    0x080004ce   0x000000de   Code   RO         5709    .text               mf_w.l(ddiv.o)
    0x080005ac   0x00000030   Code   RO         5711    .text               mf_w.l(dfixul.o)
    0x080005dc   0x00000028   Code   RO         5713    .text               mf_w.l(cdrcmple.o)
    0x08000604   0x00000024   Code   RO         5715    .text               mc_w.l(init.o)
    0x08000628   0x0000001e   Code   RO         5717    .text               mc_w.l(llshl.o)
    0x08000646   0x00000020   Code   RO         5719    .text               mc_w.l(llushr.o)
    0x08000666   0x00000024   Code   RO         5721    .text               mc_w.l(llsshr.o)
    0x0800068a   0x000000be   Code   RO         5723    .text               mf_w.l(depilogue.o)
    0x08000748   0x0000005c   Code   RO         5733    .text               mc_w.l(__dczerorl2.o)
    0x080007a4   0x00000002   Code   RO         5227    i.AC_BlinkLed       ac_hal.o
    0x080007a6   0x00000084   Code   RO         5164    i.AC_BuildMessage   ac_api.o
    0x0800082a   0x0000007c   Code   RO         5165    i.AC_BuildOption    ac_api.o
    0x080008a6   0x00000002   PAD
    0x080008a8   0x000000a0   Code   RO         5228    i.AC_ConfigWifi     ac_hal.o
    0x08000948   0x0000001e   Code   RO         5229    i.AC_DealEvent      ac_hal.o
    0x08000966   0x00000002   PAD
    0x08000968   0x00000058   Code   RO         5230    i.AC_DealLed        ac_hal.o
    0x080009c0   0x0000005c   Code   RO         5231    i.AC_DealNotifyMessage  ac_hal.o
    0x08000a1c   0x00000062   Code   RO         5166    i.AC_ParseOption    ac_api.o
    0x08000a7e   0x0000005c   Code   RO         5167    i.AC_RecvMessage    ac_api.o
    0x08000ada   0x00000002   PAD
    0x08000adc   0x00000050   Code   RO         5168    i.AC_SendDeviceRegsiterWithMac  ac_api.o
    0x08000b2c   0x00000010   Code   RO         5170    i.AC_SendMessage    ac_api.o
    0x08000b3c   0x00000020   Code   RO         5234    i.AC_StoreStatus    ac_hal.o
    0x08000b5c   0x00000044   Code   RO         4927    i.AES_CBC_Decrypt   aes_cbc.o
    0x08000ba0   0x00000044   Code   RO         4928    i.AES_CBC_Encrypt   aes_cbc.o
    0x08000be4   0x000001de   Code   RO         4929    i.AES_cbc_core      aes_cbc.o
    0x08000dc2   0x00000002   PAD
    0x08000dc4   0x000004a0   Code   RO         4960    i.AES_decrypt       aes_core.o
    0x08001264   0x000004a0   Code   RO         4961    i.AES_encrypt       aes_core.o
    0x08001704   0x000001e0   Code   RO         4962    i.AES_set_decrypt_key  aes_core.o
    0x080018e4   0x000002cc   Code   RO         4963    i.AES_set_encrypt_key  aes_core.o
    0x08001bb0   0x00000004   Code   RO          203    i.BusFault_Handler  stm32f10x_it.o
    0x08001bb4   0x00000002   Code   RO          204    i.DebugMon_Handler  stm32f10x_it.o
    0x08001bb6   0x0000000c   Code   RO         3421    i.Delay_ms          util.o
    0x08001bc2   0x0000000c   Code   RO         3422    i.Delay_us          util.o
    0x08001bce   0x00000008   Code   RO            1    i.Dhcp_Task         main.o
    0x08001bd6   0x00000002   PAD
    0x08001bd8   0x00000010   Code   RO         5286    i.Dhcp_Tick         dhcp.o
    0x08001be8   0x00000006   Code   RO            2    i.Dns_Task          main.o
    0x08001bee   0x00000002   PAD
    0x08001bf0   0x00000078   Code   RO         4071    i.EVENT_BuildBcMsg  zc_cloud_event.o
    0x08001c68   0x00000040   Code   RO         4072    i.EVENT_BuildEmptyMsg  zc_cloud_event.o
    0x08001ca8   0x0000003c   Code   RO         4073    i.EVENT_BuildHeartMsg  zc_cloud_event.o
    0x08001ce4   0x0000005a   Code   RO         4074    i.EVENT_BuildMsg    zc_cloud_event.o
    0x08001d3e   0x0000007c   Code   RO         4075    i.EVENT_BuildOption  zc_cloud_event.o
    0x08001dba   0x00000062   Code   RO         4076    i.EVENT_ParseOption  zc_cloud_event.o
    0x08001e1c   0x00000034   Code   RO          435    i.FLASH_GetBank1Status  stm32f10x_flash.o
    0x08001e50   0x0000001c   Code   RO          446    i.FLASH_PrefetchBufferCmd  stm32f10x_flash.o
    0x08001e6c   0x0000006c   Code   RO          449    i.FLASH_ProgramWord  stm32f10x_flash.o
    0x08001ed8   0x00000018   Code   RO          451    i.FLASH_SetLatency  stm32f10x_flash.o
    0x08001ef0   0x00000026   Code   RO          456    i.FLASH_WaitForLastOperation  stm32f10x_flash.o
    0x08001f16   0x00000002   PAD
    0x08001f18   0x000000e8   Code   RO            3    i.GPIO_Configuration  main.o
    0x08002000   0x00000112   Code   RO          609    i.GPIO_Init         stm32f10x_gpio.o
    0x08002112   0x00000004   Code   RO          616    i.GPIO_ResetBits    stm32f10x_gpio.o
    0x08002116   0x00000004   Code   RO          617    i.GPIO_SetBits      stm32f10x_gpio.o
    0x0800211a   0x00000002   PAD
    0x0800211c   0x000000f8   Code   RO            4    i.Get_ChipInfo      main.o
    0x08002214   0x0000005c   Code   RO         4995    i.HF_BcInit         zc_adapter.o
    0x08002270   0x00000024   Code   RO         4996    i.HF_Cloudfunc      zc_adapter.o
    0x08002294   0x000000f4   Code   RO         4997    i.HF_ConnectToCloud  zc_adapter.o
    0x08002388   0x00000006   Code   RO         4998    i.HF_FirmwareUpdate  zc_adapter.o
    0x0800238e   0x00000006   Code   RO         4999    i.HF_FirmwareUpdateFinish  zc_adapter.o
    0x08002394   0x00000014   Code   RO         5000    i.HF_GetMac         zc_adapter.o
    0x080023a8   0x00000006   Code   RO         5001    i.HF_ListenClient   zc_adapter.o
    0x080023ae   0x00000002   PAD
    0x080023b0   0x00000058   Code   RO         5002    i.HF_ReadDataFormFlash  zc_adapter.o
    0x08002408   0x00000002   Code   RO         5003    i.HF_Reboot         zc_adapter.o
    0x0800240a   0x00000002   PAD
    0x0800240c   0x00000018   Code   RO         5004    i.HF_Rest           zc_adapter.o
    0x08002424   0x00000010   Code   RO         5005    i.HF_SendDataToMoudle  zc_adapter.o
    0x08002434   0x0000001c   Code   RO         5006    i.HF_SendTcpData    zc_adapter.o
    0x08002450   0x00000028   Code   RO         5007    i.HF_SendUdpData    zc_adapter.o
    0x08002478   0x00000040   Code   RO         5008    i.HF_SetTimer       zc_adapter.o
    0x080024b8   0x00000002   Code   RO         5010    i.HF_StopTimer      zc_adapter.o
    0x080024ba   0x00000008   Code   RO         5011    i.HF_WakeUp         zc_adapter.o
    0x080024c2   0x00000002   PAD
    0x080024c4   0x00000028   Code   RO         5012    i.HF_WriteDataToFlash  zc_adapter.o
    0x080024ec   0x00000004   Code   RO          205    i.HardFault_Handler  stm32f10x_it.o
    0x080024f0   0x0000000a   Code   RO         3687    i.IINCHIP_CSoff     w5500.o
    0x080024fa   0x0000000a   Code   RO         3688    i.IINCHIP_CSon      w5500.o
    0x08002504   0x00000036   Code   RO         3689    i.IINCHIP_READ      w5500.o
    0x0800253a   0x0000000c   Code   RO         3690    i.IINCHIP_SpiSendData  w5500.o
    0x08002546   0x00000036   Code   RO         3691    i.IINCHIP_WRITE     w5500.o
    0x0800257c   0x0000002c   Code   RO          302    i.LED_GPIO_Configuration  led.o
    0x080025a8   0x00000060   Code   RO         4198    i.MSG_Init          zc_message_queue.o
    0x08002608   0x00000036   Code   RO         4199    i.MSG_InitQueue     zc_message_queue.o
    0x0800263e   0x00000022   Code   RO         4200    i.MSG_PopMsg        zc_message_queue.o
    0x08002660   0x0000001e   Code   RO         4201    i.MSG_PushMsg       zc_message_queue.o
    0x0800267e   0x0000017a   Code   RO         4202    i.MSG_RecvData      zc_message_queue.o
    0x080027f8   0x0000005c   Code   RO         4203    i.MSG_RecvDataFromCloud  zc_message_queue.o
    0x08002854   0x0000006c   Code   RO         4204    i.MSG_SendDataToCloud  zc_message_queue.o
    0x080028c0   0x00000004   Code   RO          206    i.MemManage_Handler  stm32f10x_it.o
    0x080028c4   0x00000002   Code   RO          207    i.NMI_Handler       stm32f10x_it.o
    0x080028c6   0x0000006a   Code   RO            5    i.NVIC_Configuration  main.o
    0x08002930   0x00000074   Code   RO          393    i.NVIC_Init         misc.o
    0x080029a4   0x00000014   Code   RO          394    i.NVIC_PriorityGroupConfig  misc.o
    0x080029b8   0x00000014   Code   RO          395    i.NVIC_SetVectorTable  misc.o
    0x080029cc   0x00000068   Code   RO         4286    i.PCT_CheckCrc      zc_protocol_controller.o
    0x08002a34   0x0000002a   Code   RO         4287    i.PCT_ConnectCloud  zc_protocol_controller.o
    0x08002a5e   0x00000018   Code   RO         4288    i.PCT_DisConnectCloud  zc_protocol_controller.o
    0x08002a76   0x00000002   PAD
    0x08002a78   0x00000160   Code   RO         4289    i.PCT_HandleEvent   zc_protocol_controller.o
    0x08002bd8   0x0000005c   Code   RO         4290    i.PCT_HandleMoudleEvent  zc_protocol_controller.o
    0x08002c34   0x00000064   Code   RO         4291    i.PCT_HandleMoudleMsg  zc_protocol_controller.o
    0x08002c98   0x00000038   Code   RO         4292    i.PCT_HandleOtaBeginMsg  zc_protocol_controller.o
    0x08002cd0   0x0000005c   Code   RO         4293    i.PCT_HandleOtaEndMsg  zc_protocol_controller.o
    0x08002d2c   0x00000070   Code   RO         4294    i.PCT_HandleOtaFileBeginMsg  zc_protocol_controller.o
    0x08002d9c   0x00000138   Code   RO         4295    i.PCT_HandleOtaFileChunkMsg  zc_protocol_controller.o
    0x08002ed4   0x00000034   Code   RO         4296    i.PCT_HandleOtaFileEndMsg  zc_protocol_controller.o
    0x08002f08   0x00000080   Code   RO         4297    i.PCT_HandleUnbindMsg  zc_protocol_controller.o
    0x08002f88   0x00000064   Code   RO         4298    i.PCT_Init          zc_protocol_controller.o
    0x08002fec   0x00000068   Code   RO         4299    i.PCT_ModuleOtaFileBeginMsg  zc_protocol_controller.o
    0x08003054   0x00000160   Code   RO         4300    i.PCT_ModuleOtaFileChunkMsg  zc_protocol_controller.o
    0x080031b4   0x00000048   Code   RO         4301    i.PCT_ModuleOtaFileEndMsg  zc_protocol_controller.o
    0x080031fc   0x00000090   Code   RO         4302    i.PCT_ReconnectCloud  zc_protocol_controller.o
    0x0800328c   0x00000184   Code   RO         4303    i.PCT_RecvAccessMsg2  zc_protocol_controller.o
    0x08003410   0x000000d8   Code   RO         4304    i.PCT_RecvAccessMsg4  zc_protocol_controller.o
    0x080034e8   0x00000024   Code   RO         4305    i.PCT_ResetNetWork  zc_protocol_controller.o
    0x0800350c   0x00000054   Code   RO         4306    i.PCT_Run           zc_protocol_controller.o
    0x08003560   0x00000040   Code   RO         4307    i.PCT_SendAckToCloud  zc_protocol_controller.o
    0x080035a0   0x00000118   Code   RO         4308    i.PCT_SendCloudAccessMsg1  zc_protocol_controller.o
    0x080036b8   0x00000094   Code   RO         4309    i.PCT_SendCloudAccessMsg3  zc_protocol_controller.o
    0x0800374c   0x00000036   Code   RO         4310    i.PCT_SendEmptyMsg  zc_protocol_controller.o
    0x08003782   0x00000002   PAD
    0x08003784   0x00000040   Code   RO         4311    i.PCT_SendErrorMsg  zc_protocol_controller.o
    0x080037c4   0x00000048   Code   RO         4312    i.PCT_SendHeartMsg  zc_protocol_controller.o
    0x0800380c   0x00000090   Code   RO         4313    i.PCT_SendMoudleTimeout  zc_protocol_controller.o
    0x0800389c   0x0000010c   Code   RO         4314    i.PCT_SendMsgToCloud  zc_protocol_controller.o
    0x080039a8   0x00000030   Code   RO         4315    i.PCT_SendNotifyMsg  zc_protocol_controller.o
    0x080039d8   0x00000090   Code   RO         4316    i.PCT_SendUnbindMsg  zc_protocol_controller.o
    0x08003a68   0x00000028   Code   RO         4317    i.PCT_SetTokenKey   zc_protocol_controller.o
    0x08003a90   0x00000034   Code   RO         4319    i.PCT_WakeUp        zc_protocol_controller.o
    0x08003ac4   0x00000002   Code   RO          208    i.PendSV_Handler    stm32f10x_it.o
    0x08003ac6   0x00000002   PAD
    0x08003ac8   0x00000020   Code   RO          719    i.RCC_APB1PeriphClockCmd  stm32f10x_rcc.o
    0x08003ae8   0x00000020   Code   RO          721    i.RCC_APB2PeriphClockCmd  stm32f10x_rcc.o
    0x08003b08   0x0000007c   Code   RO            6    i.RCC_Configuration  main.o
    0x08003b84   0x0000004c   Code   RO          728    i.RCC_DeInit        stm32f10x_rcc.o
    0x08003bd0   0x000000d4   Code   RO          729    i.RCC_GetClocksFreq  stm32f10x_rcc.o
    0x08003ca4   0x0000003c   Code   RO          730    i.RCC_GetFlagStatus  stm32f10x_rcc.o
    0x08003ce0   0x00000010   Code   RO          732    i.RCC_GetSYSCLKSource  stm32f10x_rcc.o
    0x08003cf0   0x00000018   Code   RO          733    i.RCC_HCLKConfig    stm32f10x_rcc.o
    0x08003d08   0x0000004c   Code   RO          734    i.RCC_HSEConfig     stm32f10x_rcc.o
    0x08003d54   0x00000018   Code   RO          740    i.RCC_PCLK1Config   stm32f10x_rcc.o
    0x08003d6c   0x00000018   Code   RO          741    i.RCC_PCLK2Config   stm32f10x_rcc.o
    0x08003d84   0x0000000c   Code   RO          742    i.RCC_PLLCmd        stm32f10x_rcc.o
    0x08003d90   0x0000001c   Code   RO          743    i.RCC_PLLConfig     stm32f10x_rcc.o
    0x08003dac   0x00000018   Code   RO          746    i.RCC_SYSCLKConfig  stm32f10x_rcc.o
    0x08003dc4   0x00000038   Code   RO          748    i.RCC_WaitForHSEStartUp  stm32f10x_rcc.o
    0x08003dfc   0x00000028   Code   RO         3423    i.Reset_W5500       util.o
    0x08003e24   0x0000004c   Code   RO         4504    i.SEC_AesDecrypt    zc_sec_engine.o
    0x08003e70   0x0000004c   Code   RO         4505    i.SEC_AesEncrypt    zc_sec_engine.o
    0x08003ebc   0x000000ac   Code   RO         4506    i.SEC_Decrypt       zc_sec_engine.o
    0x08003f68   0x0000010c   Code   RO         4507    i.SEC_DecryptTextByRsa  zc_sec_engine.o
    0x08004074   0x00000090   Code   RO         4508    i.SEC_Encrypt       zc_sec_engine.o
    0x08004104   0x000000d8   Code   RO         4509    i.SEC_EncryptTextByRsa  zc_sec_engine.o
    0x080041dc   0x0000009c   Code   RO         4510    i.SEC_InitRsaContextWithPrivateKey  zc_sec_engine.o
    0x08004278   0x00000036   Code   RO         4511    i.SEC_InitRsaContextWithPublicKey  zc_sec_engine.o
    0x080042ae   0x00000002   PAD
    0x080042b0   0x00000084   Code   RO         4512    i.SEC_PaddingCheck  zc_sec_engine.o
    0x08004334   0x00000038   Code   RO         3910    i.SPI2_SendByte     spi2.o
    0x0800436c   0x00000018   Code   RO         2445    i.SPI_Cmd           stm32f10x_spi.o
    0x08004384   0x00000012   Code   RO         2453    i.SPI_I2S_GetFlagStatus  stm32f10x_spi.o
    0x08004396   0x00000006   Code   RO         2456    i.SPI_I2S_ReceiveData  stm32f10x_spi.o
    0x0800439c   0x00000004   Code   RO         2457    i.SPI_I2S_SendData  stm32f10x_spi.o
    0x080043a0   0x0000003c   Code   RO         2458    i.SPI_Init          stm32f10x_spi.o
    0x080043dc   0x00000002   Code   RO          209    i.SVC_Handler       stm32f10x_it.o
    0x080043de   0x00000008   Code   RO         3380    i.SetSysClock       system_stm32f10x.o
    0x080043e6   0x00000002   PAD
    0x080043e8   0x000000dc   Code   RO         3381    i.SetSysClockTo72   system_stm32f10x.o
    0x080044c4   0x000001a8   Code   RO         3424    i.Set_network       util.o
    0x0800466c   0x00000028   Code   RO          397    i.SysTick_CLKSourceConfig  misc.o
    0x08004694   0x00000036   Code   RO          325    i.SysTick_CounterCmd  stm32f10x_systick.o
    0x080046ca   0x0000002e   Code   RO          327    i.SysTick_GetFlagStatus  stm32f10x_systick.o
    0x080046f8   0x00000002   Code   RO          210    i.SysTick_Handler   stm32f10x_it.o
    0x080046fa   0x00000026   Code   RO          328    i.SysTick_ITConfig  stm32f10x_systick.o
    0x08004720   0x00000008   Code   RO          329    i.SysTick_SetReload  stm32f10x_systick.o
    0x08004728   0x00000060   Code   RO         3383    i.SystemInit        system_stm32f10x.o
    0x08004788   0x0000001c   Code   RO          211    i.TIM2_IRQHandler   stm32f10x_it.o
    0x080047a4   0x00000002   Code   RO          212    i.TIM3_IRQHandler   stm32f10x_it.o
    0x080047a6   0x00000002   PAD
    0x080047a8   0x00000020   Code   RO         4565    i.TIMER_AllocateTimer  zc_timer.o
    0x080047c8   0x00000024   Code   RO         4566    i.TIMER_FindIdleTimer  zc_timer.o
    0x080047ec   0x00000010   Code   RO         4567    i.TIMER_GetTimerStatus  zc_timer.o
    0x080047fc   0x00000018   Code   RO         4568    i.TIMER_Init        zc_timer.o
    0x08004814   0x00000020   Code   RO         4569    i.TIMER_StopTimer   zc_timer.o
    0x08004834   0x000000b8   Code   RO         4570    i.TIMER_TimeoutAction  zc_timer.o
    0x080048ec   0x00000006   Code   RO         2595    i.TIM_ClearITPendingBit  stm32f10x_tim.o
    0x080048f2   0x00000018   Code   RO         2600    i.TIM_Cmd           stm32f10x_tim.o
    0x0800490a   0x00000022   Code   RO         2621    i.TIM_GetITStatus   stm32f10x_tim.o
    0x0800492c   0x00000012   Code   RO         2625    i.TIM_ITConfig      stm32f10x_tim.o
    0x0800493e   0x00000006   Code   RO         2649    i.TIM_PrescalerConfig  stm32f10x_tim.o
    0x08004944   0x000000a4   Code   RO         2671    i.TIM_TimeBaseInit  stm32f10x_tim.o
    0x080049e8   0x00000030   Code   RO            7    i.Timer2_ISR        main.o
    0x08004a18   0x00000040   Code   RO            8    i.Timer_Configuration  main.o
    0x08004a58   0x00000002   Code   RO          213    i.USART1_IRQHandler  stm32f10x_it.o
    0x08004a5a   0x00000002   Code   RO          214    i.USART2_IRQHandler  stm32f10x_it.o
    0x08004a5c   0x00000054   Code   RO         3426    i.USART3_IRQHandler  util.o
    0x08004ab0   0x0000004c   Code   RO         3427    i.USART3_Init       util.o
    0x08004afc   0x00000012   Code   RO         3132    i.USART_ClearFlag   stm32f10x_usart.o
    0x08004b0e   0x00000018   Code   RO         3136    i.USART_Cmd         stm32f10x_usart.o
    0x08004b26   0x0000001a   Code   RO         3139    i.USART_GetFlagStatus  stm32f10x_usart.o
    0x08004b40   0x00000054   Code   RO         3140    i.USART_GetITStatus  stm32f10x_usart.o
    0x08004b94   0x0000004a   Code   RO         3142    i.USART_ITConfig    stm32f10x_usart.o
    0x08004bde   0x00000002   PAD
    0x08004be0   0x000000d8   Code   RO         3143    i.USART_Init        stm32f10x_usart.o
    0x08004cb8   0x0000000a   Code   RO         3150    i.USART_ReceiveData  stm32f10x_usart.o
    0x08004cc2   0x00000008   Code   RO         3153    i.USART_SendData    stm32f10x_usart.o
    0x08004cca   0x00000004   Code   RO          215    i.UsageFault_Handler  stm32f10x_it.o
    0x08004cce   0x00000002   PAD
    0x08004cd0   0x00000024   Code   RO         3911    i.WIZ_CS            spi2.o
    0x08004cf4   0x00000008   Code   RO            9    i.WIZ_Config        main.o
    0x08004cfc   0x00000054   Code   RO         3912    i.WIZ_SPI_Init      spi2.o
    0x08004d50   0x00000020   Code   RO         3997    i.ZC_ClientInit     zc_client_manager.o
    0x08004d70   0x0000000c   Code   RO         3999    i.ZC_ClientWakeUp   zc_client_manager.o
    0x08004d7c   0x00000080   Code   RO         4137    i.ZC_ConfigInitPara  zc_configuration.o
    0x08004dfc   0x00000114   Code   RO         4138    i.ZC_ConfigPara     zc_configuration.o
    0x08004f10   0x00000024   Code   RO         4139    i.ZC_ConfigUnBind   zc_configuration.o
    0x08004f34   0x0000006e   Code   RO         4247    i.ZC_DealExtCode    zc_moudle_manager.o
    0x08004fa2   0x00000002   PAD
    0x08004fa4   0x00000164   Code   RO         4248    i.ZC_DealSessionOpt  zc_moudle_manager.o
    0x08005108   0x00000040   Code   RO         4140    i.ZC_GetStoreInfor  zc_configuration.o
    0x08005148   0x00000054   Code   RO         4113    i.ZC_HexToString    zc_common.o
    0x0800519c   0x000000c8   Code   RO         5013    i.ZC_Init           zc_adapter.o
    0x08005264   0x0000006a   Code   RO         4114    i.ZC_Rand           zc_common.o
    0x080052ce   0x00000002   PAD
    0x080052d0   0x0000018c   Code   RO         4250    i.ZC_RecvDataFromMoudle  zc_moudle_manager.o
    0x0800545c   0x0000008c   Code   RO         3940    i.ZC_SendBc         zc_bc.o
    0x080054e8   0x0000003c   Code   RO         4141    i.ZC_StoreAccessInfo  zc_configuration.o
    0x08005524   0x00000064   Code   RO         4143    i.ZC_StoreRegisterInfo  zc_configuration.o
    0x08005588   0x00000028   Code   RO         4144    i.ZC_StoreTokenKey  zc_configuration.o
    0x080055b0   0x0000003c   Code   RO         5014    i.ZC_TimerExpired   zc_adapter.o
    0x080055ec   0x00000130   Code   RO         4115    i.ZC_TraceData      zc_common.o
    0x0800571c   0x00000020   Code   RO         5627    i.__0printf         mc_w.l(printfa.o)
    0x0800573c   0x00000028   Code   RO         5629    i.__0sprintf        mc_w.l(printfa.o)
    0x08005764   0x0000000e   Code   RO         5727    i.__scatterload_copy  mc_w.l(handlers.o)
    0x08005772   0x00000002   Code   RO         5728    i.__scatterload_null  mc_w.l(handlers.o)
    0x08005774   0x0000000e   Code   RO         5729    i.__scatterload_zeroinit  mc_w.l(handlers.o)
    0x08005782   0x00000002   PAD
    0x08005784   0x0000015c   Code   RO         5634    i._fp_digits        mc_w.l(printfa.o)
    0x080058e0   0x000006f0   Code   RO         5635    i._printf_core      mc_w.l(printfa.o)
    0x08005fd0   0x00000026   Code   RO         5636    i._printf_post_padding  mc_w.l(printfa.o)
    0x08005ff6   0x00000030   Code   RO         5637    i._printf_pre_padding  mc_w.l(printfa.o)
    0x08006026   0x0000000a   Code   RO         5639    i._sputc            mc_w.l(printfa.o)
    0x08006030   0x00000148   Code   RO         5287    i.check_DHCP_Timeout  dhcp.o
    0x08006178   0x00000328   Code   RO         5288    i.check_DHCP_state  dhcp.o
    0x080064a0   0x000000b4   Code   RO         5289    i.check_leasedIP    dhcp.o
    0x08006554   0x00000034   Code   RO         3624    i.close             socket.o
    0x08006588   0x000000f8   Code   RO         3625    i.connect           socket.o
    0x08006680   0x00000012   Code   RO         4894    i.crc16_ccitt       crc.o
    0x08006692   0x00000002   PAD
    0x08006694   0x00000044   Code   RO         4895    i.crc_cal_by_bit    crc.o
    0x080066d8   0x00000044   Code   RO          364    i.delay_init        systick.o
    0x0800671c   0x00000054   Code   RO          365    i.delay_ms          systick.o
    0x08006770   0x00000048   Code   RO          366    i.delay_us          systick.o
    0x080067b8   0x00000026   Code   RO         3626    i.disconnect        socket.o
    0x080067de   0x00000002   PAD
    0x080067e0   0x000000e0   Code   RO         5290    i.do_dhcp           dhcp.o
    0x080068c0   0x00000024   Code   RO         3430    i.fputc             util.o
    0x080068e4   0x00000050   Code   RO         5655    i.free              mc_w.l(malloc.o)
    0x08006934   0x00000010   Code   RO         3693    i.getGAR            w5500.o
    0x08006944   0x00000010   Code   RO         3696    i.getIINCHIP_TxMAX  w5500.o
    0x08006954   0x00000012   Code   RO         3699    i.getSHAR           w5500.o
    0x08006966   0x00000012   Code   RO         3700    i.getSIPR           w5500.o
    0x08006978   0x00000012   Code   RO         3701    i.getSUBR           w5500.o
    0x0800698a   0x00000012   Code   RO         3702    i.getSn_IR          w5500.o
    0x0800699c   0x00000054   Code   RO         3703    i.getSn_RX_RSR      w5500.o
    0x080069f0   0x00000012   Code   RO         3704    i.getSn_SR          w5500.o
    0x08006a02   0x00000054   Code   RO         3705    i.getSn_TX_FSR      w5500.o
    0x08006a56   0x0000000c   Code   RO         3431    i.htonl             util.o
    0x08006a62   0x0000000c   Code   RO         3432    i.htons             util.o
    0x08006a6e   0x0000000a   Code   RO         3706    i.iinchip_init      w5500.o
    0x08006a78   0x000000c8   Code   RO         5291    i.init_dhcp_client  dhcp.o
    0x08006b40   0x00000158   Code   RO         5015    i.loopback_tcpc     zc_adapter.o
    0x08006c98   0x000000f8   Code   RO           10    i.main              main.o
    0x08006d90   0x0000006c   Code   RO         5656    i.malloc            mc_w.l(malloc.o)
    0x08006dfc   0x000000e4   Code   RO         4610    i.mpi_add_abs       bignum.o
    0x08006ee0   0x0000006c   Code   RO         4612    i.mpi_add_mpi       bignum.o
    0x08006f4c   0x00000096   Code   RO         4613    i.mpi_cmp_abs       bignum.o
    0x08006fe2   0x00000032   Code   RO         4614    i.mpi_cmp_int       bignum.o
    0x08007014   0x000000b8   Code   RO         4615    i.mpi_cmp_mpi       bignum.o
    0x080070cc   0x00000060   Code   RO         4616    i.mpi_copy          bignum.o
    0x0800712c   0x00000470   Code   RO         4618    i.mpi_div_mpi       bignum.o
    0x0800759c   0x00000390   Code   RO         4619    i.mpi_exp_mod       bignum.o
    0x0800792c   0x0000001e   Code   RO         4620    i.mpi_free          bignum.o
    0x0800794a   0x0000002e   Code   RO         4623    i.mpi_grow          bignum.o
    0x08007978   0x0000001e   Code   RO         4624    i.mpi_init          bignum.o
    0x08007996   0x00000040   Code   RO         4628    i.mpi_lset          bignum.o
    0x080079d6   0x00000060   Code   RO         4630    i.mpi_mod_mpi       bignum.o
    0x08007a36   0x0000003a   Code   RO         4631    i.mpi_montg_init    bignum.o
    0x08007a70   0x000000c2   Code   RO         4632    i.mpi_montmul       bignum.o
    0x08007b32   0x0000002a   Code   RO         4633    i.mpi_montred       bignum.o
    0x08007b5c   0x00000042   Code   RO         4634    i.mpi_msb           bignum.o
    0x08007b9e   0x00000d1e   Code   RO         4635    i.mpi_mul_hlp       bignum.o
    0x080088bc   0x00000020   Code   RO         4636    i.mpi_mul_int       bignum.o
    0x080088dc   0x000000de   Code   RO         4637    i.mpi_mul_mpi       bignum.o
    0x080089ba   0x000000a2   Code   RO         4638    i.mpi_read_binary   bignum.o
    0x08008a5c   0x000000ce   Code   RO         4639    i.mpi_shift_l       bignum.o
    0x08008b2a   0x00000096   Code   RO         4640    i.mpi_shift_r       bignum.o
    0x08008bc0   0x00000010   Code   RO         4641    i.mpi_size          bignum.o
    0x08008bd0   0x0000008a   Code   RO         4642    i.mpi_sub_abs       bignum.o
    0x08008c5a   0x00000064   Code   RO         4643    i.mpi_sub_hlp       bignum.o
    0x08008cbe   0x0000006c   Code   RO         4645    i.mpi_sub_mpi       bignum.o
    0x08008d2a   0x00000064   Code   RO         4647    i.mpi_write_binary  bignum.o
    0x08008d8e   0x0000000c   Code   RO         3433    i.ntohl             util.o
    0x08008d9a   0x00000002   PAD
    0x08008d9c   0x00000668   Code   RO         5292    i.parseDHCPMSG      dhcp.o
    0x08009404   0x00000042   Code   RO         3628    i.recv              socket.o
    0x08009446   0x00000002   PAD
    0x08009448   0x00000094   Code   RO         3708    i.recv_data_processing  w5500.o
    0x080094dc   0x00000200   Code   RO         3629    i.recvfrom          socket.o
    0x080096dc   0x00000024   Code   RO         5293    i.reset_DHCP_time   dhcp.o
    0x08009700   0x0000005e   Code   RO         4849    i.rsa_free          rsa.o
    0x0800975e   0x0000002e   Code   RO         4850    i.rsa_init          rsa.o
    0x0800978c   0x000000b8   Code   RO         4851    i.rsa_pkcs1_decrypt  rsa.o
    0x08009844   0x00000098   Code   RO         4852    i.rsa_pkcs1_encrypt  rsa.o
    0x080098dc   0x0000011c   Code   RO         4853    i.rsa_private       rsa.o
    0x080099f8   0x00000088   Code   RO         4854    i.rsa_public        rsa.o
    0x08009a80   0x000000f0   Code   RO         3630    i.send              socket.o
    0x08009b70   0x000002f4   Code   RO         5294    i.send_DHCP_DISCOVER  dhcp.o
    0x08009e64   0x000002d4   Code   RO         5295    i.send_DHCP_RELEASE_DECLINE  dhcp.o
    0x0800a138   0x0000040c   Code   RO         5296    i.send_DHCP_REQUEST  dhcp.o
    0x0800a544   0x00000094   Code   RO         3709    i.send_data_processing  w5500.o
    0x0800a5d8   0x0000010c   Code   RO         3631    i.sendto            socket.o
    0x0800a6e4   0x00000010   Code   RO         3710    i.setGAR            w5500.o
    0x0800a6f4   0x0000000e   Code   RO         3711    i.setMR             w5500.o
    0x0800a702   0x00000010   Code   RO         3712    i.setRCR            w5500.o
    0x0800a712   0x0000001a   Code   RO         3713    i.setRTR            w5500.o
    0x0800a72c   0x00000012   Code   RO         3714    i.setSHAR           w5500.o
    0x0800a73e   0x00000012   Code   RO         3715    i.setSIPR           w5500.o
    0x0800a750   0x00000012   Code   RO         3716    i.setSUBR           w5500.o
    0x0800a762   0x00000002   PAD
    0x0800a764   0x000001a0   Code   RO         3435    i.set_w5500_ip      util.o
    0x0800a904   0x000000c4   Code   RO         3632    i.socket            socket.o
    0x0800a9c8   0x0000001c   Code   RO         3436    i.swapl             util.o
    0x0800a9e4   0x0000000e   Code   RO         3437    i.swaps             util.o
    0x0800a9f2   0x00000002   PAD
    0x0800a9f4   0x00000138   Code   RO         3719    i.sysinit           w5500.o
    0x0800ab2c   0x0000000c   Code   RO         3438    i.time_return       util.o
    0x0800ab38   0x0000001a   Code   RO         5017    i.timer_expired     zc_adapter.o
    0x0800ab52   0x00000010   Code   RO         5018    i.timer_set         zc_adapter.o
    0x0800ab62   0x00000002   PAD
    0x0800ab64   0x0000006c   Code   RO         3720    i.wiz_read_buf      w5500.o
    0x0800abd0   0x0000006c   Code   RO         3721    i.wiz_write_buf     w5500.o
    0x0800ac3c   0x00000053   Data   RO         4513    .constdata          zc_sec_engine.o
    0x0800ac8f   0x00000001   PAD
    0x0800ac90   0x00002828   Data   RO         4964    .constdata          aes_core.o
    0x0800d4b8   0x00000005   Data   RO         5298    .conststring        dhcp.o
    0x0800d4bd   0x00000003   PAD
    0x0800d4c0   0x00000020   Data   RO         5725    Region$$Table       anon$$obj.o


    Execution Region RW_IRAM1 (Base: 0x20000000, Size: 0x000052f8, Max: 0x00010000, ABSOLUTE, COMPRESSED[0x000000f8])

    Base Addr    Size         Type   Attr      Idx    E Section Name        Object

    0x20000000   0x00000048   Data   RW           12    .data               main.o
    0x20000048   0x00000005   Data   RW          367    .data               systick.o
    0x2000004d   0x00000014   Data   RW          749    .data               stm32f10x_rcc.o
    0x20000061   0x00000003   PAD
    0x20000064   0x00000009   Data   RW         3439    .data               util.o
    0x2000006d   0x00000001   PAD
    0x2000006e   0x00000002   Data   RW         3633    .data               socket.o
    0x20000070   0x00000010   Data   RW         3942    .data               zc_bc.o
    0x20000080   0x00000034   Data   RW         4146    .data               zc_configuration.o
    0x200000b4   0x00000010   Data   RW         5020    .data               zc_adapter.o
    0x200000c4   0x00000004   PAD
    0x200000c8   0x00000098   Data   RW         5235    .data               ac_hal.o
    0x20000160   0x00000041   Data   RW         5299    .data               dhcp.o
    0x200001a1   0x00000003   PAD
    0x200001a4   0x00000004   Data   RW         5380    .data               mc_w.l(rand.o)
    0x200001a8   0x00000004   Data   RW         5697    .data               mc_w.l(stdout.o)
    0x200001ac   0x00000004   Data   RW         5702    .data               mc_w.l(mvars.o)
    0x200001b0   0x00000004   Data   RW         5703    .data               mc_w.l(mvars.o)
    0x200001b4   0x00001017   Zero   RW           11    .bss                main.o
    0x200011cb   0x00000001   PAD
    0x200011cc   0x00000020   Zero   RW         3722    .bss                w5500.o
    0x200011ec   0x00000028   Zero   RW         4004    .bss                zc_client_manager.o
    0x20001214   0x000001b8   Zero   RW         4145    .bss                zc_configuration.o
    0x200013cc   0x0000008c   Zero   RW         4320    .bss                zc_protocol_controller.o
    0x20001458   0x00000050   Zero   RW         4571    .bss                zc_timer.o
    0x200014a8   0x00001868   Zero   RW         4648    .bss                bignum.o
    0x20002d10   0x00000148   Zero   RW         4855    .bss                rsa.o
    0x20002e58   0x00001744   Zero   RW         5019    .bss                zc_adapter.o
    0x2000459c   0x0000012c   Zero   RW         5172    .bss                ac_api.o
    0x200046c8   0x0000042c   Zero   RW         5297    .bss                dhcp.o
    0x20004af4   0x00000004   PAD
    0x20004af8   0x00000400   Zero   RW         3415    HEAP                startup_stm32f10x_hd.o
    0x20004ef8   0x00000400   Zero   RW         3414    STACK               startup_stm32f10x_hd.o


==============================================================================

Image component sizes


      Code (inc. data)   RO Data    RW Data    ZI Data      Debug   Object Name

       542         10          0          0        300       4897   ac_api.o
       404         96          0        152          0       4207   ac_hal.o
       614          0          0          0          0       4411   aes_cbc.o
      3564         68      10280          0          0       4528   aes_core.o
      8082         54          0          0       6248      23364   bignum.o
         0          0          0          0          0         32   core_cm3.o
        86          4          0          0          0       1163   crc.o
      5948       1834          5         65       1068      11579   dhcp.o
        44          6          0          0          0        433   led.o
      1092        342          0         72       4119     276795   main.o
       196         32          0          0          0       2503   misc.o
       896         38          0          0        328       5099   rsa.o
      1620         52          0          2          0       5426   socket.o
       176         16          0          0          0       1392   spi2.o
        36          8        304          0       2048        832   startup_stm32f10x_hd.o
       250         22          0          0          0       4249   stm32f10x_flash.o
       282          0          0          0          0       2952   stm32f10x_gpio.o
        60          0          0          0          0       7082   stm32f10x_it.o
       696         92          0         20          0      10118   stm32f10x_rcc.o
       112          0          0          0          0       3706   stm32f10x_spi.o
       146          0          0          0          0       1940   stm32f10x_systick.o
       252         42          0          0          0       4000   stm32f10x_tim.o
       460          6          0          0          0       6491   stm32f10x_usart.o
       324         26          0          0          0       1649   system_stm32f10x.o
       224         34          0          5          0       1595   systick.o
      1190        424          0          9          0       8165   util.o
      1390        130          0          0         32      13137   w5500.o
      1368        294          0         16       5956      16805   zc_adapter.o
       140         24          0         16          0      12116   zc_bc.o
        44          8          0          0         40       1057   zc_client_manager.o
       556          6          0          0          0       4544   zc_cloud_event.o
       494        188          0          0          0       2094   zc_common.o
       704        100          0         52        440       5602   zc_configuration.o
       792         68          0          0          0       4675   zc_message_queue.o
       862         26          0          0          0       3854   zc_moudle_manager.o
      4340        930          0          0        140      25490   zc_protocol_controller.o
      1294         96         83          0          0       7264   zc_sec_engine.o
       324        100          0          0         80       3474   zc_timer.o

    ----------------------------------------------------------------------
     39660       5176      10708        420      20804     498720   Object Totals
         0          0         32          0          0          0   (incl. Generated)
        56          0          4         11          5          0   (incl. Padding)

    ----------------------------------------------------------------------

      Code (inc. data)   RO Data    RW Data    ZI Data      Debug   Library Member Name

        92          0          0          0          0          0   __dczerorl2.o
         0          0          0          0          0          0   entry.o
         0          0          0          0          0          0   entry10a.o
         0          0          0          0          0          0   entry11a.o
         8          4          0          0          0          0   entry2.o
         4          0          0          0          0          0   entry5.o
         0          0          0          0          0          0   entry7b.o
         0          0          0          0          0          0   entry8b.o
         8          4          0          0          0          0   entry9a.o
        30          0          0          0          0          0   handlers.o
        36          8          0          0          0         68   init.o
         0          0          0          0          0          0   iusefp.o
        30          0          0          0          0         68   llshl.o
        36          0          0          0          0         68   llsshr.o
        32          0          0          0          0         68   llushr.o
       188         20          0          0          0        160   malloc.o
        26          0          0          0          0         80   memcmp.o
        36          0          0          0          0         68   memcpya.o
        36          0          0          0          0        108   memseta.o
         0          0          0          8          0          0   mvars.o
      2292         96          0          0          0        596   printfa.o
        36         10          0          4          0        136   rand.o
         0          0          0          4          0          0   stdout.o
        18          0          0          0          0         68   strcpy.o
        14          0          0          0          0         68   strlen.o
        44          0          0          0          0         80   uidiv.o
        98          0          0          0          0         92   uldiv.o
        40          2          0          0          0         68   cdrcmple.o
       334          0          0          0          0        148   dadd.o
       222          0          0          0          0        100   ddiv.o
       190          0          0          0          0        176   depilogue.o
        48          0          0          0          0         68   dfixul.o
       228          0          0          0          0         96   dmul.o

    ----------------------------------------------------------------------
      4128        144          0         16          0       2384   Library Totals
         2          0          0          0          0          0   (incl. Padding)

    ----------------------------------------------------------------------

      Code (inc. data)   RO Data    RW Data    ZI Data      Debug   Library Name

      3064        142          0         16          0       1728   mc_w.l
      1062          2          0          0          0        656   mf_w.l

    ----------------------------------------------------------------------
      4128        144          0         16          0       2384   Library Totals

    ----------------------------------------------------------------------

==============================================================================


      Code (inc. data)   RO Data    RW Data    ZI Data      Debug   

     43788       5320      10708        436      20804     484620   Grand Totals
     43788       5320      10708        248      20804     484620   ELF Image Totals (compressed)
     43788       5320      10708        248          0          0   ROM Totals

==============================================================================

    Total RO  Size (Code + RO Data)                54496 (  53.22kB)
    Total RW  Size (RW Data + ZI Data)             21240 (  20.74kB)
    Total ROM Size (Code + RO Data + RW Data)      54744 (  53.46kB)

==============================================================================

