ARM Linker, 5.03 [Build 76] [MDK-ARM Professional]

==============================================================================

Section Cross References

    main.o(i.GPIO_Configuration) refers to stm32f10x_gpio.o(i.GPIO_Init) for GPIO_Init
    main.o(i.GPIO_Configuration) refers to stm32f10x_gpio.o(i.GPIO_SetBits) for GPIO_SetBits
    main.o(i.NVIC_Configuration) refers to misc.o(i.NVIC_PriorityGroupConfig) for NVIC_PriorityGroupConfig
    main.o(i.NVIC_Configuration) refers to misc.o(i.NVIC_Init) for NVIC_Init
    main.o(i.NVIC_Configuration) refers to misc.o(i.NVIC_SetVectorTable) for NVIC_SetVectorTable
    main.o(i.RCC_Configuration) refers to stm32f10x_rcc.o(i.RCC_DeInit) for RCC_DeInit
    main.o(i.RCC_Configuration) refers to stm32f10x_rcc.o(i.RCC_HSEConfig) for RCC_HSEConfig
    main.o(i.RCC_Configuration) refers to stm32f10x_rcc.o(i.RCC_WaitForHSEStartUp) for RCC_WaitForHSEStartUp
    main.o(i.RCC_Configuration) refers to stm32f10x_flash.o(i.FLASH_PrefetchBufferCmd) for FLASH_PrefetchBufferCmd
    main.o(i.RCC_Configuration) refers to stm32f10x_flash.o(i.FLASH_SetLatency) for FLASH_SetLatency
    main.o(i.RCC_Configuration) refers to stm32f10x_rcc.o(i.RCC_HCLKConfig) for RCC_HCLKConfig
    main.o(i.RCC_Configuration) refers to stm32f10x_rcc.o(i.RCC_PCLK2Config) for RCC_PCLK2Config
    main.o(i.RCC_Configuration) refers to stm32f10x_rcc.o(i.RCC_PCLK1Config) for RCC_PCLK1Config
    main.o(i.RCC_Configuration) refers to stm32f10x_rcc.o(i.RCC_PLLConfig) for RCC_PLLConfig
    main.o(i.RCC_Configuration) refers to stm32f10x_rcc.o(i.RCC_PLLCmd) for RCC_PLLCmd
    main.o(i.RCC_Configuration) refers to stm32f10x_rcc.o(i.RCC_GetFlagStatus) for RCC_GetFlagStatus
    main.o(i.RCC_Configuration) refers to stm32f10x_rcc.o(i.RCC_SYSCLKConfig) for RCC_SYSCLKConfig
    main.o(i.RCC_Configuration) refers to stm32f10x_rcc.o(i.RCC_GetSYSCLKSource) for RCC_GetSYSCLKSource
    main.o(i.RCC_Configuration) refers to stm32f10x_rcc.o(i.RCC_APB1PeriphClockCmd) for RCC_APB1PeriphClockCmd
    main.o(i.RCC_Configuration) refers to stm32f10x_rcc.o(i.RCC_APB2PeriphClockCmd) for RCC_APB2PeriphClockCmd
    main.o(i.Timer2_ISR) refers to main.o(.data) for my_time
    main.o(i.Timer_Configuration) refers to stm32f10x_tim.o(i.TIM_TimeBaseInit) for TIM_TimeBaseInit
    main.o(i.Timer_Configuration) refers to stm32f10x_tim.o(i.TIM_PrescalerConfig) for TIM_PrescalerConfig
    main.o(i.Timer_Configuration) refers to stm32f10x_tim.o(i.TIM_Cmd) for TIM_Cmd
    main.o(i.Timer_Configuration) refers to stm32f10x_tim.o(i.TIM_ITConfig) for TIM_ITConfig
    main.o(i.WIZ_Config) refers to util.o(i.Set_network) for Set_network
    main.o(i.main) refers to systick.o(i.delay_init) for delay_init
    main.o(i.main) refers to main.o(i.RCC_Configuration) for RCC_Configuration
    main.o(i.main) refers to main.o(i.NVIC_Configuration) for NVIC_Configuration
    main.o(i.main) refers to main.o(i.GPIO_Configuration) for GPIO_Configuration
    main.o(i.main) refers to util.o(i.USART3_Init) for USART3_Init
    main.o(i.main) refers to main.o(i.Timer_Configuration) for Timer_Configuration
    main.o(i.main) refers to led.o(i.LED_GPIO_Configuration) for LED_GPIO_Configuration
    main.o(i.main) refers to stm32f10x_gpio.o(i.GPIO_ResetBits) for GPIO_ResetBits
    main.o(i.main) refers to util.o(i.Reset_W5500) for Reset_W5500
    main.o(i.main) refers to spi2.o(i.WIZ_SPI_Init) for WIZ_SPI_Init
    main.o(i.main) refers to zc_adapter.o(i.ZC_Init) for ZC_Init
    main.o(i.main) refers to zc_adapter.o(i.HF_ReadDataFormFlash) for HF_ReadDataFormFlash
    main.o(i.main) refers to main.o(i.WIZ_Config) for WIZ_Config
    main.o(i.main) refers to printfa.o(i.__0printf) for __2printf
    main.o(i.main) refers to main.o(i.Dhcp_Task) for Dhcp_Task
    main.o(i.main) refers to zc_adapter.o(i.HF_WakeUp) for HF_WakeUp
    main.o(i.main) refers to zc_adapter.o(i.HF_Cloudfunc) for HF_Cloudfunc
    main.o(i.main) refers to main.o(.data) for my_time
    stm32f10x_it.o(i.TIM2_IRQHandler) refers to stm32f10x_tim.o(i.TIM_GetITStatus) for TIM_GetITStatus
    stm32f10x_it.o(i.TIM2_IRQHandler) refers to stm32f10x_tim.o(i.TIM_ClearITPendingBit) for TIM_ClearITPendingBit
    stm32f10x_it.o(i.TIM2_IRQHandler) refers to main.o(i.Timer2_ISR) for Timer2_ISR
    led.o(i.LED_GPIO_Configuration) refers to stm32f10x_rcc.o(i.RCC_APB2PeriphClockCmd) for RCC_APB2PeriphClockCmd
    led.o(i.LED_GPIO_Configuration) refers to stm32f10x_gpio.o(i.GPIO_Init) for GPIO_Init
    led.o(i.LED_Test) refers to stm32f10x_gpio.o(i.GPIO_ResetBits) for GPIO_ResetBits
    led.o(i.LED_Test) refers to led.o(i.Delay) for Delay
    led.o(i.LED_Test) refers to stm32f10x_gpio.o(i.GPIO_SetBits) for GPIO_SetBits
    systick.o(i.delay_init) refers to stm32f10x_rcc.o(i.RCC_GetClocksFreq) for RCC_GetClocksFreq
    systick.o(i.delay_init) refers to misc.o(i.SysTick_CLKSourceConfig) for SysTick_CLKSourceConfig
[...]
    .data                                    0x20000154   Section        4  stdout.o(.data)
    .data                                    0x20000158   Section        4  mvars.o(.data)
    .data                                    0x2000015c   Section        4  mvars.o(.data)
    .bss                                     0x20000160   Section     4119  main.o(.bss)
    .bss                                     0x20001178   Section       32  w5500.o(.bss)
    SSIZE                                    0x20001178   Data          16  w5500.o(.bss)
    RSIZE                                    0x20001188   Data          16  w5500.o(.bss)
    .bss                                     0x20001198   Section       40  zc_client_manager.o(.bss)
    .bss                                     0x200011c0   Section      440  zc_configuration.o(.bss)
    .bss                                     0x20001378   Section      140  zc_protocol_controller.o(.bss)
    .bss                                     0x20001404   Section       80  zc_timer.o(.bss)
    .bss                                     0x20001454   Section     6248  bignum.o(.bss)
    .bss                                     0x20002cbc   Section      328  rsa.o(.bss)
    .bss                                     0x20002e04   Section     5956  zc_adapter.o(.bss)
    .bss                                     0x20004548   Section      300  ac_api.o(.bss)
    HEAP                                     0x20004678   Section     1024  startup_stm32f10x_hd.o(HEAP)
    STACK                                    0x20004a78   Section     1024  startup_stm32f10x_hd.o(STACK)

    Global Symbols

    Symbol Name                              Value     Ov Type        Size  Object(Section)

    BuildAttributes$$THM_ISAv4$P$D$K$B$S$PE$A:L22UL41UL21$X:L11$S22US41US21$IEEE1$IW$USESV6$~STKCKD$USESV7$~SHL$OSPACE$ROPI$EBA8$MICROLIB$REQ8$PRES8$EABIv2 0x00000000   Number         0  anon$$obj.o ABSOLUTE
    __ARM_use_no_argv                        0x00000000   Number         0  main.o ABSOLUTE
    _printf_a                                0x00000000   Number         0  stubs.o ABSOLUTE
    _printf_c                                0x00000000   Number         0  stubs.o ABSOLUTE
    _printf_charcount                        0x00000000   Number         0  stubs.o ABSOLUTE
    _printf_d                                0x00000000   Number         0  stubs.o ABSOLUTE
    _printf_e                                0x00000000   Number         0  stubs.o ABSOLUTE
    _printf_f                                0x00000000   Number         0  stubs.o ABSOLUTE
    _printf_flags                            0x00000000   Number         0  stubs.o ABSOLUTE
    _printf_fp_dec                           0x00000000   Number         0  stubs.o ABSOLUTE
    _printf_fp_hex                           0x00000000   Number         0  stubs.o ABSOLUTE
    _printf_g                                0x00000000   Number         0  stubs.o ABSOLUTE
    _printf_i                                0x00000000   Number         0  stubs.o ABSOLUTE
    _printf_int_dec                          0x00000000   Number         0  stubs.o ABSOLUTE
    _printf_l                                0x00000000   Number         0  stubs.o ABSOLUTE
    _printf_lc                               0x00000000   Number         0  stubs.o ABSOLUTE
    _printf_ll                               0x00000000   Number         0  stubs.o ABSOLUTE
    _printf_lld                              0x00000000   Number         0  stubs.o ABSOLUTE
    _printf_lli                              0x00000000   Number         0  stubs.o ABSOLUTE
    _printf_llo                              0x00000000   Number         0  stubs.o ABSOLUTE
    _printf_llu                              0x00000000   Number         0  stubs.o ABSOLUTE
    _printf_llx                              0x00000000   Number         0  stubs.o ABSOLUTE
    _printf_longlong_dec                     0x00000000   Number         0  stubs.o ABSOLUTE
    _printf_longlong_hex                     0x00000000   Number         0  stubs.o ABSOLUTE
    _printf_longlong_oct                     0x00000000   Number         0  stubs.o ABSOLUTE
    _printf_ls                               0x00000000   Number         0  stubs.o ABSOLUTE
    _printf_mbtowc                           0x00000000   Number         0  stubs.o ABSOLUTE
    _printf_n                                0x00000000   Number         0  stubs.o ABSOLUTE
    _printf_o                                0x00000000   Number         0  stubs.o ABSOLUTE
    _printf_p                                0x00000000   Number         0  stubs.o ABSOLUTE
    _printf_percent                          0x00000000   Number         0  stubs.o ABSOLUTE
    _printf_pre_padding                      0x00000000   Number         0  stubs.o ABSOLUTE
    _printf_return_value                     0x00000000   Number         0  stubs.o ABSOLUTE
    _printf_s                                0x00000000   Number         0  stubs.o ABSOLUTE
    _printf_sizespec                         0x00000000   Number         0  stubs.o ABSOLUTE
    _printf_str                              0x00000000   Number         0  stubs.o ABSOLUTE
    _printf_truncate_signed                  0x00000000   Number         0  stubs.o ABSOLUTE
    _printf_truncate_unsigned                0x00000000   Number         0  stubs.o ABSOLUTE
    _printf_u                                0x00000000   Number         0  stubs.o ABSOLUTE
    _printf_wc                               0x00000000   Number         0  stubs.o ABSOLUTE
    _printf_wctomb                           0x00000000   Number         0  stubs.o ABSOLUTE
    _printf_widthprec                        0x00000000   Number         0  stubs.o ABSOLUTE
    _printf_x                                0x00000000   Number         0  stubs.o ABSOLUTE
    __cpp_initialize__aeabi_                  - Undefined Weak Reference
    __cxa_finalize                            - Undefined Weak Reference
    _clock_init                               - Undefined Weak Reference
    _microlib_exit                            - Undefined Weak Reference
    __Vectors_Size                           0x00000130   Number         0  startup_stm32f10x_hd.o ABSOLUTE
    __Vectors                                0x08000000   Data           4  startup_stm32f10x_hd.o(RESET)
    __Vectors_End                            0x08000130   Data           0  startup_stm32f10x_hd.o(RESET)
    __main                                   0x08000131   Thumb Code     0  entry.o(.ARM.Collect$$$$00000000)
    _main_stk                                0x08000131   Thumb Code     0  entry2.o(.ARM.Collect$$$$00000001)
    _main_scatterload                        0x08000135   Thumb Code     0  entry5.o(.ARM.Collect$$$$00000004)
    __main_after_scatterload                 0x08000139   Thumb Code     0  entry5.o(.ARM.Collect$$$$00000004)
    _main_clock                              0x08000139   Thumb Code     0  entry7b.o(.ARM.Collect$$$$00000008)
    _main_cpp_init                           0x08000139   Thumb Code     0  entry8b.o(.ARM.Collect$$$$0000000A)
    _main_init                               0x08000139   Thumb Code     0  entry9a.o(.ARM.Collect$$$$0000000B)
    __rt_final_cpp                           0x08000141   Thumb Code     0  entry10a.o(.ARM.Collect$$$$0000000D)
    __rt_final_exit                          0x08000141   Thumb Code     0  entry11a.o(.ARM.Collect$$$$0000000F)
    Reset_Handler                            0x08000145   Thumb Code     8  startup_stm32f10x_hd.o(.text)
    ADC1_2_IRQHandler                        0x0800015f   Thumb Code     0  startup_stm32f10x_hd.o(.text)
    ADC3_IRQHandler                          0x0800015f   Thumb Code     0  startup_stm32f10x_hd.o(.text)
    CAN1_RX1_IRQHandler                      0x0800015f   Thumb Code     0  startup_stm32f10x_hd.o(.text)
    CAN1_SCE_IRQHandler                      0x0800015f   Thumb Code     0  startup_stm32f10x_hd.o(.text)
    DMA1_Channel1_IRQHandler                 0x0800015f   Thumb Code     0  startup_stm32f10x_hd.o(.text)
    DMA1_Channel2_IRQHandler                 0x0800015f   Thumb Code     0  startup_stm32f10x_hd.o(.text)
    DMA1_Channel3_IRQHandler                 0x0800015f   Thumb Code     0  startup_stm32f10x_hd.o(.text)
    DMA1_Channel4_IRQHandler                 0x0800015f   Thumb Code     0  startup_stm32f10x_hd.o(.text)
    DMA1_Channel5_IRQHandler                 0x0800015f   Thumb Code     0  startup_stm32f10x_hd.o(.text)
    DMA1_Channel6_IRQHandler                 0x0800015f   Thumb Code     0  startup_stm32f10x_hd.o(.text)
    DMA1_Channel7_IRQHandler                 0x0800015f   Thumb Code     0  startup_stm32f10x_hd.o(.text)
    DMA2_Channel1_IRQHandler                 0x0800015f   Thumb Code     0  startup_stm32f10x_hd.o(.text)
    DMA2_Channel2_IRQHandler                 0x0800015f   Thumb Code     0  startup_stm32f10x_hd.o(.text)
    DMA2_Channel3_IRQHandler                 0x0800015f   Thumb Code     0  startup_stm32f10x_hd.o(.text)
    DMA2_Channel4_5_IRQHandler               0x0800015f   Thumb Code     0  startup_stm32f10x_hd.o(.text)
    EXTI0_IRQHandler                         0x0800015f   Thumb Code     0  startup_stm32f10x_hd.o(.text)
    EXTI15_10_IRQHandler                     0x0800015f   Thumb Code     0  startup_stm32f10x_hd.o(.text)
    EXTI1_IRQHandler                         0x0800015f   Thumb Code     0  startup_stm32f10x_hd.o(.text)
    EXTI2_IRQHandler                         0x0800015f   Thumb Code     0  startup_stm32f10x_hd.o(.text)
    EXTI3_IRQHandler                         0x0800015f   Thumb Code     0  startup_stm32f10x_hd.o(.text)
    EXTI4_IRQHandler                         0x0800015f   Thumb Code     0  startup_stm32f10x_hd.o(.text)
    EXTI9_5_IRQHandler                       0x0800015f   Thumb Code     0  startup_stm32f10x_hd.o(.text)
    FLASH_IRQHandler                         0x0800015f   Thumb Code     0  startup_stm32f10x_hd.o(.text)
    FSMC_IRQHandler                          0x0800015f   Thumb Code     0  startup_stm32f10x_hd.o(.text)
    I2C1_ER_IRQHandler                       0x0800015f   Thumb Code     0  startup_stm32f10x_hd.o(.text)
    I2C1_EV_IRQHandler                       0x0800015f   Thumb Code     0  startup_stm32f10x_hd.o(.text)
    I2C2_ER_IRQHandler                       0x0800015f   Thumb Code     0  startup_stm32f10x_hd.o(.text)
    I2C2_EV_IRQHandler                       0x0800015f   Thumb Code     0  startup_stm32f10x_hd.o(.text)
    PVD_IRQHandler                           0x0800015f   Thumb Code     0  startup_stm32f10x_hd.o(.text)
    RCC_IRQHandler                           0x0800015f   Thumb Code     0  startup_stm32f10x_hd.o(.text)
    RTCAlarm_IRQHandler                      0x0800015f   Thumb Code     0  startup_stm32f10x_hd.o(.text)
    RTC_IRQHandler                           0x0800015f   Thumb Code     0  startup_stm32f10x_hd.o(.text)
    SDIO_IRQHandler                          0x0800015f   Thumb Code     0  startup_stm32f10x_hd.o(.text)
    SPI1_IRQHandler                          0x0800015f   Thumb Code     0  startup_stm32f10x_hd.o(.text)
    SPI2_IRQHandler                          0x0800015f   Thumb Code     0  startup_stm32f10x_hd.o(.text)
    SPI3_IRQHandler                          0x0800015f   Thumb Code     0  startup_stm32f10x_hd.o(.text)
    TAMPER_IRQHandler                        0x0800015f   Thumb Code     0  startup_stm32f10x_hd.o(.text)
    TIM1_BRK_IRQHandler                      0x0800015f   Thumb Code     0  startup_stm32f10x_hd.o(.text)
    TIM1_CC_IRQHandler                       0x0800015f   Thumb Code     0  startup_stm32f10x_hd.o(.text)
    TIM1_TRG_COM_IRQHandler                  0x0800015f   Thumb Code     0  startup_stm32f10x_hd.o(.text)
    TIM1_UP_IRQHandler                       0x0800015f   Thumb Code     0  startup_stm32f10x_hd.o(.text)
    TIM4_IRQHandler                          0x0800015f   Thumb Code     0  startup_stm32f10x_hd.o(.text)
    TIM5_IRQHandler                          0x0800015f   Thumb Code     0  startup_stm32f10x_hd.o(.text)
    TIM6_IRQHandler                          0x0800015f   Thumb Code     0  startup_stm32f10x_hd.o(.text)
    TIM7_IRQHandler                          0x0800015f   Thumb Code     0  startup_stm32f10x_hd.o(.text)
    TIM8_BRK_IRQHandler                      0x0800015f   Thumb Code     0  startup_stm32f10x_hd.o(.text)
    TIM8_CC_IRQHandler                       0x0800015f   Thumb Code     0  startup_stm32f10x_hd.o(.text)
    TIM8_TRG_COM_IRQHandler                  0x0800015f   Thumb Code     0  startup_stm32f10x_hd.o(.text)
    TIM8_UP_IRQHandler                       0x0800015f   Thumb Code     0  startup_stm32f10x_hd.o(.text)
    UART4_IRQHandler                         0x0800015f   Thumb Code     0  startup_stm32f10x_hd.o(.text)
    UART5_IRQHandler                         0x0800015f   Thumb Code     0  startup_stm32f10x_hd.o(.text)
    USBWakeUp_IRQHandler                     0x0800015f   Thumb Code     0  startup_stm32f10x_hd.o(.text)
    USB_HP_CAN1_TX_IRQHandler                0x0800015f   Thumb Code     0  startup_stm32f10x_hd.o(.text)
    USB_LP_CAN1_RX0_IRQHandler               0x0800015f   Thumb Code     0  startup_stm32f10x_hd.o(.text)
    WWDG_IRQHandler                          0x0800015f   Thumb Code     0  startup_stm32f10x_hd.o(.text)
    rand                                     0x08000169   Thumb Code    20  rand.o(.text)
    srand                                    0x0800017d   Thumb Code     6  rand.o(.text)
    __aeabi_memcpy                           0x0800018d   Thumb Code    36  memcpya.o(.text)
    __aeabi_memcpy4                          0x0800018d   Thumb Code     0  memcpya.o(.text)
    __aeabi_memcpy8                          0x0800018d   Thumb Code     0  memcpya.o(.text)
    __aeabi_memset                           0x080001b1   Thumb Code    14  memseta.o(.text)
    __aeabi_memset4                          0x080001b1   Thumb Code     0  memseta.o(.text)
    __aeabi_memset8                          0x080001b1   Thumb Code     0  memseta.o(.text)
    __aeabi_memclr                           0x080001bf   Thumb Code     4  memseta.o(.text)
    __aeabi_memclr4                          0x080001bf   Thumb Code     0  memseta.o(.text)
    __aeabi_memclr8                          0x080001bf   Thumb Code     0  memseta.o(.text)
    _memset$wrapper                          0x080001c3   Thumb Code    18  memseta.o(.text)
    memcmp                                   0x080001d5   Thumb Code    26  memcmp.o(.text)
    __aeabi_uidiv                            0x080001ef   Thumb Code     0  uidiv.o(.text)
    __aeabi_uidivmod                         0x080001ef   Thumb Code    44  uidiv.o(.text)
    __aeabi_uldivmod                         0x0800021b   Thumb Code    98  uldiv.o(.text)
    __I$use$fp                               0x0800027d   Thumb Code     0  iusefp.o(.text)
    __aeabi_dadd                             0x0800027d   Thumb Code   322  dadd.o(.text)
    __aeabi_dsub                             0x080003bf   Thumb Code     6  dadd.o(.text)
    __aeabi_drsub                            0x080003c5   Thumb Code     6  dadd.o(.text)
    __aeabi_dmul                             0x080003cb   Thumb Code   228  dmul.o(.text)
    __aeabi_ddiv                             0x080004af   Thumb Code   222  ddiv.o(.text)
    __aeabi_d2ulz                            0x0800058d   Thumb Code    48  dfixul.o(.text)
    __aeabi_cdrcmple                         0x080005bd   Thumb Code    38  cdrcmple.o(.text)
    __scatterload                            0x080005e5   Thumb Code    28  init.o(.text)
    __scatterload_rt2                        0x080005e5   Thumb Code     0  init.o(.text)
    __aeabi_llsl                             0x08000609   Thumb Code    30  llshl.o(.text)
    _ll_shift_l                              0x08000609   Thumb Code     0  llshl.o(.text)
    __aeabi_llsr                             0x08000627   Thumb Code    32  llushr.o(.text)
    _ll_ushift_r                             0x08000627   Thumb Code     0  llushr.o(.text)
    __aeabi_lasr                             0x08000647   Thumb Code    36  llsshr.o(.text)
    _ll_sshift_r                             0x08000647   Thumb Code     0  llsshr.o(.text)
    _double_round                            0x0800066b   Thumb Code    26  depilogue.o(.text)
    _double_epilogue                         0x08000685   Thumb Code   164  depilogue.o(.text)
    __decompress                             0x08000729   Thumb Code     0  __dczerorl2.o(.text)
    __decompress1                            0x08000729   Thumb Code    92  __dczerorl2.o(.text)
    AC_BlinkLed                              0x08000785   Thumb Code     2  ac_hal.o(i.AC_BlinkLed)
    AC_BuildMessage                          0x08000787   Thumb Code   132  ac_api.o(i.AC_BuildMessage)
    AC_BuildOption                           0x0800080b   Thumb Code   124  ac_api.o(i.AC_BuildOption)
    AC_ConfigWifi                            0x08000889   Thumb Code    96  ac_hal.o(i.AC_ConfigWifi)
    AC_DealEvent                             0x08000929   Thumb Code    30  ac_hal.o(i.AC_DealEvent)
    AC_DealLed                               0x08000949   Thumb Code    76  ac_hal.o(i.AC_DealLed)
    AC_DealNotifyMessage                     0x080009a1   Thumb Code    80  ac_hal.o(i.AC_DealNotifyMessage)
    AC_ParseOption                           0x080009fd   Thumb Code    98  ac_api.o(i.AC_ParseOption)
    AC_RecvMessage                           0x08000a5f   Thumb Code    92  ac_api.o(i.AC_RecvMessage)
    AC_SendDeviceRegsiterWithMac             0x08000abd   Thumb Code    76  ac_api.o(i.AC_SendDeviceRegsiterWithMac)
    AC_SendMessage                           0x08000b0d   Thumb Code    16  ac_api.o(i.AC_SendMessage)
    AC_StoreStatus                           0x08000b1d   Thumb Code    24  ac_hal.o(i.AC_StoreStatus)
    AES_CBC_Decrypt                          0x08000b3d   Thumb Code    68  aes_cbc.o(i.AES_CBC_Decrypt)
    AES_CBC_Encrypt                          0x08000b81   Thumb Code    68  aes_cbc.o(i.AES_CBC_Encrypt)
    AES_cbc_core                             0x08000bc5   Thumb Code   478  aes_cbc.o(i.AES_cbc_core)
    AES_decrypt                              0x08000da5   Thumb Code  1164  aes_core.o(i.AES_decrypt)
    AES_encrypt                              0x08001245   Thumb Code  1164  aes_core.o(i.AES_encrypt)
    AES_set_decrypt_key                      0x080016e5   Thumb Code   460  aes_core.o(i.AES_set_decrypt_key)
    AES_set_encrypt_key                      0x080018c5   Thumb Code   708  aes_core.o(i.AES_set_encrypt_key)
    BusFault_Handler                         0x08001b91   Thumb Code     4  stm32f10x_it.o(i.BusFault_Handler)
    DebugMon_Handler                         0x08001b95   Thumb Code     2  stm32f10x_it.o(i.DebugMon_Handler)
    Delay_ms                                 0x08001b97   Thumb Code    12  util.o(i.Delay_ms)
    Delay_us                                 0x08001ba3   Thumb Code    12  util.o(i.Delay_us)
    Dhcp_Task                                0x08001baf   Thumb Code     4  main.o(i.Dhcp_Task)
    Dns_Task                                 0x08001bb3   Thumb Code     6  main.o(i.Dns_Task)
    EVENT_BuildBcMsg                         0x08001bb9   Thumb Code   114  zc_cloud_event.o(i.EVENT_BuildBcMsg)
    EVENT_BuildEmptyMsg                      0x08001c31   Thumb Code    64  zc_cloud_event.o(i.EVENT_BuildEmptyMsg)
    EVENT_BuildHeartMsg                      0x08001c71   Thumb Code    60  zc_cloud_event.o(i.EVENT_BuildHeartMsg)
    EVENT_BuildMsg                           0x08001cad   Thumb Code    90  zc_cloud_event.o(i.EVENT_BuildMsg)
    EVENT_BuildOption                        0x08001d07   Thumb Code   124  zc_cloud_event.o(i.EVENT_BuildOption)
    EVENT_ParseOption                        0x08001d83   Thumb Code    98  zc_cloud_event.o(i.EVENT_ParseOption)
    FLASH_GetBank1Status                     0x08001de5   Thumb Code    48  stm32f10x_flash.o(i.FLASH_GetBank1Status)
    FLASH_PrefetchBufferCmd                  0x08001e19   Thumb Code    22  stm32f10x_flash.o(i.FLASH_PrefetchBufferCmd)
    FLASH_ProgramWord                        0x08001e35   Thumb Code   102  stm32f10x_flash.o(i.FLASH_ProgramWord)
    FLASH_SetLatency                         0x08001ea1   Thumb Code    18  stm32f10x_flash.o(i.FLASH_SetLatency)
    FLASH_WaitForLastOperation               0x08001eb9   Thumb Code    38  stm32f10x_flash.o(i.FLASH_WaitForLastOperation)
    GPIO_Configuration                       0x08001ee1   Thumb Code   220  main.o(i.GPIO_Configuration)
    GPIO_Init                                0x08001fc9   Thumb Code   274  stm32f10x_gpio.o(i.GPIO_Init)
    GPIO_ResetBits                           0x080020db   Thumb Code     4  stm32f10x_gpio.o(i.GPIO_ResetBits)
    GPIO_SetBits                             0x080020df   Thumb Code     4  stm32f10x_gpio.o(i.GPIO_SetBits)
    HF_BcInit                                0x080020e5   Thumb Code    76  zc_adapter.o(i.HF_BcInit)
    HF_Cloudfunc                             0x08002141   Thumb Code    34  zc_adapter.o(i.HF_Cloudfunc)
    HF_ConnectToCloud                        0x08002169   Thumb Code   228  zc_adapter.o(i.HF_ConnectToCloud)
    HF_FirmwareUpdate                        0x0800225d   Thumb Code     6  zc_adapter.o(i.HF_FirmwareUpdate)
    HF_FirmwareUpdateFinish                  0x08002263   Thumb Code     4  zc_adapter.o(i.HF_FirmwareUpdateFinish)
    HF_GetMac                                0x08002269   Thumb Code    16  zc_adapter.o(i.HF_GetMac)
    HF_ListenClient                          0x0800227d   Thumb Code     6  zc_adapter.o(i.HF_ListenClient)
    HF_ReadDataFormFlash                     0x08002285   Thumb Code    38  zc_adapter.o(i.HF_ReadDataFormFlash)
    HF_Reboot                                0x080022dd   Thumb Code     2  zc_adapter.o(i.HF_Reboot)
    HF_Rest                                  0x080022e1   Thumb Code    20  zc_adapter.o(i.HF_Rest)
    HF_SendDataToMoudle                      0x080022f9   Thumb Code    16  zc_adapter.o(i.HF_SendDataToMoudle)
    HF_SendTcpData                           0x08002309   Thumb Code    28  zc_adapter.o(i.HF_SendTcpData)
    HF_SendUdpData                           0x08002325   Thumb Code    40  zc_adapter.o(i.HF_SendUdpData)
    HF_SetTimer                              0x0800234d   Thumb Code    60  zc_adapter.o(i.HF_SetTimer)
    HF_StopTimer                             0x0800238d   Thumb Code     2  zc_adapter.o(i.HF_StopTimer)
    HF_WakeUp                                0x0800238f   Thumb Code     8  zc_adapter.o(i.HF_WakeUp)
    HF_WriteDataToFlash                      0x08002399   Thumb Code    36  zc_adapter.o(i.HF_WriteDataToFlash)
    HardFault_Handler                        0x080023c1   Thumb Code     4  stm32f10x_it.o(i.HardFault_Handler)
    IINCHIP_CSoff                            0x080023c5   Thumb Code    10  w5500.o(i.IINCHIP_CSoff)
    IINCHIP_CSon                             0x080023cf   Thumb Code    10  w5500.o(i.IINCHIP_CSon)
    IINCHIP_READ                             0x080023d9   Thumb Code    54  w5500.o(i.IINCHIP_READ)
    IINCHIP_SpiSendData                      0x0800240f   Thumb Code    12  w5500.o(i.IINCHIP_SpiSendData)
    IINCHIP_WRITE                            0x0800241b   Thumb Code    54  w5500.o(i.IINCHIP_WRITE)
    LED_GPIO_Configuration                   0x08002451   Thumb Code    38  led.o(i.LED_GPIO_Configuration)
    MSG_Init                                 0x0800247d   Thumb Code    74  zc_message_queue.o(i.MSG_Init)
    MSG_InitQueue                            0x080024dd   Thumb Code    54  zc_message_queue.o(i.MSG_InitQueue)
    MSG_PopMsg                               0x08002513   Thumb Code    34  zc_message_queue.o(i.MSG_PopMsg)
    MSG_PushMsg                              0x08002535   Thumb Code    30  zc_message_queue.o(i.MSG_PushMsg)
    MSG_RecvData                             0x08002553   Thumb Code   378  zc_message_queue.o(i.MSG_RecvData)
    MSG_RecvDataFromCloud                    0x080026cd   Thumb Code    78  zc_message_queue.o(i.MSG_RecvDataFromCloud)
    MSG_SendDataToCloud                      0x08002729   Thumb Code    76  zc_message_queue.o(i.MSG_SendDataToCloud)
    MemManage_Handler                        0x08002795   Thumb Code     4  stm32f10x_it.o(i.MemManage_Handler)
    NMI_Handler                              0x08002799   Thumb Code     2  stm32f10x_it.o(i.NMI_Handler)
    NVIC_Configuration                       0x0800279b   Thumb Code   106  main.o(i.NVIC_Configuration)
    NVIC_Init                                0x08002805   Thumb Code   102  misc.o(i.NVIC_Init)
    NVIC_PriorityGroupConfig                 0x08002879   Thumb Code    10  misc.o(i.NVIC_PriorityGroupConfig)
    NVIC_SetVectorTable                      0x0800288d   Thumb Code    12  misc.o(i.NVIC_SetVectorTable)
    PCT_CheckCrc                             0x080028a1   Thumb Code    60  zc_protocol_controller.o(i.PCT_CheckCrc)
    PCT_ConnectCloud                         0x08002909   Thumb Code    42  zc_protocol_controller.o(i.PCT_ConnectCloud)
    PCT_DisConnectCloud                      0x08002933   Thumb Code    24  zc_protocol_controller.o(i.PCT_DisConnectCloud)
    PCT_HandleEvent                          0x0800294d   Thumb Code   308  zc_protocol_controller.o(i.PCT_HandleEvent)
    PCT_HandleMoudleEvent                    0x08002aad   Thumb Code    86  zc_protocol_controller.o(i.PCT_HandleMoudleEvent)
    PCT_HandleMoudleMsg                      0x08002b09   Thumb Code    96  zc_protocol_controller.o(i.PCT_HandleMoudleMsg)
    PCT_HandleOtaBeginMsg                    0x08002b6d   Thumb Code    34  zc_protocol_controller.o(i.PCT_HandleOtaBeginMsg)
    PCT_HandleOtaEndMsg                      0x08002ba5   Thumb Code    70  zc_protocol_controller.o(i.PCT_HandleOtaEndMsg)
    PCT_HandleOtaFileBeginMsg                0x08002c01   Thumb Code    88  zc_protocol_controller.o(i.PCT_HandleOtaFileBeginMsg)
    PCT_HandleOtaFileChunkMsg                0x08002c71   Thumb Code   210  zc_protocol_controller.o(i.PCT_HandleOtaFileChunkMsg)
    PCT_HandleOtaFileEndMsg                  0x08002da9   Thumb Code    28  zc_protocol_controller.o(i.PCT_HandleOtaFileEndMsg)
    PCT_HandleUnbindMsg                      0x08002ddd   Thumb Code    90  zc_protocol_controller.o(i.PCT_HandleUnbindMsg)
    PCT_Init                                 0x08002e5d   Thumb Code    96  zc_protocol_controller.o(i.PCT_Init)
    PCT_ModuleOtaFileBeginMsg                0x08002ec1   Thumb Code    78  zc_protocol_controller.o(i.PCT_ModuleOtaFileBeginMsg)
    PCT_ModuleOtaFileChunkMsg                0x08002f29   Thumb Code   250  zc_protocol_controller.o(i.PCT_ModuleOtaFileChunkMsg)
    PCT_ModuleOtaFileEndMsg                  0x08003089   Thumb Code    46  zc_protocol_controller.o(i.PCT_ModuleOtaFileEndMsg)
    PCT_ReconnectCloud                       0x080030d1   Thumb Code   108  zc_protocol_controller.o(i.PCT_ReconnectCloud)
    PCT_RecvAccessMsg2                       0x08003161   Thumb Code   280  zc_protocol_controller.o(i.PCT_RecvAccessMsg2)
    PCT_RecvAccessMsg4                       0x080032e5   Thumb Code   160  zc_protocol_controller.o(i.PCT_RecvAccessMsg4)
    PCT_ResetNetWork                         0x080033bd   Thumb Code    36  zc_protocol_controller.o(i.PCT_ResetNetWork)
    PCT_Run                                  0x080033e1   Thumb Code    78  zc_protocol_controller.o(i.PCT_Run)
    PCT_SendAckToCloud                       0x08003435   Thumb Code    58  zc_protocol_controller.o(i.PCT_SendAckToCloud)
    PCT_SendCloudAccessMsg1                  0x08003475   Thumb Code   188  zc_protocol_controller.o(i.PCT_SendCloudAccessMsg1)
    PCT_SendCloudAccessMsg3                  0x0800358d   Thumb Code   140  zc_protocol_controller.o(i.PCT_SendCloudAccessMsg3)
    PCT_SendEmptyMsg                         0x08003621   Thumb Code    54  zc_protocol_controller.o(i.PCT_SendEmptyMsg)
    PCT_SendErrorMsg                         0x08003659   Thumb Code    60  zc_protocol_controller.o(i.PCT_SendErrorMsg)
    PCT_SendHeartMsg                         0x08003699   Thumb Code    68  zc_protocol_controller.o(i.PCT_SendHeartMsg)
    PCT_SendMoudleTimeout                    0x080036e1   Thumb Code   100  zc_protocol_controller.o(i.PCT_SendMoudleTimeout)
    PCT_SendMsgToCloud                       0x08003771   Thumb Code   260  zc_protocol_controller.o(i.PCT_SendMsgToCloud)
    PCT_SendNotifyMsg                        0x0800387d   Thumb Code    38  zc_protocol_controller.o(i.PCT_SendNotifyMsg)
    PCT_SendUnbindMsg                        0x080038ad   Thumb Code   116  zc_protocol_controller.o(i.PCT_SendUnbindMsg)
    PCT_SetTokenKey                          0x0800393d   Thumb Code    40  zc_protocol_controller.o(i.PCT_SetTokenKey)
    PCT_WakeUp                               0x08003965   Thumb Code    48  zc_protocol_controller.o(i.PCT_WakeUp)
    PendSV_Handler                           0x08003999   Thumb Code     2  stm32f10x_it.o(i.PendSV_Handler)
    RCC_APB1PeriphClockCmd                   0x0800399d   Thumb Code    26  stm32f10x_rcc.o(i.RCC_APB1PeriphClockCmd)
    RCC_APB2PeriphClockCmd                   0x080039bd   Thumb Code    26  stm32f10x_rcc.o(i.RCC_APB2PeriphClockCmd)
    RCC_Configuration                        0x080039dd   Thumb Code   118  main.o(i.RCC_Configuration)
    RCC_DeInit                               0x08003a59   Thumb Code    64  stm32f10x_rcc.o(i.RCC_DeInit)
    RCC_GetClocksFreq                        0x08003aa5   Thumb Code   192  stm32f10x_rcc.o(i.RCC_GetClocksFreq)
    RCC_GetFlagStatus                        0x08003b79   Thumb Code    56  stm32f10x_rcc.o(i.RCC_GetFlagStatus)
    RCC_GetSYSCLKSource                      0x08003bb5   Thumb Code    10  stm32f10x_rcc.o(i.RCC_GetSYSCLKSource)
    RCC_HCLKConfig                           0x08003bc5   Thumb Code    18  stm32f10x_rcc.o(i.RCC_HCLKConfig)
    RCC_HSEConfig                            0x08003bdd   Thumb Code    70  stm32f10x_rcc.o(i.RCC_HSEConfig)
    RCC_PCLK1Config                          0x08003c29   Thumb Code    18  stm32f10x_rcc.o(i.RCC_PCLK1Config)
    RCC_PCLK2Config                          0x08003c41   Thumb Code    20  stm32f10x_rcc.o(i.RCC_PCLK2Config)
    RCC_PLLCmd                               0x08003c59   Thumb Code     6  stm32f10x_rcc.o(i.RCC_PLLCmd)
    RCC_PLLConfig                            0x08003c65   Thumb Code    24  stm32f10x_rcc.o(i.RCC_PLLConfig)
    RCC_SYSCLKConfig                         0x08003c81   Thumb Code    18  stm32f10x_rcc.o(i.RCC_SYSCLKConfig)
    RCC_WaitForHSEStartUp                    0x08003c99   Thumb Code    56  stm32f10x_rcc.o(i.RCC_WaitForHSEStartUp)
    Reset_W5500                              0x08003cd1   Thumb Code    34  util.o(i.Reset_W5500)
    SEC_AesDecrypt                           0x08003cf9   Thumb Code    72  zc_sec_engine.o(i.SEC_AesDecrypt)
    SEC_AesEncrypt                           0x08003d45   Thumb Code    70  zc_sec_engine.o(i.SEC_AesEncrypt)
    SEC_Decrypt                              0x08003d91   Thumb Code   166  zc_sec_engine.o(i.SEC_Decrypt)
    SEC_DecryptTextByRsa                     0x08003e3d   Thumb Code   218  zc_sec_engine.o(i.SEC_DecryptTextByRsa)
    SEC_Encrypt                              0x08003f49   Thumb Code   140  zc_sec_engine.o(i.SEC_Encrypt)
    SEC_EncryptTextByRsa                     0x08003fd9   Thumb Code   212  zc_sec_engine.o(i.SEC_EncryptTextByRsa)
    SEC_InitRsaContextWithPrivateKey         0x080040b1   Thumb Code   138  zc_sec_engine.o(i.SEC_InitRsaContextWithPrivateKey)
    SEC_InitRsaContextWithPublicKey          0x0800414d   Thumb Code    54  zc_sec_engine.o(i.SEC_InitRsaContextWithPublicKey)
    SEC_PaddingCheck                         0x08004185   Thumb Code   128  zc_sec_engine.o(i.SEC_PaddingCheck)
    SPI2_SendByte                            0x08004209   Thumb Code    50  spi2.o(i.SPI2_SendByte)
    SPI_Cmd                                  0x08004241   Thumb Code    24  stm32f10x_spi.o(i.SPI_Cmd)
    SPI_I2S_GetFlagStatus                    0x08004259   Thumb Code    18  stm32f10x_spi.o(i.SPI_I2S_GetFlagStatus)
    SPI_I2S_ReceiveData                      0x0800426b   Thumb Code     6  stm32f10x_spi.o(i.SPI_I2S_ReceiveData)
    SPI_I2S_SendData                         0x08004271   Thumb Code     4  stm32f10x_spi.o(i.SPI_I2S_SendData)
    SPI_Init                                 0x08004275   Thumb Code    60  stm32f10x_spi.o(i.SPI_Init)
    SVC_Handler                              0x080042b1   Thumb Code     2  stm32f10x_it.o(i.SVC_Handler)
    Set_network                              0x08004399   Thumb Code   378  util.o(i.Set_network)
    SysTick_CLKSourceConfig                  0x08004651   Thumb Code    40  misc.o(i.SysTick_CLKSourceConfig)
    SysTick_CounterCmd                       0x08004679   Thumb Code    54  stm32f10x_systick.o(i.SysTick_CounterCmd)
    SysTick_GetFlagStatus                    0x080046af   Thumb Code    46  stm32f10x_systick.o(i.SysTick_GetFlagStatus)
    SysTick_Handler                          0x080046dd   Thumb Code     2  stm32f10x_it.o(i.SysTick_Handler)
    SysTick_ITConfig                         0x080046df   Thumb Code    38  stm32f10x_systick.o(i.SysTick_ITConfig)
    SysTick_SetReload                        0x08004705   Thumb Code     8  stm32f10x_systick.o(i.SysTick_SetReload)
    SystemInit                               0x0800470d   Thumb Code    78  system_stm32f10x.o(i.SystemInit)
    TIM2_IRQHandler                          0x0800476d   Thumb Code    28  stm32f10x_it.o(i.TIM2_IRQHandler)
    TIM3_IRQHandler                          0x08004789   Thumb Code     2  stm32f10x_it.o(i.TIM3_IRQHandler)
    TIMER_AllocateTimer                      0x0800478d   Thumb Code    28  zc_timer.o(i.TIMER_AllocateTimer)
    TIMER_FindIdleTimer                      0x080047ad   Thumb Code    32  zc_timer.o(i.TIMER_FindIdleTimer)
    TIMER_GetTimerStatus                     0x080047d1   Thumb Code    10  zc_timer.o(i.TIMER_GetTimerStatus)
    TIMER_Init                               0x080047e1   Thumb Code    20  zc_timer.o(i.TIMER_Init)
    TIMER_StopTimer                          0x080047f9   Thumb Code    24  zc_timer.o(i.TIMER_StopTimer)
    TIMER_TimeoutAction                      0x08004819   Thumb Code   116  zc_timer.o(i.TIMER_TimeoutAction)
    TIM_ClearITPendingBit                    0x080048d1   Thumb Code     6  stm32f10x_tim.o(i.TIM_ClearITPendingBit)
    TIM_Cmd                                  0x080048d7   Thumb Code    24  stm32f10x_tim.o(i.TIM_Cmd)
    TIM_GetITStatus                          0x080048ef   Thumb Code    34  stm32f10x_tim.o(i.TIM_GetITStatus)
    TIM_ITConfig                             0x08004911   Thumb Code    18  stm32f10x_tim.o(i.TIM_ITConfig)
    TIM_PrescalerConfig                      0x08004923   Thumb Code     6  stm32f10x_tim.o(i.TIM_PrescalerConfig)
    TIM_TimeBaseInit                         0x08004929   Thumb Code   122  stm32f10x_tim.o(i.TIM_TimeBaseInit)
    Timer2_ISR                               0x080049cd   Thumb Code    12  main.o(i.Timer2_ISR)
    Timer_Configuration                      0x080049dd   Thumb Code    64  main.o(i.Timer_Configuration)
    USART1_IRQHandler                        0x08004a1d   Thumb Code     2  stm32f10x_it.o(i.USART1_IRQHandler)
    USART2_IRQHandler                        0x08004a1f   Thumb Code     2  stm32f10x_it.o(i.USART2_IRQHandler)
    USART3_IRQHandler                        0x08004a21   Thumb Code    74  util.o(i.USART3_IRQHandler)
    USART3_Init                              0x08004a75   Thumb Code    70  util.o(i.USART3_Init)
    USART_ClearFlag                          0x08004ac1   Thumb Code    18  stm32f10x_usart.o(i.USART_ClearFlag)
    USART_Cmd                                0x08004ad3   Thumb Code    24  stm32f10x_usart.o(i.USART_Cmd)
    USART_GetFlagStatus                      0x08004aeb   Thumb Code    26  stm32f10x_usart.o(i.USART_GetFlagStatus)
    USART_GetITStatus                        0x08004b05   Thumb Code    84  stm32f10x_usart.o(i.USART_GetITStatus)
    USART_ITConfig                           0x08004b59   Thumb Code    74  stm32f10x_usart.o(i.USART_ITConfig)
    USART_Init                               0x08004ba5   Thumb Code   210  stm32f10x_usart.o(i.USART_Init)
    USART_ReceiveData                        0x08004c7d   Thumb Code    10  stm32f10x_usart.o(i.USART_ReceiveData)
    USART_SendData                           0x08004c87   Thumb Code     8  stm32f10x_usart.o(i.USART_SendData)
    UsageFault_Handler                       0x08004c8f   Thumb Code     4  stm32f10x_it.o(i.UsageFault_Handler)
    WIZ_CS                                   0x08004c95   Thumb Code    32  spi2.o(i.WIZ_CS)
    WIZ_Config                               0x08004cb9   Thumb Code     8  main.o(i.WIZ_Config)
    WIZ_SPI_Init                             0x08004cc1   Thumb Code    78  spi2.o(i.WIZ_SPI_Init)
    ZC_ClientInit                            0x08004d15   Thumb Code    28  zc_client_manager.o(i.ZC_ClientInit)
    ZC_ClientWakeUp                          0x08004d35   Thumb Code     8  zc_client_manager.o(i.ZC_ClientWakeUp)
    ZC_ConfigInitPara                        0x08004d41   Thumb Code    92  zc_configuration.o(i.ZC_ConfigInitPara)
    ZC_ConfigPara                            0x08004dc1   Thumb Code   268  zc_configuration.o(i.ZC_ConfigPara)
    ZC_ConfigUnBind                          0x08004ed5   Thumb Code    26  zc_configuration.o(i.ZC_ConfigUnBind)
    ZC_DealExtCode                           0x08004ef9   Thumb Code   110  zc_moudle_manager.o(i.ZC_DealExtCode)
    ZC_DealSessionOpt                        0x08004f69   Thumb Code   340  zc_moudle_manager.o(i.ZC_DealSessionOpt)
    ZC_GetStoreInfor                         0x080050cd   Thumb Code    54  zc_configuration.o(i.ZC_GetStoreInfor)
    ZC_HexToString                           0x0800510d   Thumb Code    84  zc_common.o(i.ZC_HexToString)
    ZC_Init                                  0x08005161   Thumb Code   102  zc_adapter.o(i.ZC_Init)
    ZC_Rand                                  0x08005229   Thumb Code   106  zc_common.o(i.ZC_Rand)
    ZC_RecvDataFromMoudle                    0x08005295   Thumb Code   386  zc_moudle_manager.o(i.ZC_RecvDataFromMoudle)
    ZC_SendBc                                0x08005421   Thumb Code   116  zc_bc.o(i.ZC_SendBc)
    ZC_StoreAccessInfo                       0x080054ad   Thumb Code    48  zc_configuration.o(i.ZC_StoreAccessInfo)
    ZC_StoreRegisterInfo                     0x080054e9   Thumb Code    90  zc_configuration.o(i.ZC_StoreRegisterInfo)
    ZC_StoreTokenKey                         0x0800554d   Thumb Code    32  zc_configuration.o(i.ZC_StoreTokenKey)
    ZC_TimerExpired                          0x08005575   Thumb Code    56  zc_adapter.o(i.ZC_TimerExpired)
    ZC_TraceData                             0x080055b1   Thumb Code   116  zc_common.o(i.ZC_TraceData)
    __0printf                                0x080056e1   Thumb Code    22  printfa.o(i.__0printf)
    __1printf                                0x080056e1   Thumb Code     0  printfa.o(i.__0printf)
    __2printf                                0x080056e1   Thumb Code     0  printfa.o(i.__0printf)
    __c89printf                              0x080056e1   Thumb Code     0  printfa.o(i.__0printf)
    printf                                   0x080056e1   Thumb Code     0  printfa.o(i.__0printf)
    __scatterload_copy                       0x08005701   Thumb Code    14  handlers.o(i.__scatterload_copy)
    __scatterload_null                       0x0800570f   Thumb Code     2  handlers.o(i.__scatterload_null)
    __scatterload_zeroinit                   0x08005711   Thumb Code    14  handlers.o(i.__scatterload_zeroinit)
    close                                    0x08005fc3   Thumb Code    52  socket.o(i.close)
    connect                                  0x08005ff7   Thumb Code   248  socket.o(i.connect)
    crc16_ccitt                              0x080060ef   Thumb Code    18  crc.o(i.crc16_ccitt)
    crc_cal_by_bit                           0x08006101   Thumb Code    64  crc.o(i.crc_cal_by_bit)
    delay_init                               0x08006145   Thumb Code    54  systick.o(i.delay_init)
    delay_ms                                 0x08006189   Thumb Code    74  systick.o(i.delay_ms)
    delay_us                                 0x080061dd   Thumb Code    62  systick.o(i.delay_us)
    disconnect                               0x08006225   Thumb Code    38  socket.o(i.disconnect)
    fputc                                    0x0800624d   Thumb Code    32  util.o(i.fputc)
    free                                     0x08006271   Thumb Code    76  malloc.o(i.free)
    getGAR                                   0x080062c1   Thumb Code    16  w5500.o(i.getGAR)
    getIINCHIP_TxMAX                         0x080062d1   Thumb Code    10  w5500.o(i.getIINCHIP_TxMAX)
    getSHAR                                  0x080062e1   Thumb Code    18  w5500.o(i.getSHAR)
    getSIPR                                  0x080062f3   Thumb Code    18  w5500.o(i.getSIPR)
    getSUBR                                  0x08006305   Thumb Code    18  w5500.o(i.getSUBR)
    getSn_IR                                 0x08006317   Thumb Code    18  w5500.o(i.getSn_IR)
    getSn_RX_RSR                             0x08006329   Thumb Code    84  w5500.o(i.getSn_RX_RSR)
    getSn_SR                                 0x0800637d   Thumb Code    18  w5500.o(i.getSn_SR)
    getSn_TX_FSR                             0x0800638f   Thumb Code    84  w5500.o(i.getSn_TX_FSR)
    loopback_tcpc                            0x080063e5   Thumb Code   258  zc_adapter.o(i.loopback_tcpc)
    main                                     0x08006541   Thumb Code   108  main.o(i.main)
    malloc                                   0x08006635   Thumb Code    92  malloc.o(i.malloc)
    mpi_add_abs                              0x080066a1   Thumb Code   228  bignum.o(i.mpi_add_abs)
    mpi_add_mpi                              0x08006785   Thumb Code   108  bignum.o(i.mpi_add_mpi)
    mpi_cmp_abs                              0x080067f1   Thumb Code   150  bignum.o(i.mpi_cmp_abs)
    mpi_cmp_int                              0x08006887   Thumb Code    50  bignum.o(i.mpi_cmp_int)
    mpi_cmp_mpi                              0x080068b9   Thumb Code   184  bignum.o(i.mpi_cmp_mpi)
    mpi_copy                                 0x08006971   Thumb Code    96  bignum.o(i.mpi_copy)
    mpi_div_mpi                              0x080069d1   Thumb Code  1116  bignum.o(i.mpi_div_mpi)
    mpi_exp_mod                              0x08006e41   Thumb Code   898  bignum.o(i.mpi_exp_mod)
    mpi_free                                 0x080071d1   Thumb Code    30  bignum.o(i.mpi_free)
    mpi_grow                                 0x080071ef   Thumb Code    46  bignum.o(i.mpi_grow)
    mpi_init                                 0x0800721d   Thumb Code    30  bignum.o(i.mpi_init)
    mpi_lset                                 0x0800723b   Thumb Code    64  bignum.o(i.mpi_lset)
    mpi_mod_mpi                              0x0800727b   Thumb Code    96  bignum.o(i.mpi_mod_mpi)
    mpi_msb                                  0x08007401   Thumb Code    66  bignum.o(i.mpi_msb)
    mpi_mul_int                              0x08008161   Thumb Code    32  bignum.o(i.mpi_mul_int)
    mpi_mul_mpi                              0x08008181   Thumb Code   222  bignum.o(i.mpi_mul_mpi)
    mpi_read_binary                          0x0800825f   Thumb Code   162  bignum.o(i.mpi_read_binary)
    mpi_shift_l                              0x08008301   Thumb Code   206  bignum.o(i.mpi_shift_l)
    mpi_shift_r                              0x080083cf   Thumb Code   150  bignum.o(i.mpi_shift_r)
    mpi_size                                 0x08008465   Thumb Code    16  bignum.o(i.mpi_size)
    mpi_sub_abs                              0x08008475   Thumb Code   138  bignum.o(i.mpi_sub_abs)
    mpi_sub_mpi                              0x08008563   Thumb Code   108  bignum.o(i.mpi_sub_mpi)
    mpi_write_binary                         0x080085cf   Thumb Code   100  bignum.o(i.mpi_write_binary)
    recv                                     0x08008633   Thumb Code    66  socket.o(i.recv)
    recv_data_processing                     0x08008675   Thumb Code   116  w5500.o(i.recv_data_processing)
    rsa_free                                 0x08008709   Thumb Code    94  rsa.o(i.rsa_free)
    rsa_init                                 0x08008767   Thumb Code    46  rsa.o(i.rsa_init)
    rsa_pkcs1_decrypt                        0x08008795   Thumb Code   176  rsa.o(i.rsa_pkcs1_decrypt)
    rsa_pkcs1_encrypt                        0x0800884d   Thumb Code   148  rsa.o(i.rsa_pkcs1_encrypt)
    rsa_private                              0x080088e5   Thumb Code   266  rsa.o(i.rsa_private)
    rsa_public                               0x08008a01   Thumb Code   128  rsa.o(i.rsa_public)
    send                                     0x08008a89   Thumb Code   218  socket.o(i.send)
    send_data_processing                     0x08008b79   Thumb Code   116  w5500.o(i.send_data_processing)
    sendto                                   0x08008c0d   Thumb Code   268  socket.o(i.sendto)
    setGAR                                   0x08008d19   Thumb Code    16  w5500.o(i.setGAR)
    setRCR                                   0x08008d29   Thumb Code    16  w5500.o(i.setRCR)
    setRTR                                   0x08008d39   Thumb Code    26  w5500.o(i.setRTR)
    setSHAR                                  0x08008d53   Thumb Code    18  w5500.o(i.setSHAR)
    setSIPR                                  0x08008d65   Thumb Code    18  w5500.o(i.setSIPR)
    setSUBR                                  0x08008d77   Thumb Code    18  w5500.o(i.setSUBR)
    socket                                   0x08008d89   Thumb Code   192  socket.o(i.socket)
    sysinit                                  0x08008e4d   Thumb Code   302  w5500.o(i.sysinit)
    time_return                              0x08008f85   Thumb Code     6  util.o(i.time_return)
    timer_expired                            0x08008f91   Thumb Code    26  zc_adapter.o(i.timer_expired)
    timer_set                                0x08008fab   Thumb Code    16  zc_adapter.o(i.timer_set)
    wiz_read_buf                             0x08008fbd   Thumb Code    82  w5500.o(i.wiz_read_buf)
    wiz_write_buf                            0x08009029   Thumb Code    84  w5500.o(i.wiz_write_buf)
    Region$$Table$$Base                      0x0800b910   Number         0  anon$$obj.o(Region$$Table)
    Region$$Table$$Limit                     0x0800b930   Number         0  anon$$obj.o(Region$$Table)
    Enable_DHCP                              0x20000000   Data           1  main.o(.data)
    MAC                                      0x20000001   Data           6  main.o(.data)
    IP                                       0x20000007   Data           4  main.o(.data)
    GateWay                                  0x2000000b   Data           4  main.o(.data)
    SubNet                                   0x2000000f   Data           4  main.o(.data)
    txsize                                   0x20000013   Data           8  main.o(.data)
    rxsize                                   0x2000001b   Data           8  main.o(.data)
    Dest_IP                                  0x20000023   Data           4  main.o(.data)
    Dest_PORT                                0x20000028   Data           2  main.o(.data)
    ch_status                                0x2000002a   Data           8  main.o(.data)
    Chconfig_Type_Def                        0x20000032   Data           6  main.o(.data)
    Timer2_Counter                           0x20000038   Data           4  main.o(.data)
    my_time                                  0x2000003c   Data           4  main.o(.data)
    presentTime                              0x20000040   Data           4  main.o(.data)
    g_Bcfd                                   0x20000060   Data           4  zc_bc.o(.data)
    g_pu8RemoteAddr                          0x20000064   Data           4  zc_bc.o(.data)
    g_u32GloablIp                            0x2000006c   Data           4  zc_bc.o(.data)
    g_u8DefaultCloudKey                      0x20000070   Data          36  zc_configuration.o(.data)
    g_u8DefaultTokenKey                      0x20000094   Data          16  zc_configuration.o(.data)
    any_port                                 0x200000a4   Data           2  zc_adapter.o(.data)
    g_u8ClientSendLen                        0x200000a6   Data           1  zc_adapter.o(.data)
    g_u32BcSleepCount                        0x200000a8   Data           4  zc_adapter.o(.data)
    g_u16TcpMss                              0x200000ac   Data           2  zc_adapter.o(.data)
    g_u16LocalPort                           0x200000ae   Data           2  zc_adapter.o(.data)
    g_u8RemoteAddr                           0x200000b0   Data           4  zc_adapter.o(.data)
    g_u32CloudStatus                         0x200000b8   Data           4  ac_hal.o(.data)
    g_u32WifiPowerStatus                     0x200000bc   Data           4  ac_hal.o(.data)
    g_u8EqVersion                            0x200000c0   Data           4  ac_hal.o(.data)
    g_u8ModuleKey                            0x200000c4   Data         112  ac_hal.o(.data)
    g_u64Domain                              0x20000138   Data           8  ac_hal.o(.data)
    g_u8DeviceId                             0x20000140   Data          16  ac_hal.o(.data)
    __stdout                                 0x20000154   Data           4  stdout.o(.data)
    __microlib_freelist                      0x20000158   Data           4  mvars.o(.data)
    __microlib_freelist_initialised          0x2000015c   Data           4  mvars.o(.data)
    Config_Msg                               0x20000160   Data          23  main.o(.bss)
    TX_BUF                                   0x20000177   Data        2048  main.o(.bss)
    RX_BUF                                   0x20000977   Data        2048  main.o(.bss)
    g_struClientInfo                         0x20001198   Data          40  zc_client_manager.o(.bss)
    g_struZcConfigDb                         0x200011c0   Data         300  zc_configuration.o(.bss)
    g_struRegisterInfo                       0x200012ec   Data         140  zc_configuration.o(.bss)
    g_struProtocolController                 0x20001378   Data         140  zc_protocol_controller.o(.bss)
    g_struTimer                              0x20001404   Data          80  zc_timer.o(.bss)
    X                                        0x20001454   Data          88  bignum.o(.bss)
    Y                                        0x200014ac   Data          88  bignum.o(.bss)
    Z                                        0x20001504   Data          88  bignum.o(.bss)
    O_T1                                     0x2000155c   Data          88  bignum.o(.bss)
    O_T2                                     0x200015b4   Data          88  bignum.o(.bss)
    O_RR                                     0x2000160c   Data          88  bignum.o(.bss)
    O_T                                      0x20001664   Data          88  bignum.o(.bss)
    O_W                                      0x200016bc   Data        5632  bignum.o(.bss)
    T                                        0x20002cbc   Data          88  rsa.o(.bss)
    T1                                       0x20002d14   Data          88  rsa.o(.bss)
    T2                                       0x20002d6c   Data          88  rsa.o(.bss)
    buf                                      0x20002dc4   Data          64  rsa.o(.bss)
    g_struZcTimer                            0x20002e04   Data          80  zc_adapter.o(.bss)
    g_struHfAdapter                          0x20002e54   Data          64  zc_adapter.o(.bss)
    g_struRecvBuffer                         0x20002e94   Data         608  zc_adapter.o(.bss)
    g_struRetxBuffer                         0x200030f4   Data         608  zc_adapter.o(.bss)
    g_struClientBuffer                       0x20003354   Data         608  zc_adapter.o(.bss)
    g_struRecvQueue                          0x200035b4   Data          32  zc_adapter.o(.bss)
    g_struSendBuffer                         0x200035d4   Data        1216  zc_adapter.o(.bss)
    g_struSendQueue                          0x20003a94   Data          32  zc_adapter.o(.bss)
    g_u8MsgBuildBuffer                       0x20003ab4   Data         600  zc_adapter.o(.bss)
    g_u8recvbuffer                           0x20003d0c   Data        1000  zc_adapter.o(.bss)
    g_struUartBuffer                         0x200040f4   Data        1008  zc_adapter.o(.bss)
    g_u8BcSendBuffer                         0x200044e4   Data         100  zc_adapter.o(.bss)
    g_u8DevMsgBuildBuffer                    0x20004548   Data         300  ac_api.o(.bss)
    __heap_base                              0x20004678   Data           0  startup_stm32f10x_hd.o(HEAP)
    __heap_limit                             0x20004a78   Data           0  startup_stm32f10x_hd.o(HEAP)
    __initial_sp                             0x20004e78   Data           0  startup_stm32f10x_hd.o(STACK)



==============================================================================

Memory Map of the image

  Image Entry point : 0x08000131

  Load Region LR_IROM1 (Base: 0x08000000, Size: 0x0000ba90, Max: 0x00080000, ABSOLUTE, COMPRESSED[0x0000ba0c])

    Execution Region ER_IROM1 (Base: 0x08000000, Size: 0x0000b930, Max: 0x00080000, ABSOLUTE)

    Base Addr    Size         Type   Attr      Idx    E Section Name        Object

    0x08000000   0x00000130   Data   RO         3453    RESET               startup_stm32f10x_hd.o
    0x08000130   0x00000000   Code   RO         5328  * .ARM.Collect$$$$00000000  mc_w.l(entry.o)
    0x08000130   0x00000004   Code   RO         5631    .ARM.Collect$$$$00000001  mc_w.l(entry2.o)
    0x08000134   0x00000004   Code   RO         5634    .ARM.Collect$$$$00000004  mc_w.l(entry5.o)
    0x08000138   0x00000000   Code   RO         5636    .ARM.Collect$$$$00000008  mc_w.l(entry7b.o)
    0x08000138   0x00000000   Code   RO         5638    .ARM.Collect$$$$0000000A  mc_w.l(entry8b.o)
    0x08000138   0x00000008   Code   RO         5639    .ARM.Collect$$$$0000000B  mc_w.l(entry9a.o)
    0x08000140   0x00000000   Code   RO         5641    .ARM.Collect$$$$0000000D  mc_w.l(entry10a.o)
    0x08000140   0x00000000   Code   RO         5643    .ARM.Collect$$$$0000000F  mc_w.l(entry11a.o)
    0x08000140   0x00000004   Code   RO         5632    .ARM.Collect$$$$00002712  mc_w.l(entry2.o)
    0x08000144   0x00000024   Code   RO         3454    .text               startup_stm32f10x_hd.o
    0x08000168   0x00000024   Code   RO         5331    .text               mc_w.l(rand.o)
    0x0800018c   0x00000024   Code   RO         5334    .text               mc_w.l(memcpya.o)
    0x080001b0   0x00000024   Code   RO         5336    .text               mc_w.l(memseta.o)
    0x080001d4   0x0000001a   Code   RO         5338    .text               mc_w.l(memcmp.o)
    0x080001ee   0x0000002c   Code   RO         5646    .text               mc_w.l(uidiv.o)
    0x0800021a   0x00000062   Code   RO         5648    .text               mc_w.l(uldiv.o)
    0x0800027c   0x00000000   Code   RO         5652    .text               mc_w.l(iusefp.o)
    0x0800027c   0x0000014e   Code   RO         5653    .text               mf_w.l(dadd.o)
    0x080003ca   0x000000e4   Code   RO         5655    .text               mf_w.l(dmul.o)
    0x080004ae   0x000000de   Code   RO         5657    .text               mf_w.l(ddiv.o)
    0x0800058c   0x00000030   Code   RO         5659    .text               mf_w.l(dfixul.o)
    0x080005bc   0x00000028   Code   RO         5661    .text               mf_w.l(cdrcmple.o)
    0x080005e4   0x00000024   Code   RO         5663    .text               mc_w.l(init.o)
    0x08000608   0x0000001e   Code   RO         5665    .text               mc_w.l(llshl.o)
    0x08000626   0x00000020   Code   RO         5667    .text               mc_w.l(llushr.o)
    0x08000646   0x00000024   Code   RO         5669    .text               mc_w.l(llsshr.o)
    0x0800066a   0x000000be   Code   RO         5671    .text               mf_w.l(depilogue.o)
    0x08000728   0x0000005c   Code   RO         5681    .text               mc_w.l(__dczerorl2.o)
    0x08000784   0x00000002   Code   RO         5270    i.AC_BlinkLed       ac_hal.o
    0x08000786   0x00000084   Code   RO         5207    i.AC_BuildMessage   ac_api.o
    0x0800080a   0x0000007c   Code   RO         5208    i.AC_BuildOption    ac_api.o
    0x08000886   0x00000002   PAD
    0x08000888   0x000000a0   Code   RO         5271    i.AC_ConfigWifi     ac_hal.o
    0x08000928   0x0000001e   Code   RO         5272    i.AC_DealEvent      ac_hal.o
    0x08000946   0x00000002   PAD
    0x08000948   0x00000058   Code   RO         5273    i.AC_DealLed        ac_hal.o
    0x080009a0   0x0000005c   Code   RO         5274    i.AC_DealNotifyMessage  ac_hal.o
    0x080009fc   0x00000062   Code   RO         5209    i.AC_ParseOption    ac_api.o
    0x08000a5e   0x0000005c   Code   RO         5210    i.AC_RecvMessage    ac_api.o
    0x08000aba   0x00000002   PAD
    0x08000abc   0x00000050   Code   RO         5211    i.AC_SendDeviceRegsiterWithMac  ac_api.o
    0x08000b0c   0x00000010   Code   RO         5213    i.AC_SendMessage    ac_api.o
    0x08000b1c   0x00000020   Code   RO         5277    i.AC_StoreStatus    ac_hal.o
    0x08000b3c   0x00000044   Code   RO         4939    i.AES_CBC_Decrypt   aes_cbc.o
    0x08000b80   0x00000044   Code   RO         4940    i.AES_CBC_Encrypt   aes_cbc.o
    0x08000bc4   0x000001de   Code   RO         4941    i.AES_cbc_core      aes_cbc.o
    0x08000da2   0x00000002   PAD
    0x08000da4   0x000004a0   Code   RO         4972    i.AES_decrypt       aes_core.o
    0x08001244   0x000004a0   Code   RO         4973    i.AES_encrypt       aes_core.o
    0x080016e4   0x000001e0   Code   RO         4974    i.AES_set_decrypt_key  aes_core.o
    0x080018c4   0x000002cc   Code   RO         4975    i.AES_set_encrypt_key  aes_core.o
    0x08001b90   0x00000004   Code   RO          193    i.BusFault_Handler  stm32f10x_it.o
    0x08001b94   0x00000002   Code   RO          194    i.DebugMon_Handler  stm32f10x_it.o
    0x08001b96   0x0000000c   Code   RO         3458    i.Delay_ms          util.o
    0x08001ba2   0x0000000c   Code   RO         3459    i.Delay_us          util.o
    0x08001bae   0x00000004   Code   RO            1    i.Dhcp_Task         main.o
    0x08001bb2   0x00000006   Code   RO            2    i.Dns_Task          main.o
    0x08001bb8   0x00000078   Code   RO         4083    i.EVENT_BuildBcMsg  zc_cloud_event.o
    0x08001c30   0x00000040   Code   RO         4084    i.EVENT_BuildEmptyMsg  zc_cloud_event.o
    0x08001c70   0x0000003c   Code   RO         4085    i.EVENT_BuildHeartMsg  zc_cloud_event.o
    0x08001cac   0x0000005a   Code   RO         4086    i.EVENT_BuildMsg    zc_cloud_event.o
    0x08001d06   0x0000007c   Code   RO         4087    i.EVENT_BuildOption  zc_cloud_event.o
    0x08001d82   0x00000062   Code   RO         4088    i.EVENT_ParseOption  zc_cloud_event.o
    0x08001de4   0x00000034   Code   RO          472    i.FLASH_GetBank1Status  stm32f10x_flash.o
    0x08001e18   0x0000001c   Code   RO          483    i.FLASH_PrefetchBufferCmd  stm32f10x_flash.o
    0x08001e34   0x0000006c   Code   RO          486    i.FLASH_ProgramWord  stm32f10x_flash.o
    0x08001ea0   0x00000018   Code   RO          488    i.FLASH_SetLatency  stm32f10x_flash.o
    0x08001eb8   0x00000026   Code   RO          493    i.FLASH_WaitForLastOperation  stm32f10x_flash.o
    0x08001ede   0x00000002   PAD
    0x08001ee0   0x000000e8   Code   RO            3    i.GPIO_Configuration  main.o
    0x08001fc8   0x00000112   Code   RO          646    i.GPIO_Init         stm32f10x_gpio.o
    0x080020da   0x00000004   Code   RO          653    i.GPIO_ResetBits    stm32f10x_gpio.o
    0x080020de   0x00000004   Code   RO          654    i.GPIO_SetBits      stm32f10x_gpio.o
    0x080020e2   0x00000002   PAD
    0x080020e4   0x0000005c   Code   RO         5007    i.HF_BcInit         zc_adapter.o
    0x08002140   0x00000028   Code   RO         5008    i.HF_Cloudfunc      zc_adapter.o
    0x08002168   0x000000f4   Code   RO         5009    i.HF_ConnectToCloud  zc_adapter.o
    0x0800225c   0x00000006   Code   RO         5010    i.HF_FirmwareUpdate  zc_adapter.o
    0x08002262   0x00000004   Code   RO         5011    i.HF_FirmwareUpdateFinish  zc_adapter.o
    0x08002266   0x00000002   PAD
    0x08002268   0x00000014   Code   RO         5012    i.HF_GetMac         zc_adapter.o
    0x0800227c   0x00000006   Code   RO         5013    i.HF_ListenClient   zc_adapter.o
    0x08002282   0x00000002   PAD
    0x08002284   0x00000058   Code   RO         5014    i.HF_ReadDataFormFlash  zc_adapter.o
    0x080022dc   0x00000002   Code   RO         5015    i.HF_Reboot         zc_adapter.o
    0x080022de   0x00000002   PAD
    0x080022e0   0x00000018   Code   RO         5016    i.HF_Rest           zc_adapter.o
    0x080022f8   0x00000010   Code   RO         5017    i.HF_SendDataToMoudle  zc_adapter.o
    0x08002308   0x0000001c   Code   RO         5018    i.HF_SendTcpData    zc_adapter.o
    0x08002324   0x00000028   Code   RO         5019    i.HF_SendUdpData    zc_adapter.o
    0x0800234c   0x00000040   Code   RO         5020    i.HF_SetTimer       zc_adapter.o
    0x0800238c   0x00000002   Code   RO         5022    i.HF_StopTimer      zc_adapter.o
    0x0800238e   0x00000008   Code   RO         5023    i.HF_WakeUp         zc_adapter.o
    0x08002396   0x00000002   PAD
    0x08002398   0x00000028   Code   RO         5024    i.HF_WriteDataToFlash  zc_adapter.o
    0x080023c0   0x00000004   Code   RO          195    i.HardFault_Handler  stm32f10x_it.o
    0x080023c4   0x0000000a   Code   RO         3681    i.IINCHIP_CSoff     w5500.o
    0x080023ce   0x0000000a   Code   RO         3682    i.IINCHIP_CSon      w5500.o
    0x080023d8   0x00000036   Code   RO         3683    i.IINCHIP_READ      w5500.o
    0x0800240e   0x0000000c   Code   RO         3684    i.IINCHIP_SpiSendData  w5500.o
    0x0800241a   0x00000036   Code   RO         3685    i.IINCHIP_WRITE     w5500.o
    0x08002450   0x0000002c   Code   RO          333    i.LED_GPIO_Configuration  led.o
    0x0800247c   0x00000060   Code   RO         4210    i.MSG_Init          zc_message_queue.o
    0x080024dc   0x00000036   Code   RO         4211    i.MSG_InitQueue     zc_message_queue.o
    0x08002512   0x00000022   Code   RO         4212    i.MSG_PopMsg        zc_message_queue.o
    0x08002534   0x0000001e   Code   RO         4213    i.MSG_PushMsg       zc_message_queue.o
    0x08002552   0x0000017a   Code   RO         4214    i.MSG_RecvData      zc_message_queue.o
    0x080026cc   0x0000005c   Code   RO         4215    i.MSG_RecvDataFromCloud  zc_message_queue.o
    0x08002728   0x0000006c   Code   RO         4216    i.MSG_SendDataToCloud  zc_message_queue.o
    0x08002794   0x00000004   Code   RO          196    i.MemManage_Handler  stm32f10x_it.o
    0x08002798   0x00000002   Code   RO          197    i.NMI_Handler       stm32f10x_it.o
    0x0800279a   0x0000006a   Code   RO            4    i.NVIC_Configuration  main.o
    0x08002804   0x00000074   Code   RO          430    i.NVIC_Init         misc.o
    0x08002878   0x00000014   Code   RO          431    i.NVIC_PriorityGroupConfig  misc.o
    0x0800288c   0x00000014   Code   RO          432    i.NVIC_SetVectorTable  misc.o
    0x080028a0   0x00000068   Code   RO         4298    i.PCT_CheckCrc      zc_protocol_controller.o
    0x08002908   0x0000002a   Code   RO         4299    i.PCT_ConnectCloud  zc_protocol_controller.o
    0x08002932   0x00000018   Code   RO         4300    i.PCT_DisConnectCloud  zc_protocol_controller.o
    0x0800294a   0x00000002   PAD
    0x0800294c   0x00000160   Code   RO         4301    i.PCT_HandleEvent   zc_protocol_controller.o
    0x08002aac   0x0000005c   Code   RO         4302    i.PCT_HandleMoudleEvent  zc_protocol_controller.o
    0x08002b08   0x00000064   Code   RO         4303    i.PCT_HandleMoudleMsg  zc_protocol_controller.o
    0x08002b6c   0x00000038   Code   RO         4304    i.PCT_HandleOtaBeginMsg  zc_protocol_controller.o
    0x08002ba4   0x0000005c   Code   RO         4305    i.PCT_HandleOtaEndMsg  zc_protocol_controller.o
    0x08002c00   0x00000070   Code   RO         4306    i.PCT_HandleOtaFileBeginMsg  zc_protocol_controller.o
    0x08002c70   0x00000138   Code   RO         4307    i.PCT_HandleOtaFileChunkMsg  zc_protocol_controller.o
    0x08002da8   0x00000034   Code   RO         4308    i.PCT_HandleOtaFileEndMsg  zc_protocol_controller.o
    0x08002ddc   0x00000080   Code   RO         4309    i.PCT_HandleUnbindMsg  zc_protocol_controller.o
    0x08002e5c   0x00000064   Code   RO         4310    i.PCT_Init          zc_protocol_controller.o
    0x08002ec0   0x00000068   Code   RO         4311    i.PCT_ModuleOtaFileBeginMsg  zc_protocol_controller.o
    0x08002f28   0x00000160   Code   RO         4312    i.PCT_ModuleOtaFileChunkMsg  zc_protocol_controller.o
    0x08003088   0x00000048   Code   RO         4313    i.PCT_ModuleOtaFileEndMsg  zc_protocol_controller.o
    0x080030d0   0x00000090   Code   RO         4314    i.PCT_ReconnectCloud  zc_protocol_controller.o
    0x08003160   0x00000184   Code   RO         4315    i.PCT_RecvAccessMsg2  zc_protocol_controller.o
    0x080032e4   0x000000d8   Code   RO         4316    i.PCT_RecvAccessMsg4  zc_protocol_controller.o
    0x080033bc   0x00000024   Code   RO         4317    i.PCT_ResetNetWork  zc_protocol_controller.o
    0x080033e0   0x00000054   Code   RO         4318    i.PCT_Run           zc_protocol_controller.o
    0x08003434   0x00000040   Code   RO         4319    i.PCT_SendAckToCloud  zc_protocol_controller.o
    0x08003474   0x00000118   Code   RO         4320    i.PCT_SendCloudAccessMsg1  zc_protocol_controller.o
    0x0800358c   0x00000094   Code   RO         4321    i.PCT_SendCloudAccessMsg3  zc_protocol_controller.o
    0x08003620   0x00000036   Code   RO         4322    i.PCT_SendEmptyMsg  zc_protocol_controller.o
    0x08003656   0x00000002   PAD
    0x08003658   0x00000040   Code   RO         4323    i.PCT_SendErrorMsg  zc_protocol_controller.o
    0x08003698   0x00000048   Code   RO         4324    i.PCT_SendHeartMsg  zc_protocol_controller.o
    0x080036e0   0x00000090   Code   RO         4325    i.PCT_SendMoudleTimeout  zc_protocol_controller.o
    0x08003770   0x0000010c   Code   RO         4326    i.PCT_SendMsgToCloud  zc_protocol_controller.o
    0x0800387c   0x00000030   Code   RO         4327    i.PCT_SendNotifyMsg  zc_protocol_controller.o
    0x080038ac   0x00000090   Code   RO         4328    i.PCT_SendUnbindMsg  zc_protocol_controller.o
    0x0800393c   0x00000028   Code   RO         4329    i.PCT_SetTokenKey   zc_protocol_controller.o
    0x08003964   0x00000034   Code   RO         4331    i.PCT_WakeUp        zc_protocol_controller.o
    0x08003998   0x00000002   Code   RO          198    i.PendSV_Handler    stm32f10x_it.o
    0x0800399a   0x00000002   PAD
    0x0800399c   0x00000020   Code   RO          756    i.RCC_APB1PeriphClockCmd  stm32f10x_rcc.o
    0x080039bc   0x00000020   Code   RO          758    i.RCC_APB2PeriphClockCmd  stm32f10x_rcc.o
    0x080039dc   0x0000007c   Code   RO            5    i.RCC_Configuration  main.o
    0x08003a58   0x0000004c   Code   RO          765    i.RCC_DeInit        stm32f10x_rcc.o
    0x08003aa4   0x000000d4   Code   RO          766    i.RCC_GetClocksFreq  stm32f10x_rcc.o
    0x08003b78   0x0000003c   Code   RO          767    i.RCC_GetFlagStatus  stm32f10x_rcc.o
    0x08003bb4   0x00000010   Code   RO          769    i.RCC_GetSYSCLKSource  stm32f10x_rcc.o
    0x08003bc4   0x00000018   Code   RO          770    i.RCC_HCLKConfig    stm32f10x_rcc.o
    0x08003bdc   0x0000004c   Code   RO          771    i.RCC_HSEConfig     stm32f10x_rcc.o
    0x08003c28   0x00000018   Code   RO          777    i.RCC_PCLK1Config   stm32f10x_rcc.o
    0x08003c40   0x00000018   Code   RO          778    i.RCC_PCLK2Config   stm32f10x_rcc.o
    0x08003c58   0x0000000c   Code   RO          779    i.RCC_PLLCmd        stm32f10x_rcc.o
    0x08003c64   0x0000001c   Code   RO          780    i.RCC_PLLConfig     stm32f10x_rcc.o
    0x08003c80   0x00000018   Code   RO          783    i.RCC_SYSCLKConfig  stm32f10x_rcc.o
    0x08003c98   0x00000038   Code   RO          785    i.RCC_WaitForHSEStartUp  stm32f10x_rcc.o
    0x08003cd0   0x00000028   Code   RO         3460    i.Reset_W5500       util.o
    0x08003cf8   0x0000004c   Code   RO         4516    i.SEC_AesDecrypt    zc_sec_engine.o
    0x08003d44   0x0000004c   Code   RO         4517    i.SEC_AesEncrypt    zc_sec_engine.o
    0x08003d90   0x000000ac   Code   RO         4518    i.SEC_Decrypt       zc_sec_engine.o
    0x08003e3c   0x0000010c   Code   RO         4519    i.SEC_DecryptTextByRsa  zc_sec_engine.o
    0x08003f48   0x00000090   Code   RO         4520    i.SEC_Encrypt       zc_sec_engine.o
    0x08003fd8   0x000000d8   Code   RO         4521    i.SEC_EncryptTextByRsa  zc_sec_engine.o
    0x080040b0   0x0000009c   Code   RO         4522    i.SEC_InitRsaContextWithPrivateKey  zc_sec_engine.o
    0x0800414c   0x00000036   Code   RO         4523    i.SEC_InitRsaContextWithPublicKey  zc_sec_engine.o
    0x08004182   0x00000002   PAD
    0x08004184   0x00000084   Code   RO         4524    i.SEC_PaddingCheck  zc_sec_engine.o
    0x08004208   0x00000038   Code   RO         3910    i.SPI2_SendByte     spi2.o
    0x08004240   0x00000018   Code   RO         2482    i.SPI_Cmd           stm32f10x_spi.o
    0x08004258   0x00000012   Code   RO         2490    i.SPI_I2S_GetFlagStatus  stm32f10x_spi.o
    0x0800426a   0x00000006   Code   RO         2493    i.SPI_I2S_ReceiveData  stm32f10x_spi.o
    0x08004270   0x00000004   Code   RO         2494    i.SPI_I2S_SendData  stm32f10x_spi.o
    0x08004274   0x0000003c   Code   RO         2495    i.SPI_Init          stm32f10x_spi.o
    0x080042b0   0x00000002   Code   RO          199    i.SVC_Handler       stm32f10x_it.o
    0x080042b2   0x00000008   Code   RO         3417    i.SetSysClock       system_stm32f10x.o
    0x080042ba   0x00000002   PAD
    0x080042bc   0x000000dc   Code   RO         3418    i.SetSysClockTo72   system_stm32f10x.o
    0x08004398   0x000002b8   Code   RO         3461    i.Set_network       util.o
    0x08004650   0x00000028   Code   RO          434    i.SysTick_CLKSourceConfig  misc.o
    0x08004678   0x00000036   Code   RO          359    i.SysTick_CounterCmd  stm32f10x_systick.o
    0x080046ae   0x0000002e   Code   RO          361    i.SysTick_GetFlagStatus  stm32f10x_systick.o
    0x080046dc   0x00000002   Code   RO          200    i.SysTick_Handler   stm32f10x_it.o
    0x080046de   0x00000026   Code   RO          362    i.SysTick_ITConfig  stm32f10x_systick.o
    0x08004704   0x00000008   Code   RO          363    i.SysTick_SetReload  stm32f10x_systick.o
    0x0800470c   0x00000060   Code   RO         3420    i.SystemInit        system_stm32f10x.o
    0x0800476c   0x0000001c   Code   RO          201    i.TIM2_IRQHandler   stm32f10x_it.o
    0x08004788   0x00000002   Code   RO          202    i.TIM3_IRQHandler   stm32f10x_it.o
    0x0800478a   0x00000002   PAD
    0x0800478c   0x00000020   Code   RO         4577    i.TIMER_AllocateTimer  zc_timer.o
    0x080047ac   0x00000024   Code   RO         4578    i.TIMER_FindIdleTimer  zc_timer.o
    0x080047d0   0x00000010   Code   RO         4579    i.TIMER_GetTimerStatus  zc_timer.o
    0x080047e0   0x00000018   Code   RO         4580    i.TIMER_Init        zc_timer.o
    0x080047f8   0x00000020   Code   RO         4581    i.TIMER_StopTimer   zc_timer.o
    0x08004818   0x000000b8   Code   RO         4582    i.TIMER_TimeoutAction  zc_timer.o
    0x080048d0   0x00000006   Code   RO         2632    i.TIM_ClearITPendingBit  stm32f10x_tim.o
    0x080048d6   0x00000018   Code   RO         2637    i.TIM_Cmd           stm32f10x_tim.o
    0x080048ee   0x00000022   Code   RO         2658    i.TIM_GetITStatus   stm32f10x_tim.o
    0x08004910   0x00000012   Code   RO         2662    i.TIM_ITConfig      stm32f10x_tim.o
    0x08004922   0x00000006   Code   RO         2686    i.TIM_PrescalerConfig  stm32f10x_tim.o
    0x08004928   0x000000a4   Code   RO         2708    i.TIM_TimeBaseInit  stm32f10x_tim.o
    0x080049cc   0x00000010   Code   RO            6    i.Timer2_ISR        main.o
    0x080049dc   0x00000040   Code   RO            7    i.Timer_Configuration  main.o
    0x08004a1c   0x00000002   Code   RO          203    i.USART1_IRQHandler  stm32f10x_it.o
    0x08004a1e   0x00000002   Code   RO          204    i.USART2_IRQHandler  stm32f10x_it.o
    0x08004a20   0x00000054   Code   RO         3463    i.USART3_IRQHandler  util.o
    0x08004a74   0x0000004c   Code   RO         3464    i.USART3_Init       util.o
    0x08004ac0   0x00000012   Code   RO         3169    i.USART_ClearFlag   stm32f10x_usart.o
    0x08004ad2   0x00000018   Code   RO         3173    i.USART_Cmd         stm32f10x_usart.o
    0x08004aea   0x0000001a   Code   RO         3176    i.USART_GetFlagStatus  stm32f10x_usart.o
    0x08004b04   0x00000054   Code   RO         3177    i.USART_GetITStatus  stm32f10x_usart.o
    0x08004b58   0x0000004a   Code   RO         3179    i.USART_ITConfig    stm32f10x_usart.o
    0x08004ba2   0x00000002   PAD
    0x08004ba4   0x000000d8   Code   RO         3180    i.USART_Init        stm32f10x_usart.o
    0x08004c7c   0x0000000a   Code   RO         3187    i.USART_ReceiveData  stm32f10x_usart.o
    0x08004c86   0x00000008   Code   RO         3190    i.USART_SendData    stm32f10x_usart.o
    0x08004c8e   0x00000004   Code   RO          205    i.UsageFault_Handler  stm32f10x_it.o
    0x08004c92   0x00000002   PAD
    0x08004c94   0x00000024   Code   RO         3911    i.WIZ_CS            spi2.o
    0x08004cb8   0x00000008   Code   RO            8    i.WIZ_Config        main.o
    0x08004cc0   0x00000054   Code   RO         3912    i.WIZ_SPI_Init      spi2.o
    0x08004d14   0x00000020   Code   RO         4009    i.ZC_ClientInit     zc_client_manager.o
    0x08004d34   0x0000000c   Code   RO         4011    i.ZC_ClientWakeUp   zc_client_manager.o
    0x08004d40   0x00000080   Code   RO         4149    i.ZC_ConfigInitPara  zc_configuration.o
    0x08004dc0   0x00000114   Code   RO         4150    i.ZC_ConfigPara     zc_configuration.o
    0x08004ed4   0x00000024   Code   RO         4151    i.ZC_ConfigUnBind   zc_configuration.o
    0x08004ef8   0x0000006e   Code   RO         4259    i.ZC_DealExtCode    zc_moudle_manager.o
    0x08004f66   0x00000002   PAD
    0x08004f68   0x00000164   Code   RO         4260    i.ZC_DealSessionOpt  zc_moudle_manager.o
    0x080050cc   0x00000040   Code   RO         4152    i.ZC_GetStoreInfor  zc_configuration.o
    0x0800510c   0x00000054   Code   RO         4125    i.ZC_HexToString    zc_common.o
    0x08005160   0x000000c8   Code   RO         5025    i.ZC_Init           zc_adapter.o
    0x08005228   0x0000006a   Code   RO         4126    i.ZC_Rand           zc_common.o
    0x08005292   0x00000002   PAD
    0x08005294   0x0000018c   Code   RO         4262    i.ZC_RecvDataFromMoudle  zc_moudle_manager.o
    0x08005420   0x0000008c   Code   RO         3940    i.ZC_SendBc         zc_bc.o
    0x080054ac   0x0000003c   Code   RO         4153    i.ZC_StoreAccessInfo  zc_configuration.o
    0x080054e8   0x00000064   Code   RO         4155    i.ZC_StoreRegisterInfo  zc_configuration.o
    0x0800554c   0x00000028   Code   RO         4156    i.ZC_StoreTokenKey  zc_configuration.o
    0x08005574   0x0000003c   Code   RO         5026    i.ZC_TimerExpired   zc_adapter.o
    0x080055b0   0x00000130   Code   RO         4127    i.ZC_TraceData      zc_common.o
    0x080056e0   0x00000020   Code   RO         5575    i.__0printf         mc_w.l(printfa.o)
    0x08005700   0x0000000e   Code   RO         5675    i.__scatterload_copy  mc_w.l(handlers.o)
    0x0800570e   0x00000002   Code   RO         5676    i.__scatterload_null  mc_w.l(handlers.o)
    0x08005710   0x0000000e   Code   RO         5677    i.__scatterload_zeroinit  mc_w.l(handlers.o)
    0x0800571e   0x00000002   PAD
    0x08005720   0x0000015c   Code   RO         5582    i._fp_digits        mc_w.l(printfa.o)
    0x0800587c   0x000006f0   Code   RO         5583    i._printf_core      mc_w.l(printfa.o)
    0x08005f6c   0x00000026   Code   RO         5584    i._printf_post_padding  mc_w.l(printfa.o)
    0x08005f92   0x00000030   Code   RO         5585    i._printf_pre_padding  mc_w.l(printfa.o)
    0x08005fc2   0x00000034   Code   RO         3615    i.close             socket.o
    0x08005ff6   0x000000f8   Code   RO         3616    i.connect           socket.o
    0x080060ee   0x00000012   Code   RO         4906    i.crc16_ccitt       crc.o
    0x08006100   0x00000044   Code   RO         4907    i.crc_cal_by_bit    crc.o
    0x08006144   0x00000044   Code   RO          398    i.delay_init        systick.o
    0x08006188   0x00000054   Code   RO          399    i.delay_ms          systick.o
    0x080061dc   0x00000048   Code   RO          400    i.delay_us          systick.o
    0x08006224   0x00000026   Code   RO         3617    i.disconnect        socket.o
    0x0800624a   0x00000002   PAD
    0x0800624c   0x00000024   Code   RO         3467    i.fputc             util.o
    0x08006270   0x00000050   Code   RO         5603    i.free              mc_w.l(malloc.o)
    0x080062c0   0x00000010   Code   RO         3687    i.getGAR            w5500.o
    0x080062d0   0x00000010   Code   RO         3690    i.getIINCHIP_TxMAX  w5500.o
    0x080062e0   0x00000012   Code   RO         3693    i.getSHAR           w5500.o
    0x080062f2   0x00000012   Code   RO         3694    i.getSIPR           w5500.o
    0x08006304   0x00000012   Code   RO         3695    i.getSUBR           w5500.o
    0x08006316   0x00000012   Code   RO         3696    i.getSn_IR          w5500.o
    0x08006328   0x00000054   Code   RO         3697    i.getSn_RX_RSR      w5500.o
    0x0800637c   0x00000012   Code   RO         3698    i.getSn_SR          w5500.o
    0x0800638e   0x00000054   Code   RO         3699    i.getSn_TX_FSR      w5500.o
    0x080063e2   0x00000002   PAD
    0x080063e4   0x0000015c   Code   RO         5027    i.loopback_tcpc     zc_adapter.o
    0x08006540   0x000000f4   Code   RO            9    i.main              main.o
    0x08006634   0x0000006c   Code   RO         5604    i.malloc            mc_w.l(malloc.o)
    0x080066a0   0x000000e4   Code   RO         4622    i.mpi_add_abs       bignum.o
    0x08006784   0x0000006c   Code   RO         4624    i.mpi_add_mpi       bignum.o
    0x080067f0   0x00000096   Code   RO         4625    i.mpi_cmp_abs       bignum.o
    0x08006886   0x00000032   Code   RO         4626    i.mpi_cmp_int       bignum.o
    0x080068b8   0x000000b8   Code   RO         4627    i.mpi_cmp_mpi       bignum.o
    0x08006970   0x00000060   Code   RO         4628    i.mpi_copy          bignum.o
    0x080069d0   0x00000470   Code   RO         4630    i.mpi_div_mpi       bignum.o
    0x08006e40   0x00000390   Code   RO         4631    i.mpi_exp_mod       bignum.o
    0x080071d0   0x0000001e   Code   RO         4632    i.mpi_free          bignum.o
    0x080071ee   0x0000002e   Code   RO         4635    i.mpi_grow          bignum.o
    0x0800721c   0x0000001e   Code   RO         4636    i.mpi_init          bignum.o
    0x0800723a   0x00000040   Code   RO         4640    i.mpi_lset          bignum.o
    0x0800727a   0x00000060   Code   RO         4642    i.mpi_mod_mpi       bignum.o
    0x080072da   0x0000003a   Code   RO         4643    i.mpi_montg_init    bignum.o
    0x08007314   0x000000c2   Code   RO         4644    i.mpi_montmul       bignum.o
    0x080073d6   0x0000002a   Code   RO         4645    i.mpi_montred       bignum.o
    0x08007400   0x00000042   Code   RO         4646    i.mpi_msb           bignum.o
    0x08007442   0x00000d1e   Code   RO         4647    i.mpi_mul_hlp       bignum.o
    0x08008160   0x00000020   Code   RO         4648    i.mpi_mul_int       bignum.o
    0x08008180   0x000000de   Code   RO         4649    i.mpi_mul_mpi       bignum.o
    0x0800825e   0x000000a2   Code   RO         4650    i.mpi_read_binary   bignum.o
    0x08008300   0x000000ce   Code   RO         4651    i.mpi_shift_l       bignum.o
    0x080083ce   0x00000096   Code   RO         4652    i.mpi_shift_r       bignum.o
    0x08008464   0x00000010   Code   RO         4653    i.mpi_size          bignum.o
    0x08008474   0x0000008a   Code   RO         4654    i.mpi_sub_abs       bignum.o
    0x080084fe   0x00000064   Code   RO         4655    i.mpi_sub_hlp       bignum.o
    0x08008562   0x0000006c   Code   RO         4657    i.mpi_sub_mpi       bignum.o
    0x080085ce   0x00000064   Code   RO         4659    i.mpi_write_binary  bignum.o
    0x08008632   0x00000042   Code   RO         3619    i.recv              socket.o
    0x08008674   0x00000094   Code   RO         3702    i.recv_data_processing  w5500.o
    0x08008708   0x0000005e   Code   RO         4861    i.rsa_free          rsa.o
    0x08008766   0x0000002e   Code   RO         4862    i.rsa_init          rsa.o
    0x08008794   0x000000b8   Code   RO         4863    i.rsa_pkcs1_decrypt  rsa.o
    0x0800884c   0x00000098   Code   RO         4864    i.rsa_pkcs1_encrypt  rsa.o
    0x080088e4   0x0000011c   Code   RO         4865    i.rsa_private       rsa.o
    0x08008a00   0x00000088   Code   RO         4866    i.rsa_public        rsa.o
    0x08008a88   0x000000f0   Code   RO         3621    i.send              socket.o
    0x08008b78   0x00000094   Code   RO         3703    i.send_data_processing  w5500.o
    0x08008c0c   0x0000010c   Code   RO         3622    i.sendto            socket.o
    0x08008d18   0x00000010   Code   RO         3704    i.setGAR            w5500.o
    0x08008d28   0x00000010   Code   RO         3706    i.setRCR            w5500.o
    0x08008d38   0x0000001a   Code   RO         3707    i.setRTR            w5500.o
    0x08008d52   0x00000012   Code   RO         3708    i.setSHAR           w5500.o
    0x08008d64   0x00000012   Code   RO         3709    i.setSIPR           w5500.o
    0x08008d76   0x00000012   Code   RO         3710    i.setSUBR           w5500.o
    0x08008d88   0x000000c4   Code   RO         3623    i.socket            socket.o
    0x08008e4c   0x00000138   Code   RO         3713    i.sysinit           w5500.o
    0x08008f84   0x0000000c   Code   RO         3468    i.time_return       util.o
    0x08008f90   0x0000001a   Code   RO         5029    i.timer_expired     zc_adapter.o
    0x08008faa   0x00000010   Code   RO         5030    i.timer_set         zc_adapter.o
    0x08008fba   0x00000002   PAD
    0x08008fbc   0x0000006c   Code   RO         3714    i.wiz_read_buf      w5500.o
    0x08009028   0x0000006c   Code   RO         3715    i.wiz_write_buf     w5500.o
    0x08009094   0x00000053   Data   RO         4525    .constdata          zc_sec_engine.o
    0x080090e7   0x00000001   PAD
    0x080090e8   0x00002828   Data   RO         4976    .constdata          aes_core.o
    0x0800b910   0x00000020   Data   RO         5673    Region$$Table       anon$$obj.o


    Execution Region RW_IRAM1 (Base: 0x20000000, Size: 0x00004e78, Max: 0x00010000, ABSOLUTE, COMPRESSED[0x000000dc])

    Base Addr    Size         Type   Attr      Idx    E Section Name        Object

    0x20000000   0x00000044   Data   RW           11    .data               main.o
    0x20000044   0x00000005   Data   RW          401    .data               systick.o
    0x20000049   0x00000014   Data   RW          786    .data               stm32f10x_rcc.o
    0x2000005d   0x00000001   PAD
    0x2000005e   0x00000002   Data   RW         3624    .data               socket.o
    0x20000060   0x00000010   Data   RW         3942    .data               zc_bc.o
    0x20000070   0x00000034   Data   RW         4158    .data               zc_configuration.o
    0x200000a4   0x00000010   Data   RW         5032    .data               zc_adapter.o
    0x200000b4   0x00000004   PAD
    0x200000b8   0x00000098   Data   RW         5278    .data               ac_hal.o
    0x20000150   0x00000004   Data   RW         5332    .data               mc_w.l(rand.o)
    0x20000154   0x00000004   Data   RW         5645    .data               mc_w.l(stdout.o)
    0x20000158   0x00000004   Data   RW         5650    .data               mc_w.l(mvars.o)
    0x2000015c   0x00000004   Data   RW         5651    .data               mc_w.l(mvars.o)
    0x20000160   0x00001017   Zero   RW           10    .bss                main.o
    0x20001177   0x00000001   PAD
    0x20001178   0x00000020   Zero   RW         3716    .bss                w5500.o
    0x20001198   0x00000028   Zero   RW         4016    .bss                zc_client_manager.o
    0x200011c0   0x000001b8   Zero   RW         4157    .bss                zc_configuration.o
    0x20001378   0x0000008c   Zero   RW         4332    .bss                zc_protocol_controller.o
    0x20001404   0x00000050   Zero   RW         4583    .bss                zc_timer.o
    0x20001454   0x00001868   Zero   RW         4660    .bss                bignum.o
    0x20002cbc   0x00000148   Zero   RW         4867    .bss                rsa.o
    0x20002e04   0x00001744   Zero   RW         5031    .bss                zc_adapter.o
    0x20004548   0x0000012c   Zero   RW         5215    .bss                ac_api.o
    0x20004674   0x00000004   PAD
    0x20004678   0x00000400   Zero   RW         3452    HEAP                startup_stm32f10x_hd.o
    0x20004a78   0x00000400   Zero   RW         3451    STACK               startup_stm32f10x_hd.o


==============================================================================

Image component sizes


      Code (inc. data)   RO Data    RW Data    ZI Data      Debug   Object Name

       542         10          0          0        300       5149   ac_api.o
       404         96          0        152          0       4431   ac_hal.o
       614          0          0          0          0       4579   aes_cbc.o
      3564         68      10280          0          0       4696   aes_core.o
      8082         54          0          0       6248      24204   bignum.o
         0          0          0          0          0         32   core_cm3.o
        86          4          0          0          0       1219   crc.o
        44          6          0          0          0        461   led.o
       804        158          0         68       4119     244720   main.o
       196         32          0          0          0       2643   misc.o
       896         38          0          0        328       5323   rsa.o
      1108         26          0          2          0       4767   socket.o
       176         16          0          0          0       1480   spi2.o
        36          8        304          0       2048        852   startup_stm32f10x_hd.o
       250         22          0          0          0       4417   stm32f10x_flash.o
       282          0          0          0          0       3064   stm32f10x_gpio.o
        60          0          0          0          0     268262   stm32f10x_it.o
       696         92          0         20          0      10566   stm32f10x_rcc.o
       112          0          0          0          0       3874   stm32f10x_spi.o
       146          0          0          0          0       2052   stm32f10x_systick.o
       252         42          0          0          0       4196   stm32f10x_tim.o
       460          6          0          0          0       6743   stm32f10x_usart.o
       324         26          0          0          0       1765   system_stm32f10x.o
       224         34          0          5          0       1707   systick.o
       968        350          0          0          0       5554   util.o
      1366        130          0          0         32      13898   w5500.o
      1374        296          0         16       5956      19541   zc_adapter.o
       140         24          0         16          0      14408   zc_bc.o
        44          8          0          0         40       1141   zc_client_manager.o
       556          6          0          0          0       4740   zc_cloud_event.o
       494        188          0          0          0       2206   zc_common.o
       704        100          0         52        440       5882   zc_configuration.o
       792         68          0          0          0       4899   zc_message_queue.o
       862         26          0          0          0       3994   zc_moudle_manager.o
      4340        930          0          0        140      26498   zc_protocol_controller.o
      1294         96         83          0          0       7544   zc_sec_engine.o
       324        100          0          0         80       3698   zc_timer.o

    ----------------------------------------------------------------------
     32662       3060      10700        336      19736     725205   Object Totals
         0          0         32          0          0          0   (incl. Generated)
        46          0          1          5          5          0   (incl. Padding)

    ----------------------------------------------------------------------

      Code (inc. data)   RO Data    RW Data    ZI Data      Debug   Library Member Name

        92          0          0          0          0          0   __dczerorl2.o
         0          0          0          0          0          0   entry.o
         0          0          0          0          0          0   entry10a.o
         0          0          0          0          0          0   entry11a.o
         8          4          0          0          0          0   entry2.o
         4          0          0          0          0          0   entry5.o
         0          0          0          0          0          0   entry7b.o
         0          0          0          0          0          0   entry8b.o
         8          4          0          0          0          0   entry9a.o
        30          0          0          0          0          0   handlers.o
        36          8          0          0          0         68   init.o
         0          0          0          0          0          0   iusefp.o
        30          0          0          0          0         68   llshl.o
        36          0          0          0          0         68   llsshr.o
        32          0          0          0          0         68   llushr.o
       188         20          0          0          0        160   malloc.o
        26          0          0          0          0         80   memcmp.o
        36          0          0          0          0         68   memcpya.o
        36          0          0          0          0        108   memseta.o
         0          0          0          8          0          0   mvars.o
      2242         90          0          0          0        444   printfa.o
        36         10          0          4          0        136   rand.o
         0          0          0          4          0          0   stdout.o
        44          0          0          0          0         80   uidiv.o
        98          0          0          0          0         92   uldiv.o
        40          2          0          0          0         68   cdrcmple.o
       334          0          0          0          0        148   dadd.o
       222          0          0          0          0        100   ddiv.o
       190          0          0          0          0        176   depilogue.o
        48          0          0          0          0         68   dfixul.o
       228          0          0          0          0         96   dmul.o

    ----------------------------------------------------------------------
      4046        138          0         16          0       2096   Library Totals
         2          0          0          0          0          0   (incl. Padding)

    ----------------------------------------------------------------------

      Code (inc. data)   RO Data    RW Data    ZI Data      Debug   Library Name

      2982        136          0         16          0       1440   mc_w.l
      1062          2          0          0          0        656   mf_w.l

    ----------------------------------------------------------------------
      4046        138          0         16          0       2096   Library Totals

    ----------------------------------------------------------------------

==============================================================================


      Code (inc. data)   RO Data    RW Data    ZI Data      Debug   

     36708       3198      10700        352      19736     712117   Grand Totals
     36708       3198      10700        220      19736     712117   ELF Image Totals (compressed)
     36708       3198      10700        220          0          0   ROM Totals

==============================================================================

    Total RO  Size (Code + RO Data)                47408 (  46.30kB)
    Total RW  Size (RW Data + ZI Data)             20088 (  19.62kB)
    Total ROM Size (Code + RO Data + RW Data)      47628 (  46.51kB)

==============================================================================

