<html>
<body>
<pre>
<h1>µVision Build Log</h1>
<h2>Project:</h2>
D:\IOT\W5500\AbleCloud_W5500\MDK-ARM\Project.uvproj
Project File Date:  01/18/2016

<h2>Output:</h2>
Build target 'Multi Media Development Board V1.0'
compiling main.c...
compiling stm32f10x_it.c...
compiling util.c...
compiling socket.c...
compiling SPI2.c...
compiling zc_adapter.c...
compiling dhcp.c...
compiling dns.c...
linking...
Program Size: Code=45424 RO-data=10708 RW-data=444 ZI-data=16708  
FromELF: creating hex file...
".\Obj\Project.axf" - 0 Errors, 0 Warning(s).
Build target 'Multi Media Development Board V1.0'
compiling main.c...
compiling stm32f10x_it.c...
compiling util.c...
compiling socket.c...
compiling SPI2.c...
compiling zc_adapter.c...
compiling dhcp.c...
compiling dns.c...
linking...
Program Size: Code=45508 RO-data=10708 RW-data=444 ZI-data=16708  
FromELF: creating hex file...
".\Obj\Project.axf" - 0 Errors, 0 Warning(s).
Build target 'Multi Media Development Board V1.0'
compiling dhcp.c...
linking...
Program Size: Code=45508 RO-data=10708 RW-data=444 ZI-data=16708  
FromELF: creating hex file...
".\Obj\Project.axf" - 0 Errors, 0 Warning(s).
Load "D:\\IOT\\W5500\\AbleCloud_W5500\\MDK-ARM\\Obj\\Project.axf" 
Set JLink Project File to "D:\IOT\W5500\AbleCloud_W5500\MDK-ARM\JLinkSettings.ini"
* JLink Info: Device "STM32F103RE" selected (512 KB flash, 64 KB RAM).
 
JLink info:
------------
DLL: V4.68a, compiled Apr 12 2013 13:26:50
Firmware: J-Link V9 compiled Jul 28 2014 08:23:29
Hardware: V9.00
Feature(s) : GDB, RDI, FlashBP, FlashDL, JFlash 
 
* JLink Info: Found SWD-DP with ID 0x1BA01477
* JLink Info: Found SWD-DP with ID 0x1BA01477
* JLink Info: TPIU fitted.
* JLink Info: ETM fitted.
* JLink Info: FPUnit: 6 code (BP) slots and 2 literal slots
* JLink Info: Found Cortex-M3 r1p1, Little endian.
ROMTableAddr = 0xE00FF003
 
Target info:
------------
Device: STM32F103RE
VTarget = 3.306V
State of Pins: 
TCK: 0, TDI: 1, TDO: 0, TMS: 1, TRES: 1, TRST: 1
Hardware-Breakpoints: 6
Software-Breakpoints: 8192
Watchpoints:          4
JTAG speed: 2000 kHz
 
Erase Done.
Programming Done.
Verify OK.
Application running ...
Clean started: Project: 'Project'
   deleting intermediate output files for target 'Multi Media Development Board V1.0'
Build target 'Multi Media Development Board V1.0'
compiling main.c...
compiling stm32f10x_it.c...
compiling led.c...
compiling stm32f10x_systick.c...
compiling systick.c...
compiling misc.c...
compiling stm32f10x_flash.c...
compiling stm32f10x_gpio.c...
compiling stm32f10x_rcc.c...
compiling stm32f10x_adc.c...
compiling stm32f10x_bkp.c...
compiling stm32f10x_can.c...
compiling stm32f10x_cec.c...
compiling stm32f10x_crc.c...
compiling stm32f10x_dac.c...
compiling stm32f10x_dbgmcu.c...
compiling stm32f10x_dma.c...
compiling stm32f10x_exti.c...
compiling stm32f10x_fsmc.c...
compiling stm32f10x_i2c.c...
compiling stm32f10x_iwdg.c...
compiling stm32f10x_pwr.c...
compiling stm32f10x_rtc.c...
compiling stm32f10x_sdio.c...
compiling stm32f10x_spi.c...
compiling stm32f10x_tim.c...
compiling stm32f10x_usart.c...
compiling stm32f10x_wwdg.c...
compiling core_cm3.c...
compiling system_stm32f10x.c...
assembling startup_stm32f10x_hd.s...
compiling util.c...
compiling md5.c...
compiling socket.c...
compiling w5500.c...
compiling SPI2.c...
compiling zc_bc.c...
compiling zc_client_manager.c...
compiling zc_cloud_event.c...
compiling zc_common.c...
compiling zc_configuration.c...
compiling zc_message_queue.c...
compiling zc_moudle_manager.c...
compiling zc_protocol_controller.c...
compiling zc_sec_engine.c...
compiling zc_timer.c...
compiling bignum.c...
compiling rsa.c...
compiling crc.c...
compiling aes_cbc.c...
compiling aes_core.c...
compiling zc_adapter.c...
compiling ac_api.c...
compiling ac_hal.c...
compiling dhcp.c...
compiling dns.c...
linking...
Program Size: Code=45508 RO-data=10708 RW-data=448 ZI-data=17552  
FromELF: creating hex file...
".\Obj\Project.axf" - 0 Errors, 0 Warning(s).
Load "D:\\IOT\\W5500\\AbleCloud_W5500\\MDK-ARM\\Obj\\Project.axf" 
Set JLink Project File to "D:\IOT\W5500\AbleCloud_W5500\MDK-ARM\JLinkSettings.ini"
* JLink Info: Device "STM32F103RE" selected (512 KB flash, 64 KB RAM).
 
JLink info:
------------
DLL: V4.68a, compiled Apr 12 2013 13:26:50
Firmware: J-Link V9 compiled Jul 28 2014 08:23:29
Hardware: V9.00
Feature(s) : GDB, RDI, FlashBP, FlashDL, JFlash 
 
* JLink Info: Found SWD-DP with ID 0x1BA01477
* JLink Info: Found SWD-DP with ID 0x1BA01477
* JLink Info: TPIU fitted.
* JLink Info: ETM fitted.
* JLink Info: FPUnit: 6 code (BP) slots and 2 literal slots
* JLink Info: Found Cortex-M3 r1p1, Little endian.
ROMTableAddr = 0xE00FF003
 
Target info:
------------
Device: STM32F103RE
VTarget = 3.306V
State of Pins: 
TCK: 0, TDI: 1, TDO: 0, TMS: 1, TRES: 1, TRST: 1
Hardware-Breakpoints: 6
Software-Breakpoints: 8192
Watchpoints:          4
JTAG speed: 2000 kHz
 
Erase Done.
Programming Done.
Verify OK.
Application running ...
Build target 'Multi Media Development Board V1.0'
compiling main.c...
compiling stm32f10x_it.c...
compiling led.c...
compiling stm32f10x_systick.c...
compiling systick.c...
compiling misc.c...
compiling stm32f10x_flash.c...
compiling stm32f10x_gpio.c...
compiling stm32f10x_rcc.c...
compiling stm32f10x_adc.c...
compiling stm32f10x_bkp.c...
compiling stm32f10x_can.c...
compiling stm32f10x_cec.c...
compiling stm32f10x_crc.c...
compiling stm32f10x_dac.c...
compiling stm32f10x_dbgmcu.c...
compiling stm32f10x_dma.c...
compiling stm32f10x_exti.c...
compiling stm32f10x_fsmc.c...
compiling stm32f10x_i2c.c...
compiling stm32f10x_iwdg.c...
compiling stm32f10x_pwr.c...
compiling stm32f10x_rtc.c...
compiling stm32f10x_sdio.c...
compiling stm32f10x_spi.c...
compiling stm32f10x_tim.c...
compiling stm32f10x_usart.c...
compiling stm32f10x_wwdg.c...
compiling core_cm3.c...
compiling system_stm32f10x.c...
compiling util.c...
compiling md5.c...
compiling socket.c...
compiling w5500.c...
compiling SPI2.c...
compiling zc_bc.c...
compiling zc_client_manager.c...
..\USER\APPs\ZC\src\zc\zc_client_manager.c(201): warning: C4017W: struOpt may be used before being set
compiling zc_cloud_event.c...
compiling zc_common.c...
compiling zc_configuration.c...
compiling zc_message_queue.c...
compiling zc_moudle_manager.c...
..\USER\APPs\ZC\src\zc\zc_moudle_manager.c(32): warning: C4017W: struSecHead may be used before being set
compiling zc_protocol_controller.c...
compiling zc_sec_engine.c...
..\USER\APPs\ZC\src\zc\zc_sec_engine.c(23): warning: C4017W: s32Ret may be used before being set
..\USER\APPs\ZC\src\zc\zc_sec_engine.c(89): warning: C4017W: s32Ret may be used before being set
compiling zc_timer.c...
compiling bignum.c...
compiling rsa.c...
compiling crc.c...
compiling aes_cbc.c...
compiling aes_core.c...
compiling zc_adapter.c...
compiling ac_api.c...
compiling ac_hal.c...
compiling dhcp.c...
compiling dns.c...
linking...
Program Size: Code=37196 RO-data=10736 RW-data=416 ZI-data=16920  
FromELF: creating hex file...
".\Obj\Project.axf" - 0 Errors, 4 Warning(s).
Build target 'Multi Media Development Board V1.0'
compiling main.c...
compiling util.c...
compiling dhcp.c...
linking...
Program Size: Code=37160 RO-data=10736 RW-data=408 ZI-data=16920  
FromELF: creating hex file...
".\Obj\Project.axf" - 0 Errors, 0 Warning(s).
Build target 'Multi Media Development Board V1.0'
compiling dhcp.c...
linking...
Program Size: Code=37160 RO-data=10736 RW-data=408 ZI-data=16920  
FromELF: creating hex file...
".\Obj\Project.axf" - 0 Errors, 0 Warning(s).
Load "D:\\IOT\\W5500\\AbleCloud_W5500\\MDK-ARM\\Obj\\Project.axf" 
Set JLink Project File to "D:\IOT\W5500\AbleCloud_W5500\MDK-ARM\JLinkSettings.ini"
* JLink Info: Device "STM32F103RE" selected (512 KB flash, 64 KB RAM).
 
JLink info:
------------
DLL: V4.68a, compiled Apr 12 2013 13:26:50
Firmware: J-Link V9 compiled Jul 28 2014 08:23:29
Hardware: V9.00
Feature(s) : GDB, RDI, FlashBP, FlashDL, JFlash 
 
* JLink Info: Found SWD-DP with ID 0x1BA01477
* JLink Info: Found SWD-DP with ID 0x1BA01477
* JLink Info: TPIU fitted.
* JLink Info: ETM fitted.
* JLink Info: FPUnit: 6 code (BP) slots and 2 literal slots
* JLink Info: Found Cortex-M3 r1p1, Little endian.
ROMTableAddr = 0xE00FF003
 
Target info:
------------
Device: STM32F103RE
VTarget = 3.306V
State of Pins: 
TCK: 0, TDI: 1, TDO: 0, TMS: 1, TRES: 1, TRST: 1
Hardware-Breakpoints: 6
Software-Breakpoints: 8192
Watchpoints:          4
JTAG speed: 2000 kHz
 
Erase Done.
Programming Done.
Verify OK.
Application running ...
Clean started: Project: 'Project'
   deleting intermediate output files for target 'Multi Media Development Board V1.0'
Build target 'Multi Media Development Board V1.0'
compiling main.c...
compiling stm32f10x_it.c...
compiling led.c...
compiling stm32f10x_systick.c...
compiling systick.c...
compiling misc.c...
compiling stm32f10x_flash.c...
compiling stm32f10x_gpio.c...
compiling stm32f10x_rcc.c...
compiling stm32f10x_adc.c...
compiling stm32f10x_bkp.c...
compiling stm32f10x_can.c...
compiling stm32f10x_cec.c...
compiling stm32f10x_crc.c...
compiling stm32f10x_dac.c...
compiling stm32f10x_dbgmcu.c...
compiling stm32f10x_dma.c...
compiling stm32f10x_exti.c...
compiling stm32f10x_fsmc.c...
compiling stm32f10x_i2c.c...
compiling stm32f10x_iwdg.c...
compiling stm32f10x_pwr.c...
compiling stm32f10x_rtc.c...
compiling stm32f10x_sdio.c...
compiling stm32f10x_spi.c...
compiling stm32f10x_tim.c...
compiling stm32f10x_usart.c...
compiling stm32f10x_wwdg.c...
compiling core_cm3.c...
compiling system_stm32f10x.c...
assembling startup_stm32f10x_hd.s...
compiling util.c...
compiling md5.c...
compiling socket.c...
compiling w5500.c...
compiling SPI2.c...
compiling zc_bc.c...
compiling zc_client_manager.c...
..\USER\APPs\ZC\src\zc\zc_client_manager.c(201): warning: C4017W: struOpt may be used before being set
compiling zc_cloud_event.c...
compiling zc_common.c...
compiling zc_configuration.c...
compiling zc_message_queue.c...
compiling zc_moudle_manager.c...
..\USER\APPs\ZC\src\zc\zc_moudle_manager.c(32): warning: C4017W: struSecHead may be used before being set
compiling zc_protocol_controller.c...
compiling zc_sec_engine.c...
..\USER\APPs\ZC\src\zc\zc_sec_engine.c(23): warning: C4017W: s32Ret may be used before being set
..\USER\APPs\ZC\src\zc\zc_sec_engine.c(89): warning: C4017W: s32Ret may be used before being set
compiling zc_timer.c...
compiling bignum.c...
compiling rsa.c...
compiling crc.c...
compiling aes_cbc.c...
compiling aes_core.c...
compiling zc_adapter.c...
compiling ac_api.c...
compiling ac_hal.c...
compiling dhcp.c...
compiling dns.c...
linking...
Program Size: Code=37160 RO-data=10736 RW-data=408 ZI-data=16920  
FromELF: creating hex file...
".\Obj\Project.axf" - 0 Errors, 4 Warning(s).
Clean started: Project: 'Project'
   deleting intermediate output files for target 'Multi Media Development Board V1.0'
