<html>
<body>
<pre>
<h1>µVision Build Log</h1>
<h2>Project:</h2>
D:\IOT\W5500\AbleCloud_W5500\MDK-ARM\Project.uvproj
Project File Date:  09/12/2015

<h2>Output:</h2>
Build target 'Multi Media Development Board V1.0'
linking...
Program Size: Code=36708 RO-data=10700 RW-data=352 ZI-data=19736  
FromELF: creating hex file...
".\Obj\Project.axf" - 0 Errors, 0 Warning(s).
Build target 'Multi Media Development Board V1.0'
compiling main.c...
..\include\W5500\socket.h(16): warning:  #47-D: incompatible redefinition of macro "SOCK_DHCP" (declared at line 91 of "..\include\config.h")
..\include\W5500\socket.h(17): warning:  #47-D: incompatible redefinition of macro "SOCK_DNS" (declared at line 90 of "..\include\config.h")
..\USER\main.c(127): warning:  #223-D: function "ZC_Init" declared implicitly
..\USER\main.c(145): warning:  #223-D: function "HF_Cloudfunc" declared implicitly
linking...
Program Size: Code=36708 RO-data=10700 RW-data=352 ZI-data=19736  
FromELF: creating hex file...
".\Obj\Project.axf" - 0 Errors, 4 Warning(s).
Build target 'Multi Media Development Board V1.0'
compiling main.c...
..\include\W5500\socket.h(16): warning:  #47-D: incompatible redefinition of macro "SOCK_DHCP" (declared at line 91 of "..\include\config.h")
..\include\W5500\socket.h(17): warning:  #47-D: incompatible redefinition of macro "SOCK_DNS" (declared at line 90 of "..\include\config.h")
..\USER\main.c(127): warning:  #223-D: function "ZC_Init" declared implicitly
..\USER\main.c(130): error:  #29: expected an expression
..\USER\main.c(130): error:  #140: too many arguments in function call
..\USER\main.c(145): warning:  #223-D: function "HF_Cloudfunc" declared implicitly
".\Obj\Project.axf" - 2 Errors, 4 Warning(s).
Target not created
Build target 'Multi Media Development Board V1.0'
compiling main.c...
..\include\W5500\socket.h(16): warning:  #47-D: incompatible redefinition of macro "SOCK_DHCP" (declared at line 91 of "..\include\config.h")
..\include\W5500\socket.h(17): warning:  #47-D: incompatible redefinition of macro "SOCK_DNS" (declared at line 90 of "..\include\config.h")
..\USER\main.c(127): warning:  #223-D: function "ZC_Init" declared implicitly
..\USER\main.c(145): warning:  #223-D: function "HF_Cloudfunc" declared implicitly
linking...
Program Size: Code=36960 RO-data=10700 RW-data=352 ZI-data=19736  
FromELF: creating hex file...
".\Obj\Project.axf" - 0 Errors, 4 Warning(s).
Load "D:\\IOT\\W5500\\AbleCloud_W5500\\MDK-ARM\\Obj\\Project.axf" 
Set JLink Project File to "D:\IOT\W5500\AbleCloud_W5500\MDK-ARM\JLinkSettings.ini"
* JLink Info: Device "STM32F103RE" selected (512 KB flash, 64 KB RAM).
 
JLink info:
------------
DLL: V4.68a, compiled Apr 12 2013 13:26:50
Firmware: J-Link V9 compiled Jul 28 2014 08:23:29
Hardware: V9.00
Feature(s) : GDB, RDI, FlashBP, FlashDL, JFlash 
 
* JLink Info: Found SWD-DP with ID 0x1BA01477
* JLink Info: Found SWD-DP with ID 0x1BA01477
* JLink Info: TPIU fitted.
* JLink Info: ETM fitted.
* JLink Info: FPUnit: 6 code (BP) slots and 2 literal slots
* JLink Info: Found Cortex-M3 r1p1, Little endian.
ROMTableAddr = 0xE00FF003
 
Target info:
------------
Device: STM32F103RE
VTarget = 3.304V
State of Pins: 
TCK: 0, TDI: 1, TDO: 0, TMS: 1, TRES: 1, TRST: 1
Hardware-Breakpoints: 6
Software-Breakpoints: 8192
Watchpoints:          4
JTAG speed: 2000 kHz
 
Erase Done.
Programming Done.
Verify OK.
Application running ...
Build target 'Multi Media Development Board V1.0'
compiling main.c...
..\include\W5500\socket.h(16): warning:  #47-D: incompatible redefinition of macro "SOCK_DHCP" (declared at line 91 of "..\include\config.h")
..\include\W5500\socket.h(17): warning:  #47-D: incompatible redefinition of macro "SOCK_DNS" (declared at line 90 of "..\include\config.h")
..\USER\main.c(127): warning:  #223-D: function "ZC_Init" declared implicitly
..\USER\main.c(145): warning:  #223-D: function "HF_Cloudfunc" declared implicitly
linking...
Program Size: Code=36960 RO-data=10700 RW-data=352 ZI-data=19736  
FromELF: creating hex file...
".\Obj\Project.axf" - 0 Errors, 4 Warning(s).
Load "D:\\IOT\\W5500\\AbleCloud_W5500\\MDK-ARM\\Obj\\Project.axf" 
Set JLink Project File to "D:\IOT\W5500\AbleCloud_W5500\MDK-ARM\JLinkSettings.ini"
* JLink Info: Device "STM32F103RE" selected (512 KB flash, 64 KB RAM).
 
JLink info:
------------
DLL: V4.68a, compiled Apr 12 2013 13:26:50
Firmware: J-Link V9 compiled Jul 28 2014 08:23:29
Hardware: V9.00
Feature(s) : GDB, RDI, FlashBP, FlashDL, JFlash 
 
* JLink Info: Found SWD-DP with ID 0x1BA01477
* JLink Info: Found SWD-DP with ID 0x1BA01477
* JLink Info: TPIU fitted.
* JLink Info: ETM fitted.
* JLink Info: FPUnit: 6 code (BP) slots and 2 literal slots
* JLink Info: Found Cortex-M3 r1p1, Little endian.
ROMTableAddr = 0xE00FF003
 
Target info:
------------
Device: STM32F103RE
VTarget = 3.306V
State of Pins: 
TCK: 0, TDI: 1, TDO: 0, TMS: 1, TRES: 1, TRST: 1
Hardware-Breakpoints: 6
Software-Breakpoints: 8192
Watchpoints:          4
JTAG speed: 2000 kHz
 
Erase Done.
Programming Done.
Verify OK.
Application running ...
